[2024-11-18T18:48:57.685+0100][gc,init] CardTable entry size: 512
[2024-11-18T18:48:57.685+0100][gc     ] Using G1
[2024-11-18T18:48:57.688+0100][gc,init] Version: 22.0.1+8 (release)
[2024-11-18T18:48:57.688+0100][gc,init] CPUs: 8 total, 8 available
[2024-11-18T18:48:57.688+0100][gc,init] Memory: 8192M
[2024-11-18T18:48:57.688+0100][gc,init] Large Page Support: Disabled
[2024-11-18T18:48:57.688+0100][gc,init] NUMA Support: Disabled
[2024-11-18T18:48:57.688+0100][gc,init] Compressed Oops: Enabled (Zero based)
[2024-11-18T18:48:57.688+0100][gc,init] Heap Region Size: 1M
[2024-11-18T18:48:57.688+0100][gc,init] Heap Min Capacity: 1G
[2024-11-18T18:48:57.688+0100][gc,init] Heap Initial Capacity: 1G
[2024-11-18T18:48:57.688+0100][gc,init] Heap Max Capacity: 1G
[2024-11-18T18:48:57.688+0100][gc,init] Pre-touch: Disabled
[2024-11-18T18:48:57.688+0100][gc,init] Parallel Workers: 8
[2024-11-18T18:48:57.688+0100][gc,init] Concurrent Workers: 2
[2024-11-18T18:48:57.688+0100][gc,init] Concurrent Refinement Workers: 8
[2024-11-18T18:48:57.688+0100][gc,init] Periodic GC: Disabled
[2024-11-18T18:48:57.688+0100][gc,metaspace] CDS archive(s) not mapped
[2024-11-18T18:48:57.688+0100][gc,metaspace] Compressed class space mapped at: 0x0000000142000000-0x0000000182000000, reserved size: 1073741824
[2024-11-18T18:48:57.688+0100][gc,metaspace] Narrow klass base: 0x0000000000000000, Narrow klass shift: 3, Narrow klass range: 0x182000000
[2024-11-18T18:48:58.838+0100][gc,start    ] GC(0) Pause Young (Concurrent Start) (Metadata GC Threshold)
[2024-11-18T18:48:58.838+0100][gc,task     ] GC(0) Using 8 workers of 8 for evacuation
[2024-11-18T18:48:58.854+0100][gc,phases   ] GC(0)   Pre Evacuate Collection Set: 0.21ms
[2024-11-18T18:48:58.854+0100][gc,phases   ] GC(0)   Merge Heap Roots: 0.06ms
[2024-11-18T18:48:58.854+0100][gc,phases   ] GC(0)   Evacuate Collection Set: 14.50ms
[2024-11-18T18:48:58.854+0100][gc,phases   ] GC(0)   Post Evacuate Collection Set: 0.32ms
[2024-11-18T18:48:58.854+0100][gc,phases   ] GC(0)   Other: 0.64ms
[2024-11-18T18:48:58.854+0100][gc,heap     ] GC(0) Eden regions: 37->0(44)
[2024-11-18T18:48:58.854+0100][gc,heap     ] GC(0) Survivor regions: 0->7(7)
[2024-11-18T18:48:58.854+0100][gc,heap     ] GC(0) Old regions: 0->2
[2024-11-18T18:48:58.854+0100][gc,heap     ] GC(0) Humongous regions: 0->0
[2024-11-18T18:48:58.854+0100][gc,metaspace] GC(0) Metaspace: 21337K(21504K)->21337K(21504K) NonClass: 19101K(19200K)->19101K(19200K) Class: 2235K(2304K)->2235K(2304K)
[2024-11-18T18:48:58.854+0100][gc          ] GC(0) Pause Young (Concurrent Start) (Metadata GC Threshold) 36M->8M(1024M) 16.026ms
[2024-11-18T18:48:58.854+0100][gc,cpu      ] GC(0) User=0.02s Sys=0.01s Real=0.02s
[2024-11-18T18:48:58.854+0100][gc          ] GC(1) Concurrent Mark Cycle
[2024-11-18T18:48:58.854+0100][gc,marking  ] GC(1) Concurrent Scan Root Regions
[2024-11-18T18:48:58.857+0100][gc,marking  ] GC(1) Concurrent Scan Root Regions 3.101ms
[2024-11-18T18:48:58.858+0100][gc,marking  ] GC(1) Concurrent Mark
[2024-11-18T18:48:58.858+0100][gc,marking  ] GC(1) Concurrent Mark From Roots
[2024-11-18T18:48:58.859+0100][gc,task     ] GC(1) Using 2 workers of 2 for marking
[2024-11-18T18:48:58.860+0100][gc,marking  ] GC(1) Concurrent Mark From Roots 1.455ms
[2024-11-18T18:48:58.860+0100][gc,marking  ] GC(1) Concurrent Preclean
[2024-11-18T18:48:58.861+0100][gc,marking  ] GC(1) Concurrent Preclean 0.664ms
[2024-11-18T18:48:58.861+0100][gc,start    ] GC(1) Pause Remark
[2024-11-18T18:48:58.866+0100][gc          ] GC(1) Pause Remark 9M->9M(1024M) 4.901ms
[2024-11-18T18:48:58.866+0100][gc,cpu      ] GC(1) User=0.01s Sys=0.00s Real=0.00s
[2024-11-18T18:48:58.867+0100][gc,marking  ] GC(1) Concurrent Mark 9.399ms
[2024-11-18T18:48:58.867+0100][gc,marking  ] GC(1) Concurrent Rebuild Remembered Sets and Scrub Regions
[2024-11-18T18:48:58.872+0100][gc,marking  ] GC(1) Concurrent Rebuild Remembered Sets and Scrub Regions 4.605ms
[2024-11-18T18:48:58.872+0100][gc,start    ] GC(1) Pause Cleanup
[2024-11-18T18:48:58.872+0100][gc          ] GC(1) Pause Cleanup 9M->9M(1024M) 0.046ms
[2024-11-18T18:48:58.872+0100][gc,cpu      ] GC(1) User=0.00s Sys=0.00s Real=0.00s
[2024-11-18T18:48:58.872+0100][gc,marking  ] GC(1) Concurrent Clear Claimed Marks
[2024-11-18T18:48:58.872+0100][gc,marking  ] GC(1) Concurrent Clear Claimed Marks 0.010ms
[2024-11-18T18:48:58.872+0100][gc,marking  ] GC(1) Concurrent Cleanup for Next Mark
[2024-11-18T18:48:58.875+0100][gc,marking  ] GC(1) Concurrent Cleanup for Next Mark 3.151ms
[2024-11-18T18:48:58.875+0100][gc          ] GC(1) Concurrent Mark Cycle 21.015ms
[2024-11-18T18:49:00.044+0100][gc,start    ] GC(2) Pause Young (Normal) (G1 Evacuation Pause)
[2024-11-18T18:49:00.044+0100][gc,task     ] GC(2) Using 8 workers of 8 for evacuation
[2024-11-18T18:49:00.057+0100][gc,phases   ] GC(2)   Pre Evacuate Collection Set: 0.17ms
[2024-11-18T18:49:00.057+0100][gc,phases   ] GC(2)   Merge Heap Roots: 1.31ms
[2024-11-18T18:49:00.057+0100][gc,phases   ] GC(2)   Evacuate Collection Set: 10.83ms
[2024-11-18T18:49:00.057+0100][gc,phases   ] GC(2)   Post Evacuate Collection Set: 0.48ms
[2024-11-18T18:49:00.057+0100][gc,phases   ] GC(2)   Other: 0.14ms
[2024-11-18T18:49:00.057+0100][gc,heap     ] GC(2) Eden regions: 44->0(48)
[2024-11-18T18:49:00.057+0100][gc,heap     ] GC(2) Survivor regions: 7->3(7)
[2024-11-18T18:49:00.057+0100][gc,heap     ] GC(2) Old regions: 2->9
[2024-11-18T18:49:00.057+0100][gc,heap     ] GC(2) Humongous regions: 0->0
[2024-11-18T18:49:00.057+0100][gc,metaspace] GC(2) Metaspace: 31806K(32064K)->31806K(32064K) NonClass: 28270K(28416K)->28270K(28416K) Class: 3535K(3648K)->3535K(3648K)
[2024-11-18T18:49:00.057+0100][gc          ] GC(2) Pause Young (Normal) (G1 Evacuation Pause) 52M->11M(1024M) 13.074ms
[2024-11-18T18:49:00.057+0100][gc,cpu      ] GC(2) User=0.02s Sys=0.02s Real=0.01s
[2024-11-18T18:49:00.329+0100][gc,start    ] GC(3) Pause Young (Concurrent Start) (Metadata GC Threshold)
[2024-11-18T18:49:00.329+0100][gc,task     ] GC(3) Using 8 workers of 8 for evacuation
[2024-11-18T18:49:00.333+0100][gc,phases   ] GC(3)   Pre Evacuate Collection Set: 0.18ms
[2024-11-18T18:49:00.333+0100][gc,phases   ] GC(3)   Merge Heap Roots: 0.04ms
[2024-11-18T18:49:00.333+0100][gc,phases   ] GC(3)   Evacuate Collection Set: 3.21ms
[2024-11-18T18:49:00.333+0100][gc,phases   ] GC(3)   Post Evacuate Collection Set: 0.25ms
[2024-11-18T18:49:00.333+0100][gc,phases   ] GC(3)   Other: 0.07ms
[2024-11-18T18:49:00.333+0100][gc,heap     ] GC(3) Eden regions: 15->0(47)
[2024-11-18T18:49:00.333+0100][gc,heap     ] GC(3) Survivor regions: 3->4(7)
[2024-11-18T18:49:00.333+0100][gc,heap     ] GC(3) Old regions: 9->9
[2024-11-18T18:49:00.333+0100][gc,heap     ] GC(3) Humongous regions: 129->129
[2024-11-18T18:49:00.333+0100][gc,metaspace] GC(3) Metaspace: 35749K(35968K)->35749K(35968K) NonClass: 31873K(32000K)->31873K(32000K) Class: 3875K(3968K)->3875K(3968K)
[2024-11-18T18:49:00.333+0100][gc          ] GC(3) Pause Young (Concurrent Start) (Metadata GC Threshold) 155M->141M(1024M) 3.936ms
[2024-11-18T18:49:00.333+0100][gc          ] GC(4) Concurrent Mark Cycle
[2024-11-18T18:49:00.333+0100][gc,cpu      ] GC(3) User=0.02s Sys=0.00s Real=0.01s
[2024-11-18T18:49:00.333+0100][gc,marking  ] GC(4) Concurrent Scan Root Regions
[2024-11-18T18:49:00.334+0100][gc,marking  ] GC(4) Concurrent Scan Root Regions 1.260ms
[2024-11-18T18:49:00.334+0100][gc,marking  ] GC(4) Concurrent Mark
[2024-11-18T18:49:00.334+0100][gc,marking  ] GC(4) Concurrent Mark From Roots
[2024-11-18T18:49:00.334+0100][gc,task     ] GC(4) Using 2 workers of 2 for marking
[2024-11-18T18:49:00.339+0100][gc,marking  ] GC(4) Concurrent Mark From Roots 5.166ms
[2024-11-18T18:49:00.340+0100][gc,marking  ] GC(4) Concurrent Preclean
[2024-11-18T18:49:00.340+0100][gc,marking  ] GC(4) Concurrent Preclean 0.028ms
[2024-11-18T18:49:00.340+0100][gc,start    ] GC(4) Pause Remark
[2024-11-18T18:49:00.350+0100][gc          ] GC(4) Pause Remark 141M->141M(1024M) 9.704ms
[2024-11-18T18:49:00.350+0100][gc,cpu      ] GC(4) User=0.02s Sys=0.01s Real=0.01s
[2024-11-18T18:49:00.350+0100][gc,marking  ] GC(4) Concurrent Mark 15.319ms
[2024-11-18T18:49:00.350+0100][gc,marking  ] GC(4) Concurrent Rebuild Remembered Sets and Scrub Regions
[2024-11-18T18:49:00.351+0100][gc,marking  ] GC(4) Concurrent Rebuild Remembered Sets and Scrub Regions 1.258ms
[2024-11-18T18:49:00.352+0100][gc,start    ] GC(4) Pause Cleanup
[2024-11-18T18:49:00.352+0100][gc          ] GC(4) Pause Cleanup 141M->141M(1024M) 0.091ms
[2024-11-18T18:49:00.352+0100][gc,cpu      ] GC(4) User=0.00s Sys=0.00s Real=0.00s
[2024-11-18T18:49:00.352+0100][gc,marking  ] GC(4) Concurrent Clear Claimed Marks
[2024-11-18T18:49:00.352+0100][gc,marking  ] GC(4) Concurrent Clear Claimed Marks 0.018ms
[2024-11-18T18:49:00.352+0100][gc,marking  ] GC(4) Concurrent Cleanup for Next Mark
[2024-11-18T18:49:00.353+0100][gc,marking  ] GC(4) Concurrent Cleanup for Next Mark 1.202ms
[2024-11-18T18:49:00.353+0100][gc          ] GC(4) Concurrent Mark Cycle 20.479ms
[2024-11-18T18:49:01.126+0100][gc,start    ] GC(5) Pause Young (Prepare Mixed) (G1 Evacuation Pause)
[2024-11-18T18:49:01.126+0100][gc,task     ] GC(5) Using 8 workers of 8 for evacuation
[2024-11-18T18:49:01.132+0100][gc,phases   ] GC(5)   Pre Evacuate Collection Set: 0.10ms
[2024-11-18T18:49:01.132+0100][gc,phases   ] GC(5)   Merge Heap Roots: 0.51ms
[2024-11-18T18:49:01.132+0100][gc,phases   ] GC(5)   Evacuate Collection Set: 4.92ms
[2024-11-18T18:49:01.132+0100][gc,phases   ] GC(5)   Post Evacuate Collection Set: 0.30ms
[2024-11-18T18:49:01.132+0100][gc,phases   ] GC(5)   Other: 0.05ms
[2024-11-18T18:49:01.132+0100][gc,heap     ] GC(5) Eden regions: 47->0(44)
[2024-11-18T18:49:01.132+0100][gc,heap     ] GC(5) Survivor regions: 4->7(7)
[2024-11-18T18:49:01.132+0100][gc,heap     ] GC(5) Old regions: 9->10
[2024-11-18T18:49:01.132+0100][gc,heap     ] GC(5) Humongous regions: 129->129
[2024-11-18T18:49:01.132+0100][gc,metaspace] GC(5) Metaspace: 46106K(46528K)->46106K(46528K) NonClass: 41054K(41280K)->41054K(41280K) Class: 5052K(5248K)->5052K(5248K)
[2024-11-18T18:49:01.132+0100][gc          ] GC(5) Pause Young (Prepare Mixed) (G1 Evacuation Pause) 188M->145M(1024M) 6.003ms
[2024-11-18T18:49:01.132+0100][gc,cpu      ] GC(5) User=0.02s Sys=0.01s Real=0.01s
[2024-11-18T18:49:51.241+0100][gc,start    ] GC(6) Pause Young (Mixed) (G1 Evacuation Pause)
[2024-11-18T18:49:51.241+0100][gc,task     ] GC(6) Using 8 workers of 8 for evacuation
[2024-11-18T18:49:51.267+0100][gc,mmu      ] GC(6) MMU target violated: 21.0ms (20.0ms/21.0ms)
[2024-11-18T18:49:51.267+0100][gc,phases   ] GC(6)   Pre Evacuate Collection Set: 1.10ms
[2024-11-18T18:49:51.268+0100][gc,phases   ] GC(6)   Merge Heap Roots: 0.19ms
[2024-11-18T18:49:51.268+0100][gc,phases   ] GC(6)   Evacuate Collection Set: 23.91ms
[2024-11-18T18:49:51.268+0100][gc,phases   ] GC(6)   Post Evacuate Collection Set: 0.67ms
[2024-11-18T18:49:51.268+0100][gc,phases   ] GC(6)   Other: 0.42ms
[2024-11-18T18:49:51.268+0100][gc,heap     ] GC(6) Eden regions: 44->0(48)
[2024-11-18T18:49:51.268+0100][gc,heap     ] GC(6) Survivor regions: 7->3(7)
[2024-11-18T18:49:51.268+0100][gc,heap     ] GC(6) Old regions: 10->17
[2024-11-18T18:49:51.268+0100][gc,heap     ] GC(6) Humongous regions: 201->129
[2024-11-18T18:49:51.268+0100][gc,metaspace] GC(6) Metaspace: 48971K(49536K)->48971K(49536K) NonClass: 43523K(43840K)->43523K(43840K) Class: 5447K(5696K)->5447K(5696K)
[2024-11-18T18:49:51.268+0100][gc          ] GC(6) Pause Young (Mixed) (G1 Evacuation Pause) 261M->147M(1024M) 27.091ms
[2024-11-18T18:49:51.268+0100][gc,cpu      ] GC(6) User=0.04s Sys=0.06s Real=0.02s
[2024-11-18T18:50:23.082+0100][gc,start    ] GC(7) Pause Young (Normal) (G1 Evacuation Pause)
[2024-11-18T18:50:23.083+0100][gc,task     ] GC(7) Using 8 workers of 8 for evacuation
[2024-11-18T18:50:23.093+0100][gc,phases   ] GC(7)   Pre Evacuate Collection Set: 0.82ms
[2024-11-18T18:50:23.093+0100][gc,phases   ] GC(7)   Merge Heap Roots: 0.17ms
[2024-11-18T18:50:23.093+0100][gc,phases   ] GC(7)   Evacuate Collection Set: 8.49ms
[2024-11-18T18:50:23.093+0100][gc,phases   ] GC(7)   Post Evacuate Collection Set: 0.42ms
[2024-11-18T18:50:23.093+0100][gc,phases   ] GC(7)   Other: 0.13ms
[2024-11-18T18:50:23.093+0100][gc,heap     ] GC(7) Eden regions: 48->0(48)
[2024-11-18T18:50:23.093+0100][gc,heap     ] GC(7) Survivor regions: 3->3(7)
[2024-11-18T18:50:23.093+0100][gc,heap     ] GC(7) Old regions: 17->17
[2024-11-18T18:50:23.093+0100][gc,heap     ] GC(7) Humongous regions: 129->129
[2024-11-18T18:50:23.093+0100][gc,metaspace] GC(7) Metaspace: 48995K(49536K)->48995K(49536K) NonClass: 43547K(43840K)->43547K(43840K) Class: 5448K(5696K)->5448K(5696K)
[2024-11-18T18:50:23.093+0100][gc          ] GC(7) Pause Young (Normal) (G1 Evacuation Pause) 195M->147M(1024M) 10.507ms
[2024-11-18T18:50:23.093+0100][gc,cpu      ] GC(7) User=0.01s Sys=0.02s Real=0.01s
[2024-11-18T18:51:00.313+0100][gc,start    ] GC(8) Pause Young (Normal) (G1 Evacuation Pause)
[2024-11-18T18:51:00.314+0100][gc,task     ] GC(8) Using 8 workers of 8 for evacuation
[2024-11-18T18:51:00.331+0100][gc,phases   ] GC(8)   Pre Evacuate Collection Set: 1.73ms
[2024-11-18T18:51:00.331+0100][gc,phases   ] GC(8)   Merge Heap Roots: 0.26ms
[2024-11-18T18:51:00.331+0100][gc,phases   ] GC(8)   Evacuate Collection Set: 13.82ms
[2024-11-18T18:51:00.331+0100][gc,phases   ] GC(8)   Post Evacuate Collection Set: 0.83ms
[2024-11-18T18:51:00.331+0100][gc,phases   ] GC(8)   Other: 0.36ms
[2024-11-18T18:51:00.331+0100][gc,heap     ] GC(8) Eden regions: 48->0(48)
[2024-11-18T18:51:00.331+0100][gc,heap     ] GC(8) Survivor regions: 3->3(7)
[2024-11-18T18:51:00.331+0100][gc,heap     ] GC(8) Old regions: 17->17
[2024-11-18T18:51:00.331+0100][gc,heap     ] GC(8) Humongous regions: 129->129
[2024-11-18T18:51:00.331+0100][gc,metaspace] GC(8) Metaspace: 49021K(49536K)->49021K(49536K) NonClass: 43573K(43840K)->43573K(43840K) Class: 5448K(5696K)->5448K(5696K)
[2024-11-18T18:51:00.331+0100][gc          ] GC(8) Pause Young (Normal) (G1 Evacuation Pause) 195M->147M(1024M) 18.749ms
[2024-11-18T18:51:00.331+0100][gc,cpu      ] GC(8) User=0.03s Sys=0.02s Real=0.02s
[2024-11-18T18:51:36.644+0100][gc,start    ] GC(9) Pause Young (Normal) (G1 Evacuation Pause)
[2024-11-18T18:51:36.645+0100][gc,task     ] GC(9) Using 8 workers of 8 for evacuation
[2024-11-18T18:51:36.654+0100][gc,phases   ] GC(9)   Pre Evacuate Collection Set: 1.04ms
[2024-11-18T18:51:36.654+0100][gc,phases   ] GC(9)   Merge Heap Roots: 0.19ms
[2024-11-18T18:51:36.654+0100][gc,phases   ] GC(9)   Evacuate Collection Set: 7.14ms
[2024-11-18T18:51:36.654+0100][gc,phases   ] GC(9)   Post Evacuate Collection Set: 0.66ms
[2024-11-18T18:51:36.654+0100][gc,phases   ] GC(9)   Other: 0.12ms
[2024-11-18T18:51:36.654+0100][gc,heap     ] GC(9) Eden regions: 48->0(48)
[2024-11-18T18:51:36.654+0100][gc,heap     ] GC(9) Survivor regions: 3->3(7)
[2024-11-18T18:51:36.654+0100][gc,heap     ] GC(9) Old regions: 17->17
[2024-11-18T18:51:36.654+0100][gc,heap     ] GC(9) Humongous regions: 129->129
[2024-11-18T18:51:36.654+0100][gc,metaspace] GC(9) Metaspace: 49059K(49600K)->49059K(49600K) NonClass: 43611K(43904K)->43611K(43904K) Class: 5448K(5696K)->5448K(5696K)
[2024-11-18T18:51:36.654+0100][gc          ] GC(9) Pause Young (Normal) (G1 Evacuation Pause) 195M->147M(1024M) 10.202ms
[2024-11-18T18:51:36.654+0100][gc,cpu      ] GC(9) User=0.02s Sys=0.02s Real=0.01s
[2024-11-18T18:52:12.188+0100][gc,start    ] GC(10) Pause Young (Normal) (G1 Evacuation Pause)
[2024-11-18T18:52:12.189+0100][gc,task     ] GC(10) Using 8 workers of 8 for evacuation
[2024-11-18T18:52:12.201+0100][gc,phases   ] GC(10)   Pre Evacuate Collection Set: 0.58ms
[2024-11-18T18:52:12.202+0100][gc,phases   ] GC(10)   Merge Heap Roots: 0.11ms
[2024-11-18T18:52:12.202+0100][gc,phases   ] GC(10)   Evacuate Collection Set: 10.90ms
[2024-11-18T18:52:12.202+0100][gc,phases   ] GC(10)   Post Evacuate Collection Set: 0.92ms
[2024-11-18T18:52:12.202+0100][gc,phases   ] GC(10)   Other: 0.21ms
[2024-11-18T18:52:12.202+0100][gc,heap     ] GC(10) Eden regions: 48->0(48)
[2024-11-18T18:52:12.202+0100][gc,heap     ] GC(10) Survivor regions: 3->3(7)
[2024-11-18T18:52:12.202+0100][gc,heap     ] GC(10) Old regions: 17->17
[2024-11-18T18:52:12.202+0100][gc,heap     ] GC(10) Humongous regions: 129->129
[2024-11-18T18:52:12.202+0100][gc,metaspace] GC(10) Metaspace: 49066K(49600K)->49066K(49600K) NonClass: 43618K(43904K)->43618K(43904K) Class: 5448K(5696K)->5448K(5696K)
[2024-11-18T18:52:12.202+0100][gc          ] GC(10) Pause Young (Normal) (G1 Evacuation Pause) 195M->147M(1024M) 13.978ms
[2024-11-18T18:52:12.202+0100][gc,cpu      ] GC(10) User=0.02s Sys=0.02s Real=0.02s
[2024-11-18T18:52:48.516+0100][gc,start    ] GC(11) Pause Young (Normal) (G1 Evacuation Pause)
[2024-11-18T18:52:48.517+0100][gc,task     ] GC(11) Using 8 workers of 8 for evacuation
[2024-11-18T18:52:48.529+0100][gc,phases   ] GC(11)   Pre Evacuate Collection Set: 1.21ms
[2024-11-18T18:52:48.529+0100][gc,phases   ] GC(11)   Merge Heap Roots: 0.19ms
[2024-11-18T18:52:48.529+0100][gc,phases   ] GC(11)   Evacuate Collection Set: 9.53ms
[2024-11-18T18:52:48.529+0100][gc,phases   ] GC(11)   Post Evacuate Collection Set: 0.87ms
[2024-11-18T18:52:48.529+0100][gc,phases   ] GC(11)   Other: 0.21ms
[2024-11-18T18:52:48.529+0100][gc,heap     ] GC(11) Eden regions: 48->0(57)
[2024-11-18T18:52:48.529+0100][gc,heap     ] GC(11) Survivor regions: 3->3(7)
[2024-11-18T18:52:48.529+0100][gc,heap     ] GC(11) Old regions: 17->17
[2024-11-18T18:52:48.529+0100][gc,heap     ] GC(11) Humongous regions: 129->129
[2024-11-18T18:52:48.529+0100][gc,metaspace] GC(11) Metaspace: 49074K(49600K)->49074K(49600K) NonClass: 43626K(43904K)->43626K(43904K) Class: 5448K(5696K)->5448K(5696K)
[2024-11-18T18:52:48.529+0100][gc          ] GC(11) Pause Young (Normal) (G1 Evacuation Pause) 195M->147M(1024M) 13.523ms
[2024-11-18T18:52:48.529+0100][gc,cpu      ] GC(11) User=0.02s Sys=0.02s Real=0.01s
[2024-11-18T18:54:18.645+0100][gc,start    ] GC(12) Pause Young (Normal) (G1 Evacuation Pause)
[2024-11-18T18:54:18.646+0100][gc,task     ] GC(12) Using 8 workers of 8 for evacuation
[2024-11-18T18:54:18.659+0100][gc,phases   ] GC(12)   Pre Evacuate Collection Set: 0.95ms
[2024-11-18T18:54:18.659+0100][gc,phases   ] GC(12)   Merge Heap Roots: 0.15ms
[2024-11-18T18:54:18.659+0100][gc,phases   ] GC(12)   Evacuate Collection Set: 10.63ms
[2024-11-18T18:54:18.659+0100][gc,phases   ] GC(12)   Post Evacuate Collection Set: 0.82ms
[2024-11-18T18:54:18.659+0100][gc,phases   ] GC(12)   Other: 0.29ms
[2024-11-18T18:54:18.659+0100][gc,heap     ] GC(12) Eden regions: 117->0(145)
[2024-11-18T18:54:18.659+0100][gc,heap     ] GC(12) Survivor regions: 3->3(15)
[2024-11-18T18:54:18.659+0100][gc,heap     ] GC(12) Old regions: 17->17
[2024-11-18T18:54:18.659+0100][gc,heap     ] GC(12) Humongous regions: 129->129
[2024-11-18T18:54:18.659+0100][gc,metaspace] GC(12) Metaspace: 49105K(49600K)->49105K(49600K) NonClass: 43657K(43904K)->43657K(43904K) Class: 5448K(5696K)->5448K(5696K)
[2024-11-18T18:54:18.659+0100][gc          ] GC(12) Pause Young (Normal) (G1 Evacuation Pause) 264M->147M(1024M) 14.128ms
[2024-11-18T18:54:18.659+0100][gc,cpu      ] GC(12) User=0.02s Sys=0.03s Real=0.01s
[2024-11-18T18:56:40.314+0100][gc,start    ] GC(13) Pause Young (Normal) (G1 Evacuation Pause)
[2024-11-18T18:56:40.315+0100][gc,task     ] GC(13) Using 8 workers of 8 for evacuation
[2024-11-18T18:56:40.338+0100][gc,mmu      ] GC(13) MMU target violated: 21.0ms (20.0ms/21.0ms)
[2024-11-18T18:56:40.339+0100][gc,phases   ] GC(13)   Pre Evacuate Collection Set: 1.21ms
[2024-11-18T18:56:40.339+0100][gc,phases   ] GC(13)   Merge Heap Roots: 0.25ms
[2024-11-18T18:56:40.339+0100][gc,phases   ] GC(13)   Evacuate Collection Set: 20.60ms
[2024-11-18T18:56:40.339+0100][gc,phases   ] GC(13)   Post Evacuate Collection Set: 0.84ms
[2024-11-18T18:56:40.339+0100][gc,phases   ] GC(13)   Other: 0.35ms
[2024-11-18T18:56:40.339+0100][gc,heap     ] GC(13) Eden regions: 185->0(92)
[2024-11-18T18:56:40.339+0100][gc,heap     ] GC(13) Survivor regions: 3->3(24)
[2024-11-18T18:56:40.339+0100][gc,heap     ] GC(13) Old regions: 17->17
[2024-11-18T18:56:40.339+0100][gc,heap     ] GC(13) Humongous regions: 129->129
[2024-11-18T18:56:40.339+0100][gc,metaspace] GC(13) Metaspace: 49154K(49728K)->49154K(49728K) NonClass: 43697K(44032K)->43697K(44032K) Class: 5457K(5696K)->5457K(5696K)
[2024-11-18T18:56:40.339+0100][gc          ] GC(13) Pause Young (Normal) (G1 Evacuation Pause) 332M->147M(1024M) 24.915ms
[2024-11-18T18:56:40.339+0100][gc,cpu      ] GC(13) User=0.03s Sys=0.05s Real=0.02s
[2024-11-18T18:58:55.147+0100][gc,start    ] GC(14) Pause Young (Normal) (G1 Evacuation Pause)
[2024-11-18T18:58:55.148+0100][gc,task     ] GC(14) Using 8 workers of 8 for evacuation
[2024-11-18T18:58:55.160+0100][gc,phases   ] GC(14)   Pre Evacuate Collection Set: 0.68ms
[2024-11-18T18:58:55.160+0100][gc,phases   ] GC(14)   Merge Heap Roots: 0.11ms
[2024-11-18T18:58:55.160+0100][gc,phases   ] GC(14)   Evacuate Collection Set: 10.69ms
[2024-11-18T18:58:55.160+0100][gc,phases   ] GC(14)   Post Evacuate Collection Set: 0.69ms
[2024-11-18T18:58:55.160+0100][gc,phases   ] GC(14)   Other: 0.08ms
[2024-11-18T18:58:55.160+0100][gc,heap     ] GC(14) Eden regions: 178->0(170)
[2024-11-18T18:58:55.160+0100][gc,heap     ] GC(14) Survivor regions: 3->3(23)
[2024-11-18T18:58:55.160+0100][gc,heap     ] GC(14) Old regions: 17->17
[2024-11-18T18:58:55.160+0100][gc,heap     ] GC(14) Humongous regions: 129->129
[2024-11-18T18:58:55.160+0100][gc,metaspace] GC(14) Metaspace: 49987K(50560K)->49987K(50560K) NonClass: 44358K(44672K)->44358K(44672K) Class: 5629K(5888K)->5629K(5888K)
[2024-11-18T18:58:55.160+0100][gc          ] GC(14) Pause Young (Normal) (G1 Evacuation Pause) 325M->147M(1024M) 12.621ms
[2024-11-18T18:58:55.160+0100][gc,cpu      ] GC(14) User=0.01s Sys=0.04s Real=0.02s
[2024-11-18T19:00:04.428+0100][gc,start    ] GC(15) Pause Young (Normal) (G1 Evacuation Pause)
[2024-11-18T19:00:04.429+0100][gc,task     ] GC(15) Using 8 workers of 8 for evacuation
[2024-11-18T19:00:04.448+0100][gc,phases   ] GC(15)   Pre Evacuate Collection Set: 1.08ms
[2024-11-18T19:00:04.449+0100][gc,phases   ] GC(15)   Merge Heap Roots: 0.22ms
[2024-11-18T19:00:04.449+0100][gc,phases   ] GC(15)   Evacuate Collection Set: 17.65ms
[2024-11-18T19:00:04.449+0100][gc,phases   ] GC(15)   Post Evacuate Collection Set: 0.59ms
[2024-11-18T19:00:04.449+0100][gc,phases   ] GC(15)   Other: 0.18ms
[2024-11-18T19:00:04.449+0100][gc,heap     ] GC(15) Eden regions: 101->0(73)
[2024-11-18T19:00:04.449+0100][gc,heap     ] GC(15) Survivor regions: 3->4(13)
[2024-11-18T19:00:04.449+0100][gc,heap     ] GC(15) Old regions: 17->17
[2024-11-18T19:00:04.449+0100][gc,heap     ] GC(15) Humongous regions: 129->129
[2024-11-18T19:00:04.449+0100][gc,metaspace] GC(15) Metaspace: 51614K(52288K)->51614K(52288K) NonClass: 45744K(46144K)->45744K(46144K) Class: 5870K(6144K)->5870K(6144K)
[2024-11-18T19:00:04.449+0100][gc          ] GC(15) Pause Young (Normal) (G1 Evacuation Pause) 248M->148M(1024M) 21.008ms
[2024-11-18T19:00:04.449+0100][gc,cpu      ] GC(15) User=0.02s Sys=0.03s Real=0.02s
[2024-11-18T19:00:39.246+0100][gc,start    ] GC(16) Pause Young (Normal) (G1 Evacuation Pause)
[2024-11-18T19:00:39.247+0100][gc,task     ] GC(16) Using 8 workers of 8 for evacuation
[2024-11-18T19:00:39.263+0100][gc,phases   ] GC(16)   Pre Evacuate Collection Set: 1.64ms
[2024-11-18T19:00:39.263+0100][gc,phases   ] GC(16)   Merge Heap Roots: 0.42ms
[2024-11-18T19:00:39.263+0100][gc,phases   ] GC(16)   Evacuate Collection Set: 13.20ms
[2024-11-18T19:00:39.263+0100][gc,phases   ] GC(16)   Post Evacuate Collection Set: 0.95ms
[2024-11-18T19:00:39.263+0100][gc,phases   ] GC(16)   Other: 0.24ms
[2024-11-18T19:00:39.263+0100][gc,heap     ] GC(16) Eden regions: 47->0(104)
[2024-11-18T19:00:39.263+0100][gc,heap     ] GC(16) Survivor regions: 4->4(7)
[2024-11-18T19:00:39.263+0100][gc,heap     ] GC(16) Old regions: 17->17
[2024-11-18T19:00:39.263+0100][gc,heap     ] GC(16) Humongous regions: 129->129
[2024-11-18T19:00:39.263+0100][gc,metaspace] GC(16) Metaspace: 51620K(52288K)->51620K(52288K) NonClass: 45750K(46144K)->45750K(46144K) Class: 5870K(6144K)->5870K(6144K)
[2024-11-18T19:00:39.263+0100][gc          ] GC(16) Pause Young (Normal) (G1 Evacuation Pause) 195M->148M(1024M) 16.960ms
[2024-11-18T19:00:39.263+0100][gc,cpu      ] GC(16) User=0.02s Sys=0.03s Real=0.02s
[2024-11-18T19:02:39.593+0100][gc,start    ] GC(17) Pause Young (Normal) (G1 Evacuation Pause)
[2024-11-18T19:02:39.594+0100][gc,task     ] GC(17) Using 8 workers of 8 for evacuation
[2024-11-18T19:02:39.606+0100][gc,phases   ] GC(17)   Pre Evacuate Collection Set: 0.94ms
[2024-11-18T19:02:39.606+0100][gc,phases   ] GC(17)   Merge Heap Roots: 0.15ms
[2024-11-18T19:02:39.606+0100][gc,phases   ] GC(17)   Evacuate Collection Set: 10.92ms
[2024-11-18T19:02:39.606+0100][gc,phases   ] GC(17)   Post Evacuate Collection Set: 0.70ms
[2024-11-18T19:02:39.606+0100][gc,phases   ] GC(17)   Other: 0.12ms
[2024-11-18T19:02:39.606+0100][gc,heap     ] GC(17) Eden regions: 101->0(127)
[2024-11-18T19:02:39.606+0100][gc,heap     ] GC(17) Survivor regions: 4->4(14)
[2024-11-18T19:02:39.606+0100][gc,heap     ] GC(17) Old regions: 17->17
[2024-11-18T19:02:39.606+0100][gc,heap     ] GC(17) Humongous regions: 129->129
[2024-11-18T19:02:39.606+0100][gc,metaspace] GC(17) Metaspace: 51638K(52288K)->51638K(52288K) NonClass: 45768K(46144K)->45768K(46144K) Class: 5870K(6144K)->5870K(6144K)
[2024-11-18T19:02:39.607+0100][gc          ] GC(17) Pause Young (Normal) (G1 Evacuation Pause) 249M->148M(1024M) 14.040ms
[2024-11-18T19:02:39.607+0100][gc,cpu      ] GC(17) User=0.01s Sys=0.03s Real=0.01s
[2024-11-18T19:04:31.927+0100][gc,start    ] GC(18) Pause Young (Normal) (G1 Evacuation Pause)
[2024-11-18T19:04:31.929+0100][gc,task     ] GC(18) Using 8 workers of 8 for evacuation
[2024-11-18T19:04:31.946+0100][gc,phases   ] GC(18)   Pre Evacuate Collection Set: 1.29ms
[2024-11-18T19:04:31.946+0100][gc,phases   ] GC(18)   Merge Heap Roots: 0.21ms
[2024-11-18T19:04:31.946+0100][gc,phases   ] GC(18)   Evacuate Collection Set: 14.70ms
[2024-11-18T19:04:31.946+0100][gc,phases   ] GC(18)   Post Evacuate Collection Set: 0.70ms
[2024-11-18T19:04:31.946+0100][gc,phases   ] GC(18)   Other: 0.22ms
[2024-11-18T19:04:31.946+0100][gc,heap     ] GC(18) Eden regions: 121->0(145)
[2024-11-18T19:04:31.946+0100][gc,heap     ] GC(18) Survivor regions: 4->4(16)
[2024-11-18T19:04:31.946+0100][gc,heap     ] GC(18) Old regions: 17->17
[2024-11-18T19:04:31.946+0100][gc,heap     ] GC(18) Humongous regions: 129->129
[2024-11-18T19:04:31.946+0100][gc,metaspace] GC(18) Metaspace: 51661K(52352K)->51661K(52352K) NonClass: 45791K(46208K)->45791K(46208K) Class: 5870K(6144K)->5870K(6144K)
[2024-11-18T19:04:31.946+0100][gc          ] GC(18) Pause Young (Normal) (G1 Evacuation Pause) 269M->148M(1024M) 19.199ms
[2024-11-18T19:04:31.946+0100][gc,cpu      ] GC(18) User=0.02s Sys=0.05s Real=0.02s
[2024-11-18T19:07:12.095+0100][gc,start    ] GC(19) Pause Young (Normal) (G1 Evacuation Pause)
[2024-11-18T19:07:12.097+0100][gc,task     ] GC(19) Using 8 workers of 8 for evacuation
[2024-11-18T19:07:12.118+0100][gc,mmu      ] GC(19) MMU target violated: 21.0ms (20.0ms/21.0ms)
[2024-11-18T19:07:12.119+0100][gc,phases   ] GC(19)   Pre Evacuate Collection Set: 1.06ms
[2024-11-18T19:07:12.119+0100][gc,phases   ] GC(19)   Merge Heap Roots: 0.21ms
[2024-11-18T19:07:12.119+0100][gc,phases   ] GC(19)   Evacuate Collection Set: 18.74ms
[2024-11-18T19:07:12.119+0100][gc,phases   ] GC(19)   Post Evacuate Collection Set: 0.91ms
[2024-11-18T19:07:12.119+0100][gc,phases   ] GC(19)   Other: 0.30ms
[2024-11-18T19:07:12.119+0100][gc,heap     ] GC(19) Eden regions: 142->0(164)
[2024-11-18T19:07:12.119+0100][gc,heap     ] GC(19) Survivor regions: 4->4(19)
[2024-11-18T19:07:12.119+0100][gc,heap     ] GC(19) Old regions: 17->17
[2024-11-18T19:07:12.119+0100][gc,heap     ] GC(19) Humongous regions: 129->129
[2024-11-18T19:07:12.119+0100][gc,metaspace] GC(19) Metaspace: 51760K(52416K)->51760K(52416K) NonClass: 45890K(46272K)->45890K(46272K) Class: 5870K(6144K)->5870K(6144K)
[2024-11-18T19:07:12.119+0100][gc          ] GC(19) Pause Young (Normal) (G1 Evacuation Pause) 290M->148M(1024M) 24.124ms
[2024-11-18T19:07:12.119+0100][gc,cpu      ] GC(19) User=0.03s Sys=0.04s Real=0.02s
[2024-11-18T19:09:09.185+0100][gc,start    ] GC(20) Pause Young (Normal) (G1 Evacuation Pause)
[2024-11-18T19:09:09.187+0100][gc,task     ] GC(20) Using 8 workers of 8 for evacuation
[2024-11-18T19:09:09.222+0100][gc,mmu      ] GC(20) MMU target violated: 21.0ms (20.0ms/21.0ms)
[2024-11-18T19:09:09.222+0100][gc,phases   ] GC(20)   Pre Evacuate Collection Set: 5.05ms
[2024-11-18T19:09:09.222+0100][gc,phases   ] GC(20)   Merge Heap Roots: 1.30ms
[2024-11-18T19:09:09.222+0100][gc,phases   ] GC(20)   Evacuate Collection Set: 26.07ms
[2024-11-18T19:09:09.222+0100][gc,phases   ] GC(20)   Post Evacuate Collection Set: 1.05ms
[2024-11-18T19:09:09.222+0100][gc,phases   ] GC(20)   Other: 1.83ms
[2024-11-18T19:09:09.222+0100][gc,heap     ] GC(20) Eden regions: 155->0(58)
[2024-11-18T19:09:09.222+0100][gc,heap     ] GC(20) Survivor regions: 4->4(20)
[2024-11-18T19:09:09.222+0100][gc,heap     ] GC(20) Old regions: 17->17
[2024-11-18T19:09:09.222+0100][gc,heap     ] GC(20) Humongous regions: 129->129
[2024-11-18T19:09:09.222+0100][gc,metaspace] GC(20) Metaspace: 51793K(52480K)->51793K(52480K) NonClass: 45918K(46336K)->45918K(46336K) Class: 5875K(6144K)->5875K(6144K)
[2024-11-18T19:09:09.222+0100][gc          ] GC(20) Pause Young (Normal) (G1 Evacuation Pause) 303M->148M(1024M) 37.156ms
[2024-11-18T19:09:09.222+0100][gc,cpu      ] GC(20) User=0.04s Sys=0.07s Real=0.04s
[2024-11-18T19:10:05.643+0100][gc,start    ] GC(21) Pause Young (Normal) (G1 Evacuation Pause)
[2024-11-18T19:10:05.645+0100][gc,task     ] GC(21) Using 8 workers of 8 for evacuation
[2024-11-18T19:10:05.666+0100][gc,mmu      ] GC(21) MMU target violated: 21.0ms (20.0ms/21.0ms)
[2024-11-18T19:10:05.666+0100][gc,phases   ] GC(21)   Pre Evacuate Collection Set: 1.15ms
[2024-11-18T19:10:05.666+0100][gc,phases   ] GC(21)   Merge Heap Roots: 0.26ms
[2024-11-18T19:10:05.666+0100][gc,phases   ] GC(21)   Evacuate Collection Set: 18.72ms
[2024-11-18T19:10:05.666+0100][gc,phases   ] GC(21)   Post Evacuate Collection Set: 1.19ms
[2024-11-18T19:10:05.666+0100][gc,phases   ] GC(21)   Other: 0.37ms
[2024-11-18T19:10:05.667+0100][gc,heap     ] GC(21) Eden regions: 75->0(132)
[2024-11-18T19:10:05.667+0100][gc,heap     ] GC(21) Survivor regions: 4->3(10)
[2024-11-18T19:10:05.667+0100][gc,heap     ] GC(21) Old regions: 17->18
[2024-11-18T19:10:05.667+0100][gc,heap     ] GC(21) Humongous regions: 129->129
[2024-11-18T19:10:05.667+0100][gc,metaspace] GC(21) Metaspace: 51816K(52480K)->51816K(52480K) NonClass: 45941K(46336K)->45941K(46336K) Class: 5875K(6144K)->5875K(6144K)
[2024-11-18T19:10:05.667+0100][gc          ] GC(21) Pause Young (Normal) (G1 Evacuation Pause) 223M->148M(1024M) 23.211ms
[2024-11-18T19:10:05.667+0100][gc,cpu      ] GC(21) User=0.03s Sys=0.05s Real=0.02s
[2024-11-18T19:13:38.453+0100][gc,start    ] GC(22) Pause Young (Normal) (G1 Evacuation Pause)
[2024-11-18T19:13:38.454+0100][gc,task     ] GC(22) Using 8 workers of 8 for evacuation
[2024-11-18T19:13:38.499+0100][gc,mmu      ] GC(22) MMU target violated: 21.0ms (20.0ms/21.0ms)
[2024-11-18T19:13:38.499+0100][gc,phases   ] GC(22)   Pre Evacuate Collection Set: 1.56ms
[2024-11-18T19:13:38.499+0100][gc,phases   ] GC(22)   Merge Heap Roots: 0.44ms
[2024-11-18T19:13:38.499+0100][gc,phases   ] GC(22)   Evacuate Collection Set: 21.66ms
[2024-11-18T19:13:38.499+0100][gc,phases   ] GC(22)   Post Evacuate Collection Set: 20.23ms
[2024-11-18T19:13:38.499+0100][gc,phases   ] GC(22)   Other: 0.84ms
[2024-11-18T19:13:38.499+0100][gc,heap     ] GC(22) Eden regions: 282->0(48)
[2024-11-18T19:13:38.499+0100][gc,heap     ] GC(22) Survivor regions: 3->3(36)
[2024-11-18T19:13:38.499+0100][gc,heap     ] GC(22) Old regions: 18->18
[2024-11-18T19:13:38.499+0100][gc,heap     ] GC(22) Humongous regions: 129->129
[2024-11-18T19:13:38.499+0100][gc,metaspace] GC(22) Metaspace: 51828K(52480K)->51828K(52480K) NonClass: 45952K(46336K)->45952K(46336K) Class: 5875K(6144K)->5875K(6144K)
[2024-11-18T19:13:38.499+0100][gc          ] GC(22) Pause Young (Normal) (G1 Evacuation Pause) 430M->148M(1024M) 46.760ms
[2024-11-18T19:13:38.499+0100][gc,cpu      ] GC(22) User=0.03s Sys=0.07s Real=0.04s
[2024-11-18T19:14:13.800+0100][gc,start    ] GC(23) Pause Young (Normal) (G1 Evacuation Pause)
[2024-11-18T19:14:13.802+0100][gc,task     ] GC(23) Using 8 workers of 8 for evacuation
[2024-11-18T19:14:13.818+0100][gc,phases   ] GC(23)   Pre Evacuate Collection Set: 7.44ms
[2024-11-18T19:14:13.818+0100][gc,phases   ] GC(23)   Merge Heap Roots: 0.22ms
[2024-11-18T19:14:13.818+0100][gc,phases   ] GC(23)   Evacuate Collection Set: 7.59ms
[2024-11-18T19:14:13.818+0100][gc,phases   ] GC(23)   Post Evacuate Collection Set: 0.61ms
[2024-11-18T19:14:13.818+0100][gc,phases   ] GC(23)   Other: 0.39ms
[2024-11-18T19:14:13.818+0100][gc,heap     ] GC(23) Eden regions: 48->0(48)
[2024-11-18T19:14:13.818+0100][gc,heap     ] GC(23) Survivor regions: 3->3(7)
[2024-11-18T19:14:13.818+0100][gc,heap     ] GC(23) Old regions: 18->18
[2024-11-18T19:14:13.818+0100][gc,heap     ] GC(23) Humongous regions: 129->129
[2024-11-18T19:14:13.818+0100][gc,metaspace] GC(23) Metaspace: 51834K(52480K)->51834K(52480K) NonClass: 45958K(46336K)->45958K(46336K) Class: 5875K(6144K)->5875K(6144K)
[2024-11-18T19:14:13.818+0100][gc          ] GC(23) Pause Young (Normal) (G1 Evacuation Pause) 196M->148M(1024M) 17.680ms
[2024-11-18T19:14:13.818+0100][gc,cpu      ] GC(23) User=0.02s Sys=0.02s Real=0.01s
[2024-11-18T19:14:49.901+0100][gc,start    ] GC(24) Pause Young (Normal) (G1 Evacuation Pause)
[2024-11-18T19:14:49.902+0100][gc,task     ] GC(24) Using 8 workers of 8 for evacuation
[2024-11-18T19:14:49.919+0100][gc,phases   ] GC(24)   Pre Evacuate Collection Set: 1.16ms
[2024-11-18T19:14:49.919+0100][gc,phases   ] GC(24)   Merge Heap Roots: 0.17ms
[2024-11-18T19:14:49.919+0100][gc,phases   ] GC(24)   Evacuate Collection Set: 14.27ms
[2024-11-18T19:14:49.919+0100][gc,phases   ] GC(24)   Post Evacuate Collection Set: 0.81ms
[2024-11-18T19:14:49.919+0100][gc,phases   ] GC(24)   Other: 0.19ms
[2024-11-18T19:14:49.919+0100][gc,heap     ] GC(24) Eden regions: 48->0(48)
[2024-11-18T19:14:49.919+0100][gc,heap     ] GC(24) Survivor regions: 3->3(7)
[2024-11-18T19:14:49.919+0100][gc,heap     ] GC(24) Old regions: 18->18
[2024-11-18T19:14:49.919+0100][gc,heap     ] GC(24) Humongous regions: 129->129
[2024-11-18T19:14:49.919+0100][gc,metaspace] GC(24) Metaspace: 51836K(52480K)->51836K(52480K) NonClass: 45960K(46336K)->45960K(46336K) Class: 5875K(6144K)->5875K(6144K)
[2024-11-18T19:14:49.919+0100][gc          ] GC(24) Pause Young (Normal) (G1 Evacuation Pause) 196M->148M(1024M) 17.858ms
[2024-11-18T19:14:49.919+0100][gc,cpu      ] GC(24) User=0.02s Sys=0.02s Real=0.01s
[2024-11-18T19:16:32.583+0100][gc,start    ] GC(25) Pause Young (Normal) (G1 Evacuation Pause)
[2024-11-18T19:16:32.584+0100][gc,task     ] GC(25) Using 8 workers of 8 for evacuation
[2024-11-18T19:16:32.599+0100][gc,phases   ] GC(25)   Pre Evacuate Collection Set: 1.59ms
[2024-11-18T19:16:32.599+0100][gc,phases   ] GC(25)   Merge Heap Roots: 0.25ms
[2024-11-18T19:16:32.599+0100][gc,phases   ] GC(25)   Evacuate Collection Set: 12.06ms
[2024-11-18T19:16:32.599+0100][gc,phases   ] GC(25)   Post Evacuate Collection Set: 0.88ms
[2024-11-18T19:16:32.599+0100][gc,phases   ] GC(25)   Other: 0.28ms
[2024-11-18T19:16:32.599+0100][gc,heap     ] GC(25) Eden regions: 138->0(125)
[2024-11-18T19:16:32.599+0100][gc,heap     ] GC(25) Survivor regions: 3->3(18)
[2024-11-18T19:16:32.599+0100][gc,heap     ] GC(25) Old regions: 18->18
[2024-11-18T19:16:32.599+0100][gc,heap     ] GC(25) Humongous regions: 129->129
[2024-11-18T19:16:32.599+0100][gc,metaspace] GC(25) Metaspace: 51840K(52480K)->51840K(52480K) NonClass: 45964K(46336K)->45964K(46336K) Class: 5875K(6144K)->5875K(6144K)
[2024-11-18T19:16:32.599+0100][gc          ] GC(25) Pause Young (Normal) (G1 Evacuation Pause) 286M->148M(1024M) 16.417ms
[2024-11-18T19:16:32.599+0100][gc,cpu      ] GC(25) User=0.02s Sys=0.02s Real=0.01s
[2024-11-18T19:20:16.209+0100][gc,start    ] GC(26) Pause Young (Normal) (G1 Evacuation Pause)
[2024-11-18T19:20:16.210+0100][gc,task     ] GC(26) Using 8 workers of 8 for evacuation
[2024-11-18T19:20:16.233+0100][gc,mmu      ] GC(26) MMU target violated: 21.0ms (20.0ms/21.0ms)
[2024-11-18T19:20:16.233+0100][gc,phases   ] GC(26)   Pre Evacuate Collection Set: 1.28ms
[2024-11-18T19:20:16.233+0100][gc,phases   ] GC(26)   Merge Heap Roots: 0.27ms
[2024-11-18T19:20:16.233+0100][gc,phases   ] GC(26)   Evacuate Collection Set: 20.16ms
[2024-11-18T19:20:16.233+0100][gc,phases   ] GC(26)   Post Evacuate Collection Set: 0.82ms
[2024-11-18T19:20:16.233+0100][gc,phases   ] GC(26)   Other: 0.35ms
[2024-11-18T19:20:16.233+0100][gc,heap     ] GC(26) Eden regions: 297->0(48)
[2024-11-18T19:20:16.233+0100][gc,heap     ] GC(26) Survivor regions: 3->3(38)
[2024-11-18T19:20:16.233+0100][gc,heap     ] GC(26) Old regions: 18->18
[2024-11-18T19:20:16.233+0100][gc,heap     ] GC(26) Humongous regions: 129->129
[2024-11-18T19:20:16.233+0100][gc,metaspace] GC(26) Metaspace: 51877K(52544K)->51877K(52544K) NonClass: 46002K(46400K)->46002K(46400K) Class: 5875K(6144K)->5875K(6144K)
[2024-11-18T19:20:16.233+0100][gc          ] GC(26) Pause Young (Normal) (G1 Evacuation Pause) 445M->148M(1024M) 23.931ms
[2024-11-18T19:20:16.233+0100][gc,cpu      ] GC(26) User=0.02s Sys=0.07s Real=0.03s
[2024-11-18T19:21:37.593+0100][gc,start    ] GC(27) Pause Young (Normal) (G1 Evacuation Pause)
[2024-11-18T19:21:37.594+0100][gc,task     ] GC(27) Using 8 workers of 8 for evacuation
[2024-11-18T19:21:37.613+0100][gc,phases   ] GC(27)   Pre Evacuate Collection Set: 1.10ms
[2024-11-18T19:21:37.613+0100][gc,phases   ] GC(27)   Merge Heap Roots: 0.21ms
[2024-11-18T19:21:37.613+0100][gc,phases   ] GC(27)   Evacuate Collection Set: 16.94ms
[2024-11-18T19:21:37.613+0100][gc,phases   ] GC(27)   Post Evacuate Collection Set: 0.66ms
[2024-11-18T19:21:37.613+0100][gc,phases   ] GC(27)   Other: 0.19ms
[2024-11-18T19:21:37.613+0100][gc,heap     ] GC(27) Eden regions: 109->0(54)
[2024-11-18T19:21:37.613+0100][gc,heap     ] GC(27) Survivor regions: 3->3(14)
[2024-11-18T19:21:37.613+0100][gc,heap     ] GC(27) Old regions: 18->18
[2024-11-18T19:21:37.613+0100][gc,heap     ] GC(27) Humongous regions: 129->129
[2024-11-18T19:21:37.613+0100][gc,metaspace] GC(27) Metaspace: 51880K(52544K)->51880K(52544K) NonClass: 46005K(46400K)->46005K(46400K) Class: 5875K(6144K)->5875K(6144K)
[2024-11-18T19:21:37.613+0100][gc          ] GC(27) Pause Young (Normal) (G1 Evacuation Pause) 257M->148M(1024M) 20.341ms
[2024-11-18T19:21:37.614+0100][gc,cpu      ] GC(27) User=0.01s Sys=0.07s Real=0.02s
[2024-11-18T19:23:02.223+0100][gc,start    ] GC(28) Pause Young (Normal) (G1 Evacuation Pause)
[2024-11-18T19:23:02.224+0100][gc,task     ] GC(28) Using 8 workers of 8 for evacuation
[2024-11-18T19:23:02.237+0100][gc,phases   ] GC(28)   Pre Evacuate Collection Set: 1.87ms
[2024-11-18T19:23:02.238+0100][gc,phases   ] GC(28)   Merge Heap Roots: 0.30ms
[2024-11-18T19:23:02.238+0100][gc,phases   ] GC(28)   Evacuate Collection Set: 10.32ms
[2024-11-18T19:23:02.238+0100][gc,phases   ] GC(28)   Post Evacuate Collection Set: 0.80ms
[2024-11-18T19:23:02.238+0100][gc,phases   ] GC(28)   Other: 0.29ms
[2024-11-18T19:23:02.238+0100][gc,heap     ] GC(28) Eden regions: 112->0(139)
[2024-11-18T19:23:02.238+0100][gc,heap     ] GC(28) Survivor regions: 3->3(15)
[2024-11-18T19:23:02.238+0100][gc,heap     ] GC(28) Old regions: 18->18
[2024-11-18T19:23:02.238+0100][gc,heap     ] GC(28) Humongous regions: 129->129
[2024-11-18T19:23:02.238+0100][gc,metaspace] GC(28) Metaspace: 51884K(52544K)->51884K(52544K) NonClass: 46008K(46400K)->46008K(46400K) Class: 5875K(6144K)->5875K(6144K)
[2024-11-18T19:23:02.238+0100][gc          ] GC(28) Pause Young (Normal) (G1 Evacuation Pause) 260M->148M(1024M) 14.328ms
[2024-11-18T19:23:02.238+0100][gc,cpu      ] GC(28) User=0.02s Sys=0.03s Real=0.01s
[2024-11-18T19:25:28.693+0100][gc,start    ] GC(29) Pause Young (Normal) (G1 Evacuation Pause)
[2024-11-18T19:25:28.694+0100][gc,task     ] GC(29) Using 8 workers of 8 for evacuation
[2024-11-18T19:25:28.708+0100][gc,phases   ] GC(29)   Pre Evacuate Collection Set: 1.40ms
[2024-11-18T19:25:28.708+0100][gc,phases   ] GC(29)   Merge Heap Roots: 0.27ms
[2024-11-18T19:25:28.708+0100][gc,phases   ] GC(29)   Evacuate Collection Set: 10.97ms
[2024-11-18T19:25:28.708+0100][gc,phases   ] GC(29)   Post Evacuate Collection Set: 0.93ms
[2024-11-18T19:25:28.708+0100][gc,phases   ] GC(29)   Other: 0.29ms
[2024-11-18T19:25:28.708+0100][gc,heap     ] GC(29) Eden regions: 195->0(589)
[2024-11-18T19:25:28.708+0100][gc,heap     ] GC(29) Survivor regions: 3->2(25)
[2024-11-18T19:25:28.708+0100][gc,heap     ] GC(29) Old regions: 18->18
[2024-11-18T19:25:28.708+0100][gc,heap     ] GC(29) Humongous regions: 129->129
[2024-11-18T19:25:28.708+0100][gc,metaspace] GC(29) Metaspace: 51893K(52544K)->51893K(52544K) NonClass: 46017K(46400K)->46017K(46400K) Class: 5875K(6144K)->5875K(6144K)
[2024-11-18T19:25:28.708+0100][gc          ] GC(29) Pause Young (Normal) (G1 Evacuation Pause) 343M->148M(1024M) 15.159ms
[2024-11-18T19:25:28.708+0100][gc,cpu      ] GC(29) User=0.02s Sys=0.02s Real=0.01s
[2024-11-18T19:33:42.430+0100][gc,start    ] GC(30) Pause Young (Normal) (G1 Evacuation Pause)
[2024-11-18T19:33:42.432+0100][gc,task     ] GC(30) Using 8 workers of 8 for evacuation
[2024-11-18T19:33:42.494+0100][gc,mmu      ] GC(30) MMU target violated: 21.0ms (20.0ms/21.0ms)
[2024-11-18T19:33:42.495+0100][gc,phases   ] GC(30)   Pre Evacuate Collection Set: 10.35ms
[2024-11-18T19:33:42.495+0100][gc,phases   ] GC(30)   Merge Heap Roots: 1.02ms
[2024-11-18T19:33:42.495+0100][gc,phases   ] GC(30)   Evacuate Collection Set: 48.73ms
[2024-11-18T19:33:42.495+0100][gc,phases   ] GC(30)   Post Evacuate Collection Set: 2.01ms
[2024-11-18T19:33:42.495+0100][gc,phases   ] GC(30)   Other: 0.71ms
[2024-11-18T19:33:42.495+0100][gc,heap     ] GC(30) Eden regions: 612->0(49)
[2024-11-18T19:33:42.495+0100][gc,heap     ] GC(30) Survivor regions: 2->2(77)
[2024-11-18T19:33:42.495+0100][gc,heap     ] GC(30) Old regions: 18->19
[2024-11-18T19:33:42.495+0100][gc,heap     ] GC(30) Humongous regions: 129->129
[2024-11-18T19:33:42.495+0100][gc,metaspace] GC(30) Metaspace: 51994K(52608K)->51994K(52608K) NonClass: 46119K(46464K)->46119K(46464K) Class: 5875K(6144K)->5875K(6144K)
[2024-11-18T19:33:42.495+0100][gc          ] GC(30) Pause Young (Normal) (G1 Evacuation Pause) 760M->148M(1024M) 65.529ms
[2024-11-18T19:33:42.495+0100][gc,cpu      ] GC(30) User=0.03s Sys=0.12s Real=0.06s
[2024-11-18T19:34:18.224+0100][gc,start    ] GC(31) Pause Young (Normal) (G1 Evacuation Pause)
[2024-11-18T19:34:18.225+0100][gc,task     ] GC(31) Using 8 workers of 8 for evacuation
[2024-11-18T19:34:18.235+0100][gc,phases   ] GC(31)   Pre Evacuate Collection Set: 1.28ms
[2024-11-18T19:34:18.235+0100][gc,phases   ] GC(31)   Merge Heap Roots: 0.24ms
[2024-11-18T19:34:18.235+0100][gc,phases   ] GC(31)   Evacuate Collection Set: 7.33ms
[2024-11-18T19:34:18.235+0100][gc,phases   ] GC(31)   Post Evacuate Collection Set: 0.76ms
[2024-11-18T19:34:18.235+0100][gc,phases   ] GC(31)   Other: 0.54ms
[2024-11-18T19:34:18.235+0100][gc,heap     ] GC(31) Eden regions: 49->0(53)
[2024-11-18T19:34:18.235+0100][gc,heap     ] GC(31) Survivor regions: 2->2(7)
[2024-11-18T19:34:18.235+0100][gc,heap     ] GC(31) Old regions: 19->19
[2024-11-18T19:34:18.235+0100][gc,heap     ] GC(31) Humongous regions: 129->129
[2024-11-18T19:34:18.235+0100][gc,metaspace] GC(31) Metaspace: 52011K(52672K)->52011K(52672K) NonClass: 46136K(46528K)->46136K(46528K) Class: 5875K(6144K)->5875K(6144K)
[2024-11-18T19:34:18.236+0100][gc          ] GC(31) Pause Young (Normal) (G1 Evacuation Pause) 197M->148M(1024M) 11.460ms
[2024-11-18T19:34:18.236+0100][gc,cpu      ] GC(31) User=0.01s Sys=0.01s Real=0.01s
[2024-11-18T19:35:38.671+0100][gc,start    ] GC(32) Pause Young (Normal) (G1 Evacuation Pause)
[2024-11-18T19:35:38.672+0100][gc,task     ] GC(32) Using 8 workers of 8 for evacuation
[2024-11-18T19:35:38.695+0100][gc,mmu      ] GC(32) MMU target violated: 21.0ms (20.0ms/21.0ms)
[2024-11-18T19:35:38.695+0100][gc,phases   ] GC(32)   Pre Evacuate Collection Set: 1.76ms
[2024-11-18T19:35:38.695+0100][gc,phases   ] GC(32)   Merge Heap Roots: 0.16ms
[2024-11-18T19:35:38.695+0100][gc,phases   ] GC(32)   Evacuate Collection Set: 18.88ms
[2024-11-18T19:35:38.696+0100][gc,phases   ] GC(32)   Post Evacuate Collection Set: 2.36ms
[2024-11-18T19:35:38.696+0100][gc,phases   ] GC(32)   Other: 0.37ms
[2024-11-18T19:35:38.696+0100][gc,heap     ] GC(32) Eden regions: 105->0(58)
[2024-11-18T19:35:38.696+0100][gc,heap     ] GC(32) Survivor regions: 2->2(14)
[2024-11-18T19:35:38.696+0100][gc,heap     ] GC(32) Old regions: 19->19
[2024-11-18T19:35:38.696+0100][gc,heap     ] GC(32) Humongous regions: 129->129
[2024-11-18T19:35:38.696+0100][gc,metaspace] GC(32) Metaspace: 52018K(52672K)->52018K(52672K) NonClass: 46142K(46528K)->46142K(46528K) Class: 5875K(6144K)->5875K(6144K)
[2024-11-18T19:35:38.696+0100][gc          ] GC(32) Pause Young (Normal) (G1 Evacuation Pause) 253M->148M(1024M) 24.289ms
[2024-11-18T19:35:38.696+0100][gc,cpu      ] GC(32) User=0.01s Sys=0.06s Real=0.02s
[2024-11-18T19:37:36.484+0100][gc,start    ] GC(33) Pause Young (Normal) (G1 Evacuation Pause)
[2024-11-18T19:37:36.485+0100][gc,task     ] GC(33) Using 8 workers of 8 for evacuation
[2024-11-18T19:37:36.498+0100][gc,phases   ] GC(33)   Pre Evacuate Collection Set: 1.17ms
[2024-11-18T19:37:36.498+0100][gc,phases   ] GC(33)   Merge Heap Roots: 0.19ms
[2024-11-18T19:37:36.498+0100][gc,phases   ] GC(33)   Evacuate Collection Set: 10.26ms
[2024-11-18T19:37:36.498+0100][gc,phases   ] GC(33)   Post Evacuate Collection Set: 1.01ms
[2024-11-18T19:37:36.498+0100][gc,phases   ] GC(33)   Other: 0.18ms
[2024-11-18T19:37:36.498+0100][gc,heap     ] GC(33) Eden regions: 90->0(137)
[2024-11-18T19:37:36.498+0100][gc,heap     ] GC(33) Survivor regions: 2->2(12)
[2024-11-18T19:37:36.498+0100][gc,heap     ] GC(33) Old regions: 19->19
[2024-11-18T19:37:36.498+0100][gc,heap     ] GC(33) Humongous regions: 129->129
[2024-11-18T19:37:36.498+0100][gc,metaspace] GC(33) Metaspace: 52071K(52736K)->52071K(52736K) NonClass: 46195K(46592K)->46195K(46592K) Class: 5875K(6144K)->5875K(6144K)
[2024-11-18T19:37:36.498+0100][gc          ] GC(33) Pause Young (Normal) (G1 Evacuation Pause) 238M->148M(1024M) 13.975ms
[2024-11-18T19:37:36.498+0100][gc,cpu      ] GC(33) User=0.01s Sys=0.03s Real=0.01s
[2024-11-18T19:40:14.150+0100][gc,start    ] GC(34) Pause Young (Normal) (G1 Evacuation Pause)
[2024-11-18T19:40:14.151+0100][gc,task     ] GC(34) Using 8 workers of 8 for evacuation
[2024-11-18T19:40:14.172+0100][gc,mmu      ] GC(34) MMU target violated: 20.8ms (20.0ms/21.0ms)
[2024-11-18T19:40:14.172+0100][gc,phases   ] GC(34)   Pre Evacuate Collection Set: 1.98ms
[2024-11-18T19:40:14.172+0100][gc,phases   ] GC(34)   Merge Heap Roots: 0.34ms
[2024-11-18T19:40:14.172+0100][gc,phases   ] GC(34)   Evacuate Collection Set: 17.21ms
[2024-11-18T19:40:14.172+0100][gc,phases   ] GC(34)   Post Evacuate Collection Set: 0.95ms
[2024-11-18T19:40:14.172+0100][gc,phases   ] GC(34)   Other: 0.49ms
[2024-11-18T19:40:14.172+0100][gc,heap     ] GC(34) Eden regions: 181->0(178)
[2024-11-18T19:40:14.172+0100][gc,heap     ] GC(34) Survivor regions: 2->2(23)
[2024-11-18T19:40:14.172+0100][gc,heap     ] GC(34) Old regions: 19->19
[2024-11-18T19:40:14.172+0100][gc,heap     ] GC(34) Humongous regions: 129->129
[2024-11-18T19:40:14.172+0100][gc,metaspace] GC(34) Metaspace: 52081K(52736K)->52081K(52736K) NonClass: 46205K(46592K)->46205K(46592K) Class: 5875K(6144K)->5875K(6144K)
[2024-11-18T19:40:14.172+0100][gc          ] GC(34) Pause Young (Normal) (G1 Evacuation Pause) 329M->148M(1024M) 22.353ms
[2024-11-18T19:40:14.172+0100][gc,cpu      ] GC(34) User=0.02s Sys=0.08s Real=0.02s
[2024-11-18T19:43:16.891+0100][gc,start    ] GC(35) Pause Young (Normal) (G1 Evacuation Pause)
[2024-11-18T19:43:16.892+0100][gc,task     ] GC(35) Using 8 workers of 8 for evacuation
[2024-11-18T19:43:16.907+0100][gc,phases   ] GC(35)   Pre Evacuate Collection Set: 1.46ms
[2024-11-18T19:43:16.907+0100][gc,phases   ] GC(35)   Merge Heap Roots: 0.31ms
[2024-11-18T19:43:16.907+0100][gc,phases   ] GC(35)   Evacuate Collection Set: 11.02ms
[2024-11-18T19:43:16.907+0100][gc,phases   ] GC(35)   Post Evacuate Collection Set: 1.45ms
[2024-11-18T19:43:16.907+0100][gc,phases   ] GC(35)   Other: 0.38ms
[2024-11-18T19:43:16.907+0100][gc,heap     ] GC(35) Eden regions: 236->0(409)
[2024-11-18T19:43:16.907+0100][gc,heap     ] GC(35) Survivor regions: 2->2(30)
[2024-11-18T19:43:16.907+0100][gc,heap     ] GC(35) Old regions: 19->19
[2024-11-18T19:43:16.907+0100][gc,heap     ] GC(35) Humongous regions: 129->129
[2024-11-18T19:43:16.907+0100][gc,metaspace] GC(35) Metaspace: 52084K(52736K)->52084K(52736K) NonClass: 46209K(46592K)->46209K(46592K) Class: 5875K(6144K)->5875K(6144K)
[2024-11-18T19:43:16.907+0100][gc          ] GC(35) Pause Young (Normal) (G1 Evacuation Pause) 384M->148M(1024M) 16.491ms
[2024-11-18T19:43:16.907+0100][gc,cpu      ] GC(35) User=0.02s Sys=0.03s Real=0.01s
[2024-11-18T19:49:59.829+0100][gc,start    ] GC(36) Pause Young (Normal) (G1 Evacuation Pause)
[2024-11-18T19:49:59.831+0100][gc,task     ] GC(36) Using 8 workers of 8 for evacuation
[2024-11-18T19:49:59.844+0100][gc,phases   ] GC(36)   Pre Evacuate Collection Set: 1.60ms
[2024-11-18T19:49:59.844+0100][gc,phases   ] GC(36)   Merge Heap Roots: 0.37ms
[2024-11-18T19:49:59.844+0100][gc,phases   ] GC(36)   Evacuate Collection Set: 8.68ms
[2024-11-18T19:49:59.844+0100][gc,phases   ] GC(36)   Post Evacuate Collection Set: 2.27ms
[2024-11-18T19:49:59.844+0100][gc,phases   ] GC(36)   Other: 0.40ms
[2024-11-18T19:49:59.844+0100][gc,heap     ] GC(36) Eden regions: 504->0(612)
[2024-11-18T19:49:59.844+0100][gc,heap     ] GC(36) Survivor regions: 2->2(64)
[2024-11-18T19:49:59.844+0100][gc,heap     ] GC(36) Old regions: 19->19
[2024-11-18T19:49:59.844+0100][gc,heap     ] GC(36) Humongous regions: 129->129
[2024-11-18T19:49:59.844+0100][gc,metaspace] GC(36) Metaspace: 52108K(52736K)->52108K(52736K) NonClass: 46229K(46592K)->46229K(46592K) Class: 5878K(6144K)->5878K(6144K)
[2024-11-18T19:49:59.844+0100][gc          ] GC(36) Pause Young (Normal) (G1 Evacuation Pause) 652M->148M(1024M) 15.014ms
[2024-11-18T19:49:59.844+0100][gc,cpu      ] GC(36) User=0.02s Sys=0.02s Real=0.02s
[2024-11-18T19:57:59.112+0100][gc,start    ] GC(37) Pause Young (Normal) (G1 Evacuation Pause)
[2024-11-18T19:57:59.113+0100][gc,task     ] GC(37) Using 8 workers of 8 for evacuation
[2024-11-18T19:57:59.130+0100][gc,phases   ] GC(37)   Pre Evacuate Collection Set: 1.81ms
[2024-11-18T19:57:59.130+0100][gc,phases   ] GC(37)   Merge Heap Roots: 0.56ms
[2024-11-18T19:57:59.130+0100][gc,phases   ] GC(37)   Evacuate Collection Set: 11.28ms
[2024-11-18T19:57:59.130+0100][gc,phases   ] GC(37)   Post Evacuate Collection Set: 2.24ms
[2024-11-18T19:57:59.130+0100][gc,phases   ] GC(37)   Other: 0.40ms
[2024-11-18T19:57:59.130+0100][gc,heap     ] GC(37) Eden regions: 612->0(612)
[2024-11-18T19:57:59.130+0100][gc,heap     ] GC(37) Survivor regions: 2->2(77)
[2024-11-18T19:57:59.130+0100][gc,heap     ] GC(37) Old regions: 19->19
[2024-11-18T19:57:59.130+0100][gc,heap     ] GC(37) Humongous regions: 129->129
[2024-11-18T19:57:59.130+0100][gc,metaspace] GC(37) Metaspace: 52137K(52800K)->52137K(52800K) NonClass: 46258K(46656K)->46258K(46656K) Class: 5878K(6144K)->5878K(6144K)
[2024-11-18T19:57:59.130+0100][gc          ] GC(37) Pause Young (Normal) (G1 Evacuation Pause) 760M->149M(1024M) 18.832ms
[2024-11-18T19:57:59.130+0100][gc,cpu      ] GC(37) User=0.02s Sys=0.04s Real=0.02s
[2024-11-18T20:06:28.790+0100][gc,start    ] GC(38) Pause Young (Normal) (G1 Evacuation Pause)
[2024-11-18T20:06:28.792+0100][gc,task     ] GC(38) Using 8 workers of 8 for evacuation
[2024-11-18T20:06:28.810+0100][gc,phases   ] GC(38)   Pre Evacuate Collection Set: 2.24ms
[2024-11-18T20:06:28.810+0100][gc,phases   ] GC(38)   Merge Heap Roots: 0.65ms
[2024-11-18T20:06:28.810+0100][gc,phases   ] GC(38)   Evacuate Collection Set: 11.63ms
[2024-11-18T20:06:28.810+0100][gc,phases   ] GC(38)   Post Evacuate Collection Set: 2.62ms
[2024-11-18T20:06:28.811+0100][gc,phases   ] GC(38)   Other: 1.33ms
[2024-11-18T20:06:28.811+0100][gc,heap     ] GC(38) Eden regions: 612->0(612)
[2024-11-18T20:06:28.811+0100][gc,heap     ] GC(38) Survivor regions: 2->2(77)
[2024-11-18T20:06:28.811+0100][gc,heap     ] GC(38) Old regions: 19->19
[2024-11-18T20:06:28.811+0100][gc,heap     ] GC(38) Humongous regions: 129->129
[2024-11-18T20:06:28.811+0100][gc,metaspace] GC(38) Metaspace: 52147K(52800K)->52147K(52800K) NonClass: 46268K(46656K)->46268K(46656K) Class: 5878K(6144K)->5878K(6144K)
[2024-11-18T20:06:28.811+0100][gc          ] GC(38) Pause Young (Normal) (G1 Evacuation Pause) 761M->148M(1024M) 20.364ms
[2024-11-18T20:06:28.811+0100][gc,cpu      ] GC(38) User=0.03s Sys=0.03s Real=0.02s
[2024-11-18T20:15:08.107+0100][gc,start    ] GC(39) Pause Young (Normal) (G1 Evacuation Pause)
[2024-11-18T20:15:08.108+0100][gc,task     ] GC(39) Using 8 workers of 8 for evacuation
[2024-11-18T20:15:08.123+0100][gc,phases   ] GC(39)   Pre Evacuate Collection Set: 1.98ms
[2024-11-18T20:15:08.123+0100][gc,phases   ] GC(39)   Merge Heap Roots: 0.53ms
[2024-11-18T20:15:08.123+0100][gc,phases   ] GC(39)   Evacuate Collection Set: 8.96ms
[2024-11-18T20:15:08.123+0100][gc,phases   ] GC(39)   Post Evacuate Collection Set: 2.21ms
[2024-11-18T20:15:08.123+0100][gc,phases   ] GC(39)   Other: 0.44ms
[2024-11-18T20:15:08.123+0100][gc,heap     ] GC(39) Eden regions: 612->0(612)
[2024-11-18T20:15:08.123+0100][gc,heap     ] GC(39) Survivor regions: 2->2(77)
[2024-11-18T20:15:08.123+0100][gc,heap     ] GC(39) Old regions: 19->19
[2024-11-18T20:15:08.123+0100][gc,heap     ] GC(39) Humongous regions: 129->129
[2024-11-18T20:15:08.123+0100][gc,metaspace] GC(39) Metaspace: 52149K(52800K)->52149K(52800K) NonClass: 46271K(46656K)->46271K(46656K) Class: 5878K(6144K)->5878K(6144K)
[2024-11-18T20:15:08.123+0100][gc          ] GC(39) Pause Young (Normal) (G1 Evacuation Pause) 760M->148M(1024M) 16.036ms
[2024-11-18T20:15:08.123+0100][gc,cpu      ] GC(39) User=0.02s Sys=0.03s Real=0.02s
[2024-11-18T20:23:58.277+0100][gc,start    ] GC(40) Pause Young (Normal) (G1 Evacuation Pause)
[2024-11-18T20:23:58.277+0100][gc,task     ] GC(40) Using 8 workers of 8 for evacuation
[2024-11-18T20:23:58.294+0100][gc,phases   ] GC(40)   Pre Evacuate Collection Set: 1.61ms
[2024-11-18T20:23:58.294+0100][gc,phases   ] GC(40)   Merge Heap Roots: 0.51ms
[2024-11-18T20:23:58.294+0100][gc,phases   ] GC(40)   Evacuate Collection Set: 12.00ms
[2024-11-18T20:23:58.294+0100][gc,phases   ] GC(40)   Post Evacuate Collection Set: 2.24ms
[2024-11-18T20:23:58.294+0100][gc,phases   ] GC(40)   Other: 0.31ms
[2024-11-18T20:23:58.294+0100][gc,heap     ] GC(40) Eden regions: 612->0(612)
[2024-11-18T20:23:58.294+0100][gc,heap     ] GC(40) Survivor regions: 2->2(77)
[2024-11-18T20:23:58.294+0100][gc,heap     ] GC(40) Old regions: 19->19
[2024-11-18T20:23:58.294+0100][gc,heap     ] GC(40) Humongous regions: 129->129
[2024-11-18T20:23:58.294+0100][gc,metaspace] GC(40) Metaspace: 52149K(52800K)->52149K(52800K) NonClass: 46271K(46656K)->46271K(46656K) Class: 5878K(6144K)->5878K(6144K)
[2024-11-18T20:23:58.294+0100][gc          ] GC(40) Pause Young (Normal) (G1 Evacuation Pause) 760M->148M(1024M) 17.487ms
[2024-11-18T20:23:58.294+0100][gc,cpu      ] GC(40) User=0.02s Sys=0.04s Real=0.02s
[2024-11-18T20:52:29.573+0100][gc,start    ] GC(41) Pause Young (Normal) (G1 Evacuation Pause)
[2024-11-18T20:52:29.575+0100][gc,task     ] GC(41) Using 8 workers of 8 for evacuation
[2024-11-18T20:52:29.589+0100][gc,phases   ] GC(41)   Pre Evacuate Collection Set: 2.61ms
[2024-11-18T20:52:29.589+0100][gc,phases   ] GC(41)   Merge Heap Roots: 0.47ms
[2024-11-18T20:52:29.589+0100][gc,phases   ] GC(41)   Evacuate Collection Set: 8.02ms
[2024-11-18T20:52:29.589+0100][gc,phases   ] GC(41)   Post Evacuate Collection Set: 2.10ms
[2024-11-18T20:52:29.589+0100][gc,phases   ] GC(41)   Other: 0.63ms
[2024-11-18T20:52:29.589+0100][gc,heap     ] GC(41) Eden regions: 612->0(612)
[2024-11-18T20:52:29.589+0100][gc,heap     ] GC(41) Survivor regions: 2->2(77)
[2024-11-18T20:52:29.589+0100][gc,heap     ] GC(41) Old regions: 19->19
[2024-11-18T20:52:29.589+0100][gc,heap     ] GC(41) Humongous regions: 129->129
[2024-11-18T20:52:29.589+0100][gc,metaspace] GC(41) Metaspace: 52160K(52864K)->52160K(52864K) NonClass: 46281K(46720K)->46281K(46720K) Class: 5878K(6144K)->5878K(6144K)
[2024-11-18T20:52:29.589+0100][gc          ] GC(41) Pause Young (Normal) (G1 Evacuation Pause) 760M->148M(1024M) 15.627ms
[2024-11-18T20:52:29.589+0100][gc,cpu      ] GC(41) User=0.02s Sys=0.03s Real=0.01s
[2024-11-18T21:48:20.623+0100][gc,start    ] GC(42) Pause Young (Normal) (G1 Evacuation Pause)
[2024-11-18T21:48:20.625+0100][gc,task     ] GC(42) Using 8 workers of 8 for evacuation
[2024-11-18T21:48:20.643+0100][gc,phases   ] GC(42)   Pre Evacuate Collection Set: 2.69ms
[2024-11-18T21:48:20.643+0100][gc,phases   ] GC(42)   Merge Heap Roots: 0.47ms
[2024-11-18T21:48:20.643+0100][gc,phases   ] GC(42)   Evacuate Collection Set: 11.05ms
[2024-11-18T21:48:20.643+0100][gc,phases   ] GC(42)   Post Evacuate Collection Set: 2.10ms
[2024-11-18T21:48:20.643+0100][gc,phases   ] GC(42)   Other: 0.39ms
[2024-11-18T21:48:20.643+0100][gc,heap     ] GC(42) Eden regions: 612->0(611)
[2024-11-18T21:48:20.643+0100][gc,heap     ] GC(42) Survivor regions: 2->3(77)
[2024-11-18T21:48:20.643+0100][gc,heap     ] GC(42) Old regions: 19->19
[2024-11-18T21:48:20.643+0100][gc,heap     ] GC(42) Humongous regions: 129->129
[2024-11-18T21:48:20.643+0100][gc,metaspace] GC(42) Metaspace: 52285K(52928K)->52285K(52928K) NonClass: 46406K(46784K)->46406K(46784K) Class: 5878K(6144K)->5878K(6144K)
[2024-11-18T21:48:20.643+0100][gc          ] GC(42) Pause Young (Normal) (G1 Evacuation Pause) 760M->149M(1024M) 19.971ms
[2024-11-18T21:48:20.643+0100][gc,cpu      ] GC(42) User=0.02s Sys=0.04s Real=0.02s
[2024-11-18T23:02:57.164+0100][gc,start    ] GC(43) Pause Young (Normal) (G1 Evacuation Pause)
[2024-11-18T23:02:57.165+0100][gc,task     ] GC(43) Using 8 workers of 8 for evacuation
[2024-11-18T23:02:57.185+0100][gc,phases   ] GC(43)   Pre Evacuate Collection Set: 1.86ms
[2024-11-18T23:02:57.185+0100][gc,phases   ] GC(43)   Merge Heap Roots: 0.32ms
[2024-11-18T23:02:57.185+0100][gc,phases   ] GC(43)   Evacuate Collection Set: 11.96ms
[2024-11-18T23:02:57.185+0100][gc,phases   ] GC(43)   Post Evacuate Collection Set: 5.05ms
[2024-11-18T23:02:57.185+0100][gc,phases   ] GC(43)   Other: 0.32ms
[2024-11-18T23:02:57.185+0100][gc,heap     ] GC(43) Eden regions: 611->0(611)
[2024-11-18T23:02:57.185+0100][gc,heap     ] GC(43) Survivor regions: 3->3(77)
[2024-11-18T23:02:57.185+0100][gc,heap     ] GC(43) Old regions: 19->19
[2024-11-18T23:02:57.185+0100][gc,heap     ] GC(43) Humongous regions: 129->129
[2024-11-18T23:02:57.185+0100][gc,metaspace] GC(43) Metaspace: 52357K(52992K)->52357K(52992K) NonClass: 46477K(46848K)->46477K(46848K) Class: 5879K(6144K)->5879K(6144K)
[2024-11-18T23:02:57.185+0100][gc          ] GC(43) Pause Young (Normal) (G1 Evacuation Pause) 760M->150M(1024M) 21.780ms
[2024-11-18T23:02:57.186+0100][gc,cpu      ] GC(43) User=0.02s Sys=0.05s Real=0.02s
[2024-11-19T00:19:44.530+0100][gc,start    ] GC(44) Pause Young (Normal) (G1 Evacuation Pause)
[2024-11-19T00:19:44.532+0100][gc,task     ] GC(44) Using 8 workers of 8 for evacuation
[2024-11-19T00:19:44.567+0100][gc,mmu      ] GC(44) MMU target violated: 21.0ms (20.0ms/21.0ms)
[2024-11-19T00:19:44.568+0100][gc,phases   ] GC(44)   Pre Evacuate Collection Set: 1.78ms
[2024-11-19T00:19:44.568+0100][gc,phases   ] GC(44)   Merge Heap Roots: 0.42ms
[2024-11-19T00:19:44.568+0100][gc,phases   ] GC(44)   Evacuate Collection Set: 29.32ms
[2024-11-19T00:19:44.568+0100][gc,phases   ] GC(44)   Post Evacuate Collection Set: 3.91ms
[2024-11-19T00:19:44.568+0100][gc,phases   ] GC(44)   Other: 0.41ms
[2024-11-19T00:19:44.568+0100][gc,heap     ] GC(44) Eden regions: 611->0(224)
[2024-11-19T00:19:44.568+0100][gc,heap     ] GC(44) Survivor regions: 3->5(77)
[2024-11-19T00:19:44.568+0100][gc,heap     ] GC(44) Old regions: 19->19
[2024-11-19T00:19:44.568+0100][gc,heap     ] GC(44) Humongous regions: 129->129
[2024-11-19T00:19:44.568+0100][gc,metaspace] GC(44) Metaspace: 52541K(53184K)->52541K(53184K) NonClass: 46657K(47040K)->46657K(47040K) Class: 5883K(6144K)->5883K(6144K)
[2024-11-19T00:19:44.568+0100][gc          ] GC(44) Pause Young (Normal) (G1 Evacuation Pause) 761M->152M(1024M) 38.770ms
[2024-11-19T00:19:44.568+0100][gc,cpu      ] GC(44) User=0.04s Sys=0.10s Real=0.04s
[2024-11-19T01:52:24.324+0100][gc,start    ] GC(45) Pause Young (Normal) (G1 Evacuation Pause)
[2024-11-19T01:52:24.326+0100][gc,task     ] GC(45) Using 8 workers of 8 for evacuation
[2024-11-19T01:52:24.348+0100][gc,mmu      ] GC(45) MMU target violated: 21.0ms (20.0ms/21.0ms)
[2024-11-19T01:52:24.349+0100][gc,phases   ] GC(45)   Pre Evacuate Collection Set: 1.68ms
[2024-11-19T01:52:24.349+0100][gc,phases   ] GC(45)   Merge Heap Roots: 0.30ms
[2024-11-19T01:52:24.349+0100][gc,phases   ] GC(45)   Evacuate Collection Set: 18.96ms
[2024-11-19T01:52:24.349+0100][gc,phases   ] GC(45)   Post Evacuate Collection Set: 1.31ms
[2024-11-19T01:52:24.349+0100][gc,phases   ] GC(45)   Other: 0.42ms
[2024-11-19T01:52:24.349+0100][gc,heap     ] GC(45) Eden regions: 213->0(217)
[2024-11-19T01:52:24.349+0100][gc,heap     ] GC(45) Survivor regions: 5->5(28)
[2024-11-19T01:52:24.349+0100][gc,heap     ] GC(45) Old regions: 19->19
[2024-11-19T01:52:24.349+0100][gc,heap     ] GC(45) Humongous regions: 129->129
[2024-11-19T01:52:24.349+0100][gc,metaspace] GC(45) Metaspace: 52547K(53184K)->52547K(53184K) NonClass: 46663K(47040K)->46663K(47040K) Class: 5883K(6144K)->5883K(6144K)
[2024-11-19T01:52:24.349+0100][gc          ] GC(45) Pause Young (Normal) (G1 Evacuation Pause) 365M->152M(1024M) 25.518ms
[2024-11-19T01:52:24.349+0100][gc,cpu      ] GC(45) User=0.04s Sys=0.05s Real=0.02s
[2024-11-19T03:54:15.257+0100][gc,start    ] GC(46) Pause Young (Normal) (G1 Evacuation Pause)
[2024-11-19T03:54:15.259+0100][gc,task     ] GC(46) Using 8 workers of 8 for evacuation
[2024-11-19T03:54:15.283+0100][gc,mmu      ] GC(46) MMU target violated: 21.0ms (20.0ms/21.0ms)
[2024-11-19T03:54:15.283+0100][gc,phases   ] GC(46)   Pre Evacuate Collection Set: 1.83ms
[2024-11-19T03:54:15.283+0100][gc,phases   ] GC(46)   Merge Heap Roots: 0.31ms
[2024-11-19T03:54:15.283+0100][gc,phases   ] GC(46)   Evacuate Collection Set: 19.58ms
[2024-11-19T03:54:15.283+0100][gc,phases   ] GC(46)   Post Evacuate Collection Set: 1.23ms
[2024-11-19T03:54:15.283+0100][gc,phases   ] GC(46)   Other: 0.41ms
[2024-11-19T03:54:15.283+0100][gc,heap     ] GC(46) Eden regions: 142->0(224)
[2024-11-19T03:54:15.283+0100][gc,heap     ] GC(46) Survivor regions: 5->5(19)
[2024-11-19T03:54:15.283+0100][gc,heap     ] GC(46) Old regions: 19->19
[2024-11-19T03:54:15.283+0100][gc,heap     ] GC(46) Humongous regions: 129->129
[2024-11-19T03:54:15.283+0100][gc,metaspace] GC(46) Metaspace: 52565K(53184K)->52565K(53184K) NonClass: 46682K(47040K)->46682K(47040K) Class: 5883K(6144K)->5883K(6144K)
[2024-11-19T03:54:15.283+0100][gc          ] GC(46) Pause Young (Normal) (G1 Evacuation Pause) 294M->152M(1024M) 26.730ms
[2024-11-19T03:54:15.283+0100][gc,cpu      ] GC(46) User=0.03s Sys=0.05s Real=0.03s
[2024-11-19T05:45:46.309+0100][gc,start    ] GC(47) Pause Young (Normal) (G1 Evacuation Pause)
[2024-11-19T05:45:46.310+0100][gc,task     ] GC(47) Using 8 workers of 8 for evacuation
[2024-11-19T05:45:46.337+0100][gc,mmu      ] GC(47) MMU target violated: 21.0ms (20.0ms/21.0ms)
[2024-11-19T05:45:46.338+0100][gc,phases   ] GC(47)   Pre Evacuate Collection Set: 1.57ms
[2024-11-19T05:45:46.338+0100][gc,phases   ] GC(47)   Merge Heap Roots: 0.35ms
[2024-11-19T05:45:46.338+0100][gc,phases   ] GC(47)   Evacuate Collection Set: 23.14ms
[2024-11-19T05:45:46.338+0100][gc,phases   ] GC(47)   Post Evacuate Collection Set: 1.27ms
[2024-11-19T05:45:46.338+0100][gc,phases   ] GC(47)   Other: 1.02ms
[2024-11-19T05:45:46.338+0100][gc,heap     ] GC(47) Eden regions: 222->0(247)
[2024-11-19T05:45:46.338+0100][gc,heap     ] GC(47) Survivor regions: 5->4(29)
[2024-11-19T05:45:46.338+0100][gc,heap     ] GC(47) Old regions: 19->19
[2024-11-19T05:45:46.338+0100][gc,heap     ] GC(47) Humongous regions: 129->129
[2024-11-19T05:45:46.338+0100][gc,metaspace] GC(47) Metaspace: 52573K(53184K)->52573K(53184K) NonClass: 46689K(47040K)->46689K(47040K) Class: 5883K(6144K)->5883K(6144K)
[2024-11-19T05:45:46.338+0100][gc          ] GC(47) Pause Young (Normal) (G1 Evacuation Pause) 374M->151M(1024M) 29.564ms
[2024-11-19T05:45:46.338+0100][gc,cpu      ] GC(47) User=0.03s Sys=0.05s Real=0.03s
[2024-11-19T08:41:46.924+0100][gc,start    ] GC(48) Pause Young (Normal) (G1 Evacuation Pause)
[2024-11-19T08:41:46.926+0100][gc,task     ] GC(48) Using 8 workers of 8 for evacuation
[2024-11-19T08:41:46.958+0100][gc,mmu      ] GC(48) MMU target violated: 21.0ms (20.0ms/21.0ms)
[2024-11-19T08:41:46.958+0100][gc,phases   ] GC(48)   Pre Evacuate Collection Set: 1.62ms
[2024-11-19T08:41:46.958+0100][gc,phases   ] GC(48)   Merge Heap Roots: 0.29ms
[2024-11-19T08:41:46.958+0100][gc,phases   ] GC(48)   Evacuate Collection Set: 28.98ms
[2024-11-19T08:41:46.958+0100][gc,phases   ] GC(48)   Post Evacuate Collection Set: 1.11ms
[2024-11-19T08:41:46.958+0100][gc,phases   ] GC(48)   Other: 0.46ms
[2024-11-19T08:41:46.959+0100][gc,heap     ] GC(48) Eden regions: 247->0(47)
[2024-11-19T08:41:46.959+0100][gc,heap     ] GC(48) Survivor regions: 4->4(32)
[2024-11-19T08:41:46.959+0100][gc,heap     ] GC(48) Old regions: 19->19
[2024-11-19T08:41:46.959+0100][gc,heap     ] GC(48) Humongous regions: 129->129
[2024-11-19T08:41:46.959+0100][gc,metaspace] GC(48) Metaspace: 52593K(53184K)->52593K(53184K) NonClass: 46709K(47040K)->46709K(47040K) Class: 5883K(6144K)->5883K(6144K)
[2024-11-19T08:41:46.959+0100][gc          ] GC(48) Pause Young (Normal) (G1 Evacuation Pause) 398M->151M(1024M) 35.036ms
[2024-11-19T08:41:46.959+0100][gc,cpu      ] GC(48) User=0.02s Sys=0.11s Real=0.03s
[2024-11-19T08:47:06.920+0100][gc,start    ] GC(49) Pause Young (Normal) (G1 Evacuation Pause)
[2024-11-19T08:47:06.924+0100][gc,task     ] GC(49) Using 8 workers of 8 for evacuation
[2024-11-19T08:47:06.954+0100][gc,mmu      ] GC(49) MMU target violated: 21.0ms (20.0ms/21.0ms)
[2024-11-19T08:47:06.954+0100][gc,phases   ] GC(49)   Pre Evacuate Collection Set: 1.83ms
[2024-11-19T08:47:06.954+0100][gc,phases   ] GC(49)   Merge Heap Roots: 0.62ms
[2024-11-19T08:47:06.954+0100][gc,phases   ] GC(49)   Evacuate Collection Set: 26.77ms
[2024-11-19T08:47:06.954+0100][gc,phases   ] GC(49)   Post Evacuate Collection Set: 0.70ms
[2024-11-19T08:47:06.954+0100][gc,phases   ] GC(49)   Other: 0.44ms
[2024-11-19T08:47:06.954+0100][gc,heap     ] GC(49) Eden regions: 47->0(46)
[2024-11-19T08:47:06.954+0100][gc,heap     ] GC(49) Survivor regions: 4->5(7)
[2024-11-19T08:47:06.954+0100][gc,heap     ] GC(49) Old regions: 19->19
[2024-11-19T08:47:06.954+0100][gc,heap     ] GC(49) Humongous regions: 129->129
[2024-11-19T08:47:06.954+0100][gc,metaspace] GC(49) Metaspace: 52597K(53248K)->52597K(53248K) NonClass: 46713K(47104K)->46713K(47104K) Class: 5883K(6144K)->5883K(6144K)
[2024-11-19T08:47:06.955+0100][gc          ] GC(49) Pause Young (Normal) (G1 Evacuation Pause) 198M->152M(1024M) 35.192ms
[2024-11-19T08:47:06.955+0100][gc,cpu      ] GC(49) User=0.03s Sys=0.09s Real=0.04s
[2024-11-19T08:50:15.316+0100][gc,start    ] GC(50) Pause Young (Normal) (G1 Evacuation Pause)
[2024-11-19T08:50:15.318+0100][gc,task     ] GC(50) Using 8 workers of 8 for evacuation
[2024-11-19T08:50:15.326+0100][gc,phases   ] GC(50)   Pre Evacuate Collection Set: 1.15ms
[2024-11-19T08:50:15.326+0100][gc,phases   ] GC(50)   Merge Heap Roots: 0.20ms
[2024-11-19T08:50:15.326+0100][gc,phases   ] GC(50)   Evacuate Collection Set: 5.95ms
[2024-11-19T08:50:15.326+0100][gc,phases   ] GC(50)   Post Evacuate Collection Set: 0.84ms
[2024-11-19T08:50:15.326+0100][gc,phases   ] GC(50)   Other: 0.20ms
[2024-11-19T08:50:15.326+0100][gc,heap     ] GC(50) Eden regions: 46->0(49)
[2024-11-19T08:50:15.326+0100][gc,heap     ] GC(50) Survivor regions: 5->4(7)
[2024-11-19T08:50:15.326+0100][gc,heap     ] GC(50) Old regions: 19->20
[2024-11-19T08:50:15.326+0100][gc,heap     ] GC(50) Humongous regions: 129->129
[2024-11-19T08:50:15.326+0100][gc,metaspace] GC(50) Metaspace: 52597K(53248K)->52597K(53248K) NonClass: 46713K(47104K)->46713K(47104K) Class: 5883K(6144K)->5883K(6144K)
[2024-11-19T08:50:15.326+0100][gc          ] GC(50) Pause Young (Normal) (G1 Evacuation Pause) 198M->151M(1024M) 10.195ms
[2024-11-19T08:50:15.326+0100][gc,cpu      ] GC(50) User=0.01s Sys=0.03s Real=0.01s
[2024-11-19T08:55:42.860+0100][gc,start    ] GC(51) Pause Young (Normal) (G1 Evacuation Pause)
[2024-11-19T08:55:42.861+0100][gc,task     ] GC(51) Using 8 workers of 8 for evacuation
[2024-11-19T08:55:42.877+0100][gc,phases   ] GC(51)   Pre Evacuate Collection Set: 0.82ms
[2024-11-19T08:55:42.877+0100][gc,phases   ] GC(51)   Merge Heap Roots: 0.16ms
[2024-11-19T08:55:42.877+0100][gc,phases   ] GC(51)   Evacuate Collection Set: 13.47ms
[2024-11-19T08:55:42.877+0100][gc,phases   ] GC(51)   Post Evacuate Collection Set: 0.79ms
[2024-11-19T08:55:42.877+0100][gc,phases   ] GC(51)   Other: 0.15ms
[2024-11-19T08:55:42.877+0100][gc,heap     ] GC(51) Eden regions: 54->0(45)
[2024-11-19T08:55:42.877+0100][gc,heap     ] GC(51) Survivor regions: 4->6(8)
[2024-11-19T08:55:42.877+0100][gc,heap     ] GC(51) Old regions: 20->20
[2024-11-19T08:55:42.877+0100][gc,heap     ] GC(51) Humongous regions: 129->129
[2024-11-19T08:55:42.877+0100][gc,metaspace] GC(51) Metaspace: 52597K(53248K)->52597K(53248K) NonClass: 46713K(47104K)->46713K(47104K) Class: 5883K(6144K)->5883K(6144K)
[2024-11-19T08:55:42.877+0100][gc          ] GC(51) Pause Young (Normal) (G1 Evacuation Pause) 205M->153M(1024M) 17.080ms
[2024-11-19T08:55:42.877+0100][gc,cpu      ] GC(51) User=0.02s Sys=0.05s Real=0.01s
[2024-11-19T08:56:29.035+0100][gc,start    ] GC(52) Pause Young (Normal) (G1 Evacuation Pause)
[2024-11-19T08:56:29.036+0100][gc,task     ] GC(52) Using 8 workers of 8 for evacuation
[2024-11-19T08:56:29.058+0100][gc,mmu      ] GC(52) MMU target violated: 21.0ms (20.0ms/21.0ms)
[2024-11-19T08:56:29.058+0100][gc,phases   ] GC(52)   Pre Evacuate Collection Set: 0.85ms
[2024-11-19T08:56:29.058+0100][gc,phases   ] GC(52)   Merge Heap Roots: 0.17ms
[2024-11-19T08:56:29.058+0100][gc,phases   ] GC(52)   Evacuate Collection Set: 19.39ms
[2024-11-19T08:56:29.058+0100][gc,phases   ] GC(52)   Post Evacuate Collection Set: 1.12ms
[2024-11-19T08:56:29.058+0100][gc,phases   ] GC(52)   Other: 0.23ms
[2024-11-19T08:56:29.058+0100][gc,heap     ] GC(52) Eden regions: 45->0(73)
[2024-11-19T08:56:29.058+0100][gc,heap     ] GC(52) Survivor regions: 6->3(7)
[2024-11-19T08:56:29.058+0100][gc,heap     ] GC(52) Old regions: 20->21
[2024-11-19T08:56:29.058+0100][gc,heap     ] GC(52) Humongous regions: 129->129
[2024-11-19T08:56:29.058+0100][gc,metaspace] GC(52) Metaspace: 52597K(53248K)->52597K(53248K) NonClass: 46713K(47104K)->46713K(47104K) Class: 5883K(6144K)->5883K(6144K)
[2024-11-19T08:56:29.058+0100][gc          ] GC(52) Pause Young (Normal) (G1 Evacuation Pause) 198M->152M(1024M) 23.030ms
[2024-11-19T08:56:29.058+0100][gc,cpu      ] GC(52) User=0.02s Sys=0.04s Real=0.02s
[2024-11-19T09:04:58.925+0100][gc,start    ] GC(53) Pause Young (Normal) (G1 Evacuation Pause)
[2024-11-19T09:04:58.926+0100][gc,task     ] GC(53) Using 8 workers of 8 for evacuation
[2024-11-19T09:04:58.948+0100][gc,mmu      ] GC(53) MMU target violated: 21.0ms (20.0ms/21.0ms)
[2024-11-19T09:04:58.948+0100][gc,phases   ] GC(53)   Pre Evacuate Collection Set: 1.10ms
[2024-11-19T09:04:58.948+0100][gc,phases   ] GC(53)   Merge Heap Roots: 0.21ms
[2024-11-19T09:04:58.948+0100][gc,phases   ] GC(53)   Evacuate Collection Set: 19.47ms
[2024-11-19T09:04:58.948+0100][gc,phases   ] GC(53)   Post Evacuate Collection Set: 0.76ms
[2024-11-19T09:04:58.948+0100][gc,phases   ] GC(53)   Other: 0.27ms
[2024-11-19T09:04:58.948+0100][gc,heap     ] GC(53) Eden regions: 70->0(44)
[2024-11-19T09:04:58.948+0100][gc,heap     ] GC(53) Survivor regions: 3->7(10)
[2024-11-19T09:04:58.948+0100][gc,heap     ] GC(53) Old regions: 21->21
[2024-11-19T09:04:58.948+0100][gc,heap     ] GC(53) Humongous regions: 129->129
[2024-11-19T09:04:58.948+0100][gc,metaspace] GC(53) Metaspace: 52602K(53248K)->52602K(53248K) NonClass: 46718K(47104K)->46718K(47104K) Class: 5883K(6144K)->5883K(6144K)
[2024-11-19T09:04:58.948+0100][gc          ] GC(53) Pause Young (Normal) (G1 Evacuation Pause) 222M->156M(1024M) 22.609ms
[2024-11-19T09:04:58.948+0100][gc,cpu      ] GC(53) User=0.03s Sys=0.07s Real=0.02s
[2024-11-19T09:20:14.178+0100][gc,start    ] GC(54) Pause Young (Normal) (G1 Evacuation Pause)
[2024-11-19T09:20:14.180+0100][gc,task     ] GC(54) Using 8 workers of 8 for evacuation
[2024-11-19T09:20:14.275+0100][gc,mmu      ] GC(54) MMU target violated: 21.0ms (20.0ms/21.0ms)
[2024-11-19T09:20:14.275+0100][gc,phases   ] GC(54)   Pre Evacuate Collection Set: 2.53ms
[2024-11-19T09:20:14.275+0100][gc,phases   ] GC(54)   Merge Heap Roots: 1.30ms
[2024-11-19T09:20:14.275+0100][gc,phases   ] GC(54)   Evacuate Collection Set: 89.86ms
[2024-11-19T09:20:14.275+0100][gc,phases   ] GC(54)   Post Evacuate Collection Set: 1.43ms
[2024-11-19T09:20:14.275+0100][gc,phases   ] GC(54)   Other: 0.45ms
[2024-11-19T09:20:14.275+0100][gc,heap     ] GC(54) Eden regions: 44->0(45)
[2024-11-19T09:20:14.275+0100][gc,heap     ] GC(54) Survivor regions: 7->6(7)
[2024-11-19T09:20:14.275+0100][gc,heap     ] GC(54) Old regions: 21->27
[2024-11-19T09:20:14.275+0100][gc,heap     ] GC(54) Humongous regions: 129->129
[2024-11-19T09:20:14.275+0100][gc,metaspace] GC(54) Metaspace: 52602K(53248K)->52602K(53248K) NonClass: 46718K(47104K)->46718K(47104K) Class: 5883K(6144K)->5883K(6144K)
[2024-11-19T09:20:14.275+0100][gc          ] GC(54) Pause Young (Normal) (G1 Evacuation Pause) 200M->161M(1024M) 96.993ms
[2024-11-19T09:20:14.275+0100][gc,cpu      ] GC(54) User=0.04s Sys=0.05s Real=0.10s
[2024-11-19T13:23:24.011+0100][gc,start    ] GC(55) Pause Young (Normal) (G1 Evacuation Pause)
[2024-11-19T13:23:24.015+0100][gc,task     ] GC(55) Using 8 workers of 8 for evacuation
[2024-11-19T13:23:24.043+0100][gc,mmu      ] GC(55) MMU target violated: 21.0ms (20.0ms/21.0ms)
[2024-11-19T13:23:24.044+0100][gc,phases   ] GC(55)   Pre Evacuate Collection Set: 1.88ms
[2024-11-19T13:23:24.044+0100][gc,phases   ] GC(55)   Merge Heap Roots: 0.33ms
[2024-11-19T13:23:24.044+0100][gc,phases   ] GC(55)   Evacuate Collection Set: 24.97ms
[2024-11-19T13:23:24.044+0100][gc,phases   ] GC(55)   Post Evacuate Collection Set: 0.87ms
[2024-11-19T13:23:24.044+0100][gc,phases   ] GC(55)   Other: 0.45ms
[2024-11-19T13:23:24.044+0100][gc,heap     ] GC(55) Eden regions: 45->0(46)
[2024-11-19T13:23:24.044+0100][gc,heap     ] GC(55) Survivor regions: 6->5(7)
[2024-11-19T13:23:24.044+0100][gc,heap     ] GC(55) Old regions: 27->31
[2024-11-19T13:23:24.044+0100][gc,heap     ] GC(55) Humongous regions: 129->129
[2024-11-19T13:23:24.044+0100][gc,metaspace] GC(55) Metaspace: 52603K(53248K)->52603K(53248K) NonClass: 46719K(47104K)->46719K(47104K) Class: 5883K(6144K)->5883K(6144K)
[2024-11-19T13:23:24.044+0100][gc          ] GC(55) Pause Young (Normal) (G1 Evacuation Pause) 206M->164M(1024M) 33.427ms
[2024-11-19T13:23:24.044+0100][gc,cpu      ] GC(55) User=0.04s Sys=0.08s Real=0.03s
[2024-11-19T13:36:05.285+0100][gc,start    ] GC(56) Pause Young (Normal) (G1 Evacuation Pause)
[2024-11-19T13:36:05.286+0100][gc,task     ] GC(56) Using 8 workers of 8 for evacuation
[2024-11-19T13:36:05.307+0100][gc,mmu      ] GC(56) MMU target violated: 20.8ms (20.0ms/21.0ms)
[2024-11-19T13:36:05.307+0100][gc,phases   ] GC(56)   Pre Evacuate Collection Set: 1.90ms
[2024-11-19T13:36:05.307+0100][gc,phases   ] GC(56)   Merge Heap Roots: 0.46ms
[2024-11-19T13:36:05.307+0100][gc,phases   ] GC(56)   Evacuate Collection Set: 17.41ms
[2024-11-19T13:36:05.307+0100][gc,phases   ] GC(56)   Post Evacuate Collection Set: 0.90ms
[2024-11-19T13:36:05.307+0100][gc,phases   ] GC(56)   Other: 0.33ms
[2024-11-19T13:36:05.307+0100][gc,heap     ] GC(56) Eden regions: 46->0(46)
[2024-11-19T13:36:05.307+0100][gc,heap     ] GC(56) Survivor regions: 5->5(7)
[2024-11-19T13:36:05.307+0100][gc,heap     ] GC(56) Old regions: 31->35
[2024-11-19T13:36:05.307+0100][gc,heap     ] GC(56) Humongous regions: 129->129
[2024-11-19T13:36:05.307+0100][gc,metaspace] GC(56) Metaspace: 52848K(53440K)->52848K(53440K) NonClass: 46908K(47232K)->46908K(47232K) Class: 5939K(6208K)->5939K(6208K)
[2024-11-19T13:36:05.307+0100][gc          ] GC(56) Pause Young (Normal) (G1 Evacuation Pause) 210M->168M(1024M) 22.944ms
[2024-11-19T13:36:05.307+0100][gc,cpu      ] GC(56) User=0.04s Sys=0.06s Real=0.02s
[2024-11-19T13:39:34.931+0100][gc,start    ] GC(57) Pause Young (Normal) (G1 Evacuation Pause)
[2024-11-19T13:39:34.933+0100][gc,task     ] GC(57) Using 8 workers of 8 for evacuation
[2024-11-19T13:39:34.945+0100][gc,phases   ] GC(57)   Pre Evacuate Collection Set: 0.88ms
[2024-11-19T13:39:34.945+0100][gc,phases   ] GC(57)   Merge Heap Roots: 0.17ms
[2024-11-19T13:39:34.945+0100][gc,phases   ] GC(57)   Evacuate Collection Set: 9.08ms
[2024-11-19T13:39:34.945+0100][gc,phases   ] GC(57)   Post Evacuate Collection Set: 0.65ms
[2024-11-19T13:39:34.945+0100][gc,phases   ] GC(57)   Other: 0.13ms
[2024-11-19T13:39:34.945+0100][gc,heap     ] GC(57) Eden regions: 46->0(48)
[2024-11-19T13:39:34.945+0100][gc,heap     ] GC(57) Survivor regions: 5->3(7)
[2024-11-19T13:39:34.945+0100][gc,heap     ] GC(57) Old regions: 35->39
[2024-11-19T13:39:34.945+0100][gc,heap     ] GC(57) Humongous regions: 129->129
[2024-11-19T13:39:34.945+0100][gc,metaspace] GC(57) Metaspace: 52855K(53504K)->52855K(53504K) NonClass: 46914K(47296K)->46914K(47296K) Class: 5941K(6208K)->5941K(6208K)
[2024-11-19T13:39:34.945+0100][gc          ] GC(57) Pause Young (Normal) (G1 Evacuation Pause) 214M->170M(1024M) 13.388ms
[2024-11-19T13:39:34.945+0100][gc,cpu      ] GC(57) User=0.02s Sys=0.04s Real=0.01s
[2024-11-19T13:43:48.646+0100][gc,start    ] GC(58) Pause Young (Normal) (G1 Evacuation Pause)
[2024-11-19T13:43:48.649+0100][gc,task     ] GC(58) Using 8 workers of 8 for evacuation
[2024-11-19T13:43:48.673+0100][gc,mmu      ] GC(58) MMU target violated: 21.0ms (20.0ms/21.0ms)
[2024-11-19T13:43:48.673+0100][gc,phases   ] GC(58)   Pre Evacuate Collection Set: 1.83ms
[2024-11-19T13:43:48.673+0100][gc,phases   ] GC(58)   Merge Heap Roots: 0.23ms
[2024-11-19T13:43:48.673+0100][gc,phases   ] GC(58)   Evacuate Collection Set: 19.45ms
[2024-11-19T13:43:48.673+0100][gc,phases   ] GC(58)   Post Evacuate Collection Set: 0.70ms
[2024-11-19T13:43:48.673+0100][gc,phases   ] GC(58)   Other: 1.35ms
[2024-11-19T13:43:48.673+0100][gc,heap     ] GC(58) Eden regions: 57->0(44)
[2024-11-19T13:43:48.673+0100][gc,heap     ] GC(58) Survivor regions: 3->7(8)
[2024-11-19T13:43:48.673+0100][gc,heap     ] GC(58) Old regions: 39->39
[2024-11-19T13:43:48.673+0100][gc,heap     ] GC(58) Humongous regions: 129->129
[2024-11-19T13:43:48.673+0100][gc,metaspace] GC(58) Metaspace: 52856K(53504K)->52856K(53504K) NonClass: 46915K(47296K)->46915K(47296K) Class: 5941K(6208K)->5941K(6208K)
[2024-11-19T13:43:48.674+0100][gc          ] GC(58) Pause Young (Normal) (G1 Evacuation Pause) 227M->174M(1024M) 27.362ms
[2024-11-19T13:43:48.674+0100][gc,cpu      ] GC(58) User=0.04s Sys=0.06s Real=0.03s
[2024-11-19T14:16:20.289+0100][gc,start    ] GC(59) Pause Young (Normal) (G1 Evacuation Pause)
[2024-11-19T14:16:20.292+0100][gc,task     ] GC(59) Using 8 workers of 8 for evacuation
[2024-11-19T14:16:20.316+0100][gc,mmu      ] GC(59) MMU target violated: 21.0ms (20.0ms/21.0ms)
[2024-11-19T14:16:20.316+0100][gc,phases   ] GC(59)   Pre Evacuate Collection Set: 2.11ms
[2024-11-19T14:16:20.316+0100][gc,phases   ] GC(59)   Merge Heap Roots: 1.07ms
[2024-11-19T14:16:20.316+0100][gc,phases   ] GC(59)   Evacuate Collection Set: 17.86ms
[2024-11-19T14:16:20.316+0100][gc,phases   ] GC(59)   Post Evacuate Collection Set: 2.25ms
[2024-11-19T14:16:20.317+0100][gc,phases   ] GC(59)   Other: 1.68ms
[2024-11-19T14:16:20.317+0100][gc,heap     ] GC(59) Eden regions: 44->0(68)
[2024-11-19T14:16:20.317+0100][gc,heap     ] GC(59) Survivor regions: 7->2(7)
[2024-11-19T14:16:20.317+0100][gc,heap     ] GC(59) Old regions: 39->46
[2024-11-19T14:16:20.317+0100][gc,heap     ] GC(59) Humongous regions: 129->129
[2024-11-19T14:16:20.317+0100][gc,metaspace] GC(59) Metaspace: 52862K(53504K)->52862K(53504K) NonClass: 46920K(47296K)->46920K(47296K) Class: 5941K(6208K)->5941K(6208K)
[2024-11-19T14:16:20.317+0100][gc          ] GC(59) Pause Young (Normal) (G1 Evacuation Pause) 218M->175M(1024M) 28.971ms
[2024-11-19T14:16:20.317+0100][gc,cpu      ] GC(59) User=0.03s Sys=0.05s Real=0.03s
[2024-11-19T15:17:34.617+0100][gc,start    ] GC(60) Pause Young (Normal) (G1 Evacuation Pause)
[2024-11-19T15:17:34.619+0100][gc,task     ] GC(60) Using 8 workers of 8 for evacuation
[2024-11-19T15:17:34.631+0100][gc,phases   ] GC(60)   Pre Evacuate Collection Set: 1.65ms
[2024-11-19T15:17:34.631+0100][gc,phases   ] GC(60)   Merge Heap Roots: 0.79ms
[2024-11-19T15:17:34.631+0100][gc,phases   ] GC(60)   Evacuate Collection Set: 6.76ms
[2024-11-19T15:17:34.631+0100][gc,phases   ] GC(60)   Post Evacuate Collection Set: 1.60ms
[2024-11-19T15:17:34.632+0100][gc,phases   ] GC(60)   Other: 1.68ms
[2024-11-19T15:17:34.632+0100][gc,heap     ] GC(60) Eden regions: 78->0(94)
[2024-11-19T15:17:34.632+0100][gc,heap     ] GC(60) Survivor regions: 2->1(10)
[2024-11-19T15:17:34.632+0100][gc,heap     ] GC(60) Old regions: 46->46
[2024-11-19T15:17:34.632+0100][gc,heap     ] GC(60) Humongous regions: 129->129
[2024-11-19T15:17:34.632+0100][gc,metaspace] GC(60) Metaspace: 52862K(53504K)->52862K(53504K) NonClass: 46921K(47296K)->46921K(47296K) Class: 5941K(6208K)->5941K(6208K)
[2024-11-19T15:17:34.632+0100][gc          ] GC(60) Pause Young (Normal) (G1 Evacuation Pause) 253M->174M(1024M) 16.191ms
[2024-11-19T15:17:34.632+0100][gc,cpu      ] GC(60) User=0.01s Sys=0.02s Real=0.02s
[2024-11-19T16:40:50.257+0100][gc,start    ] GC(61) Pause Young (Normal) (G1 Evacuation Pause)
[2024-11-19T16:40:50.259+0100][gc,task     ] GC(61) Using 8 workers of 8 for evacuation
[2024-11-19T16:40:50.272+0100][gc,phases   ] GC(61)   Pre Evacuate Collection Set: 1.92ms
[2024-11-19T16:40:50.273+0100][gc,phases   ] GC(61)   Merge Heap Roots: 0.27ms
[2024-11-19T16:40:50.273+0100][gc,phases   ] GC(61)   Evacuate Collection Set: 9.33ms
[2024-11-19T16:40:50.273+0100][gc,phases   ] GC(61)   Post Evacuate Collection Set: 1.43ms
[2024-11-19T16:40:50.273+0100][gc,phases   ] GC(61)   Other: 0.51ms
[2024-11-19T16:40:50.273+0100][gc,heap     ] GC(61) Eden regions: 104->0(102)
[2024-11-19T16:40:50.273+0100][gc,heap     ] GC(61) Survivor regions: 1->1(14)
[2024-11-19T16:40:50.273+0100][gc,heap     ] GC(61) Old regions: 46->46
[2024-11-19T16:40:50.273+0100][gc,heap     ] GC(61) Humongous regions: 129->129
[2024-11-19T16:40:50.273+0100][gc,metaspace] GC(61) Metaspace: 52862K(53504K)->52862K(53504K) NonClass: 46921K(47296K)->46921K(47296K) Class: 5941K(6208K)->5941K(6208K)
[2024-11-19T16:40:50.273+0100][gc          ] GC(61) Pause Young (Normal) (G1 Evacuation Pause) 278M->174M(1024M) 15.333ms
[2024-11-19T16:40:50.273+0100][gc,cpu      ] GC(61) User=0.01s Sys=0.03s Real=0.02s
[2024-11-19T18:07:44.374+0100][gc,start    ] GC(62) Pause Young (Normal) (G1 Evacuation Pause)
[2024-11-19T18:07:44.375+0100][gc,task     ] GC(62) Using 8 workers of 8 for evacuation
[2024-11-19T18:07:44.391+0100][gc,phases   ] GC(62)   Pre Evacuate Collection Set: 1.48ms
[2024-11-19T18:07:44.391+0100][gc,phases   ] GC(62)   Merge Heap Roots: 0.23ms
[2024-11-19T18:07:44.391+0100][gc,phases   ] GC(62)   Evacuate Collection Set: 11.54ms
[2024-11-19T18:07:44.391+0100][gc,phases   ] GC(62)   Post Evacuate Collection Set: 1.65ms
[2024-11-19T18:07:44.391+0100][gc,phases   ] GC(62)   Other: 0.60ms
[2024-11-19T18:07:44.391+0100][gc,heap     ] GC(62) Eden regions: 109->0(115)
[2024-11-19T18:07:44.391+0100][gc,heap     ] GC(62) Survivor regions: 1->1(14)
[2024-11-19T18:07:44.391+0100][gc,heap     ] GC(62) Old regions: 46->46
[2024-11-19T18:07:44.391+0100][gc,heap     ] GC(62) Humongous regions: 129->129
[2024-11-19T18:07:44.391+0100][gc,metaspace] GC(62) Metaspace: 52863K(53504K)->52863K(53504K) NonClass: 46921K(47296K)->46921K(47296K) Class: 5941K(6208K)->5941K(6208K)
[2024-11-19T18:07:44.391+0100][gc          ] GC(62) Pause Young (Normal) (G1 Evacuation Pause) 283M->174M(1024M) 17.822ms
[2024-11-19T18:07:44.391+0100][gc,cpu      ] GC(62) User=0.01s Sys=0.03s Real=0.02s
[2024-11-20T00:43:18.220+0100][gc,start    ] GC(63) Pause Young (Normal) (G1 Evacuation Pause)
[2024-11-20T00:43:18.222+0100][gc,task     ] GC(63) Using 8 workers of 8 for evacuation
[2024-11-20T00:43:18.242+0100][gc,phases   ] GC(63)   Pre Evacuate Collection Set: 2.14ms
[2024-11-20T00:43:18.242+0100][gc,phases   ] GC(63)   Merge Heap Roots: 0.39ms
[2024-11-20T00:43:18.242+0100][gc,phases   ] GC(63)   Evacuate Collection Set: 13.35ms
[2024-11-20T00:43:18.242+0100][gc,phases   ] GC(63)   Post Evacuate Collection Set: 2.41ms
[2024-11-20T00:43:18.242+0100][gc,phases   ] GC(63)   Other: 1.43ms
[2024-11-20T00:43:18.242+0100][gc,heap     ] GC(63) Eden regions: 121->0(117)
[2024-11-20T00:43:18.242+0100][gc,heap     ] GC(63) Survivor regions: 1->1(16)
[2024-11-20T00:43:18.242+0100][gc,heap     ] GC(63) Old regions: 46->46
[2024-11-20T00:43:18.242+0100][gc,heap     ] GC(63) Humongous regions: 129->129
[2024-11-20T00:43:18.242+0100][gc,metaspace] GC(63) Metaspace: 52867K(53504K)->52867K(53504K) NonClass: 46925K(47296K)->46925K(47296K) Class: 5941K(6208K)->5941K(6208K)
[2024-11-20T00:43:18.242+0100][gc          ] GC(63) Pause Young (Normal) (G1 Evacuation Pause) 295M->174M(1024M) 22.773ms
[2024-11-20T00:43:18.242+0100][gc,cpu      ] GC(63) User=0.01s Sys=0.04s Real=0.02s
[2024-11-20T15:43:09.049+0100][gc,start    ] GC(64) Pause Young (Normal) (G1 Evacuation Pause)
[2024-11-20T15:43:09.050+0100][gc,task     ] GC(64) Using 8 workers of 8 for evacuation
[2024-11-20T15:43:09.061+0100][gc,phases   ] GC(64)   Pre Evacuate Collection Set: 1.23ms
[2024-11-20T15:43:09.061+0100][gc,phases   ] GC(64)   Merge Heap Roots: 0.22ms
[2024-11-20T15:43:09.061+0100][gc,phases   ] GC(64)   Evacuate Collection Set: 7.65ms
[2024-11-20T15:43:09.061+0100][gc,phases   ] GC(64)   Post Evacuate Collection Set: 1.08ms
[2024-11-20T15:43:09.062+0100][gc,phases   ] GC(64)   Other: 0.54ms
[2024-11-20T15:43:09.062+0100][gc,heap     ] GC(64) Eden regions: 123->0(154)
[2024-11-20T15:43:09.062+0100][gc,heap     ] GC(64) Survivor regions: 1->1(16)
[2024-11-20T15:43:09.062+0100][gc,heap     ] GC(64) Old regions: 46->46
[2024-11-20T15:43:09.062+0100][gc,heap     ] GC(64) Humongous regions: 129->129
[2024-11-20T15:43:09.062+0100][gc,metaspace] GC(64) Metaspace: 52897K(53568K)->52897K(53568K) NonClass: 46955K(47360K)->46955K(47360K) Class: 5941K(6208K)->5941K(6208K)
[2024-11-20T15:43:09.062+0100][gc          ] GC(64) Pause Young (Normal) (G1 Evacuation Pause) 297M->174M(1024M) 12.601ms
[2024-11-20T15:43:09.062+0100][gc,cpu      ] GC(64) User=0.01s Sys=0.02s Real=0.02s
[2024-11-20T17:51:56.509+0100][gc,start    ] GC(65) Pause Young (Normal) (G1 Evacuation Pause)
[2024-11-20T17:51:56.511+0100][gc,task     ] GC(65) Using 8 workers of 8 for evacuation
[2024-11-20T17:51:56.540+0100][gc,mmu      ] GC(65) MMU target violated: 21.0ms (20.0ms/21.0ms)
[2024-11-20T17:51:56.540+0100][gc,phases   ] GC(65)   Pre Evacuate Collection Set: 2.59ms
[2024-11-20T17:51:56.540+0100][gc,phases   ] GC(65)   Merge Heap Roots: 0.16ms
[2024-11-20T17:51:56.540+0100][gc,phases   ] GC(65)   Evacuate Collection Set: 19.52ms
[2024-11-20T17:51:56.540+0100][gc,phases   ] GC(65)   Post Evacuate Collection Set: 6.03ms
[2024-11-20T17:51:56.540+0100][gc,phases   ] GC(65)   Other: 0.46ms
[2024-11-20T17:51:56.540+0100][gc,heap     ] GC(65) Eden regions: 158->0(117)
[2024-11-20T17:51:56.540+0100][gc,heap     ] GC(65) Survivor regions: 1->1(20)
[2024-11-20T17:51:56.540+0100][gc,heap     ] GC(65) Old regions: 46->46
[2024-11-20T17:51:56.540+0100][gc,heap     ] GC(65) Humongous regions: 129->129
[2024-11-20T17:51:56.540+0100][gc,metaspace] GC(65) Metaspace: 52907K(53568K)->52907K(53568K) NonClass: 46966K(47360K)->46966K(47360K) Class: 5941K(6208K)->5941K(6208K)
[2024-11-20T17:51:56.540+0100][gc          ] GC(65) Pause Young (Normal) (G1 Evacuation Pause) 332M->174M(1024M) 31.115ms
[2024-11-20T17:51:56.541+0100][gc,cpu      ] GC(65) User=0.01s Sys=0.02s Real=0.04s
[2024-11-20T19:31:04.291+0100][gc,start    ] GC(66) Pause Young (Normal) (G1 Evacuation Pause)
[2024-11-20T19:31:04.294+0100][gc,task     ] GC(66) Using 8 workers of 8 for evacuation
[2024-11-20T19:31:04.369+0100][gc,mmu      ] GC(66) MMU target violated: 21.0ms (20.0ms/21.0ms)
[2024-11-20T19:31:04.369+0100][gc,phases   ] GC(66)   Pre Evacuate Collection Set: 10.80ms
[2024-11-20T19:31:04.369+0100][gc,phases   ] GC(66)   Merge Heap Roots: 0.75ms
[2024-11-20T19:31:04.369+0100][gc,phases   ] GC(66)   Evacuate Collection Set: 50.94ms
[2024-11-20T19:31:04.369+0100][gc,phases   ] GC(66)   Post Evacuate Collection Set: 7.58ms
[2024-11-20T19:31:04.369+0100][gc,phases   ] GC(66)   Other: 4.86ms
[2024-11-20T19:31:04.369+0100][gc,heap     ] GC(66) Eden regions: 122->0(50)
[2024-11-20T19:31:04.369+0100][gc,heap     ] GC(66) Survivor regions: 1->1(16)
[2024-11-20T19:31:04.369+0100][gc,heap     ] GC(66) Old regions: 46->46
[2024-11-20T19:31:04.369+0100][gc,heap     ] GC(66) Humongous regions: 129->129
[2024-11-20T19:31:04.369+0100][gc,metaspace] GC(66) Metaspace: 52963K(53632K)->52963K(53632K) NonClass: 47021K(47424K)->47021K(47424K) Class: 5941K(6208K)->5941K(6208K)
[2024-11-20T19:31:04.369+0100][gc          ] GC(66) Pause Young (Normal) (G1 Evacuation Pause) 296M->174M(1024M) 79.455ms
[2024-11-20T19:31:04.370+0100][gc,cpu      ] GC(66) User=0.02s Sys=0.04s Real=0.07s
[2024-11-20T20:11:19.233+0100][gc,start    ] GC(67) Pause Young (Normal) (G1 Evacuation Pause)
[2024-11-20T20:11:19.235+0100][gc,task     ] GC(67) Using 8 workers of 8 for evacuation
[2024-11-20T20:11:19.252+0100][gc,phases   ] GC(67)   Pre Evacuate Collection Set: 2.30ms
[2024-11-20T20:11:19.252+0100][gc,phases   ] GC(67)   Merge Heap Roots: 0.27ms
[2024-11-20T20:11:19.252+0100][gc,phases   ] GC(67)   Evacuate Collection Set: 11.93ms
[2024-11-20T20:11:19.252+0100][gc,phases   ] GC(67)   Post Evacuate Collection Set: 1.34ms
[2024-11-20T20:11:19.252+0100][gc,phases   ] GC(67)   Other: 0.71ms
[2024-11-20T20:11:19.252+0100][gc,heap     ] GC(67) Eden regions: 50->0(70)
[2024-11-20T20:11:19.252+0100][gc,heap     ] GC(67) Survivor regions: 1->1(7)
[2024-11-20T20:11:19.252+0100][gc,heap     ] GC(67) Old regions: 46->46
[2024-11-20T20:11:19.252+0100][gc,heap     ] GC(67) Humongous regions: 129->129
[2024-11-20T20:11:19.252+0100][gc,metaspace] GC(67) Metaspace: 52964K(53632K)->52964K(53632K) NonClass: 47022K(47424K)->47022K(47424K) Class: 5941K(6208K)->5941K(6208K)
[2024-11-20T20:11:19.252+0100][gc          ] GC(67) Pause Young (Normal) (G1 Evacuation Pause) 224M->174M(1024M) 19.616ms
[2024-11-20T20:11:19.252+0100][gc,cpu      ] GC(67) User=0.01s Sys=0.04s Real=0.02s
[2024-11-20T21:47:23.250+0100][gc,start    ] GC(68) Pause Young (Normal) (G1 Evacuation Pause)
[2024-11-20T21:47:23.253+0100][gc,task     ] GC(68) Using 8 workers of 8 for evacuation
[2024-11-20T21:47:23.337+0100][gc,mmu      ] GC(68) MMU target violated: 21.0ms (20.0ms/21.0ms)
[2024-11-20T21:47:23.338+0100][gc,phases   ] GC(68)   Pre Evacuate Collection Set: 1.97ms
[2024-11-20T21:47:23.338+0100][gc,phases   ] GC(68)   Merge Heap Roots: 0.50ms
[2024-11-20T21:47:23.338+0100][gc,phases   ] GC(68)   Evacuate Collection Set: 79.94ms
[2024-11-20T21:47:23.338+0100][gc,phases   ] GC(68)   Post Evacuate Collection Set: 1.15ms
[2024-11-20T21:47:23.338+0100][gc,phases   ] GC(68)   Other: 0.41ms
[2024-11-20T21:47:23.338+0100][gc,heap     ] GC(68) Eden regions: 72->0(50)
[2024-11-20T21:47:23.338+0100][gc,heap     ] GC(68) Survivor regions: 1->1(10)
[2024-11-20T21:47:23.338+0100][gc,heap     ] GC(68) Old regions: 46->46
[2024-11-20T21:47:23.338+0100][gc,heap     ] GC(68) Humongous regions: 129->129
[2024-11-20T21:47:23.338+0100][gc,metaspace] GC(68) Metaspace: 53142K(53824K)->53142K(53824K) NonClass: 47175K(47552K)->47175K(47552K) Class: 5966K(6272K)->5966K(6272K)
[2024-11-20T21:47:23.338+0100][gc          ] GC(68) Pause Young (Normal) (G1 Evacuation Pause) 246M->174M(1024M) 88.355ms
[2024-11-20T21:47:23.338+0100][gc,cpu      ] GC(68) User=0.01s Sys=0.03s Real=0.09s
[2024-11-20T22:27:23.281+0100][gc,start    ] GC(69) Pause Young (Normal) (G1 Evacuation Pause)
[2024-11-20T22:27:23.282+0100][gc,task     ] GC(69) Using 8 workers of 8 for evacuation
[2024-11-20T22:27:23.299+0100][gc,phases   ] GC(69)   Pre Evacuate Collection Set: 1.80ms
[2024-11-20T22:27:23.299+0100][gc,phases   ] GC(69)   Merge Heap Roots: 0.33ms
[2024-11-20T22:27:23.299+0100][gc,phases   ] GC(69)   Evacuate Collection Set: 10.90ms
[2024-11-20T22:27:23.299+0100][gc,phases   ] GC(69)   Post Evacuate Collection Set: 0.86ms
[2024-11-20T22:27:23.299+0100][gc,phases   ] GC(69)   Other: 2.36ms
[2024-11-20T22:27:23.299+0100][gc,heap     ] GC(69) Eden regions: 50->0(86)
[2024-11-20T22:27:23.299+0100][gc,heap     ] GC(69) Survivor regions: 1->1(7)
[2024-11-20T22:27:23.299+0100][gc,heap     ] GC(69) Old regions: 46->46
[2024-11-20T22:27:23.299+0100][gc,heap     ] GC(69) Humongous regions: 129->129
[2024-11-20T22:27:23.299+0100][gc,metaspace] GC(69) Metaspace: 53142K(53824K)->53142K(53824K) NonClass: 47175K(47552K)->47175K(47552K) Class: 5966K(6272K)->5966K(6272K)
[2024-11-20T22:27:23.299+0100][gc          ] GC(69) Pause Young (Normal) (G1 Evacuation Pause) 224M->174M(1024M) 18.761ms
[2024-11-20T22:27:23.299+0100][gc,cpu      ] GC(69) User=0.01s Sys=0.04s Real=0.01s
[2024-11-20T22:31:06.546+0100][gc,start    ] GC(70) Pause Young (Normal) (G1 Evacuation Pause)
[2024-11-20T22:31:06.547+0100][gc,task     ] GC(70) Using 8 workers of 8 for evacuation
[2024-11-20T22:31:06.567+0100][gc,phases   ] GC(70)   Pre Evacuate Collection Set: 1.14ms
[2024-11-20T22:31:06.567+0100][gc,phases   ] GC(70)   Merge Heap Roots: 0.23ms
[2024-11-20T22:31:06.567+0100][gc,phases   ] GC(70)   Evacuate Collection Set: 16.40ms
[2024-11-20T22:31:06.567+0100][gc,phases   ] GC(70)   Post Evacuate Collection Set: 1.49ms
[2024-11-20T22:31:06.567+0100][gc,phases   ] GC(70)   Other: 0.22ms
[2024-11-20T22:31:06.567+0100][gc,heap     ] GC(70) Eden regions: 71->0(49)
[2024-11-20T22:31:06.567+0100][gc,heap     ] GC(70) Survivor regions: 1->2(9)
[2024-11-20T22:31:06.567+0100][gc,heap     ] GC(70) Old regions: 46->46
[2024-11-20T22:31:06.567+0100][gc,heap     ] GC(70) Humongous regions: 129->129
[2024-11-20T22:31:06.567+0100][gc,metaspace] GC(70) Metaspace: 53143K(53824K)->53143K(53824K) NonClass: 47176K(47552K)->47176K(47552K) Class: 5966K(6272K)->5966K(6272K)
[2024-11-20T22:31:06.567+0100][gc          ] GC(70) Pause Young (Normal) (G1 Evacuation Pause) 245M->175M(1024M) 22.022ms
[2024-11-20T22:31:06.568+0100][gc,cpu      ] GC(70) User=0.02s Sys=0.06s Real=0.02s
[2024-11-20T22:50:53.255+0100][gc,start    ] GC(71) Pause Young (Normal) (G1 Evacuation Pause)
[2024-11-20T22:50:53.258+0100][gc,task     ] GC(71) Using 8 workers of 8 for evacuation
[2024-11-20T22:50:53.275+0100][gc,phases   ] GC(71)   Pre Evacuate Collection Set: 1.37ms
[2024-11-20T22:50:53.275+0100][gc,phases   ] GC(71)   Merge Heap Roots: 0.69ms
[2024-11-20T22:50:53.275+0100][gc,phases   ] GC(71)   Evacuate Collection Set: 13.12ms
[2024-11-20T22:50:53.275+0100][gc,phases   ] GC(71)   Post Evacuate Collection Set: 1.24ms
[2024-11-20T22:50:53.276+0100][gc,phases   ] GC(71)   Other: 1.25ms
[2024-11-20T22:50:53.276+0100][gc,heap     ] GC(71) Eden regions: 49->0(49)
[2024-11-20T22:50:53.276+0100][gc,heap     ] GC(71) Survivor regions: 2->2(7)
[2024-11-20T22:50:53.276+0100][gc,heap     ] GC(71) Old regions: 46->46
[2024-11-20T22:50:53.276+0100][gc,heap     ] GC(71) Humongous regions: 129->129
[2024-11-20T22:50:53.276+0100][gc,metaspace] GC(71) Metaspace: 53143K(53824K)->53143K(53824K) NonClass: 47176K(47552K)->47176K(47552K) Class: 5966K(6272K)->5966K(6272K)
[2024-11-20T22:50:53.276+0100][gc          ] GC(71) Pause Young (Normal) (G1 Evacuation Pause) 224M->175M(1024M) 21.820ms
[2024-11-20T22:50:53.276+0100][gc,cpu      ] GC(71) User=0.01s Sys=0.04s Real=0.02s
[2024-11-20T23:06:05.568+0100][gc,start    ] GC(72) Pause Young (Normal) (G1 Evacuation Pause)
[2024-11-20T23:06:05.569+0100][gc,task     ] GC(72) Using 8 workers of 8 for evacuation
[2024-11-20T23:06:05.589+0100][gc,mmu      ] GC(72) MMU target violated: 20.2ms (20.0ms/21.0ms)
[2024-11-20T23:06:05.590+0100][gc,phases   ] GC(72)   Pre Evacuate Collection Set: 1.75ms
[2024-11-20T23:06:05.590+0100][gc,phases   ] GC(72)   Merge Heap Roots: 0.21ms
[2024-11-20T23:06:05.590+0100][gc,phases   ] GC(72)   Evacuate Collection Set: 16.93ms
[2024-11-20T23:06:05.590+0100][gc,phases   ] GC(72)   Post Evacuate Collection Set: 0.95ms
[2024-11-20T23:06:05.590+0100][gc,phases   ] GC(72)   Other: 0.46ms
[2024-11-20T23:06:05.590+0100][gc,heap     ] GC(72) Eden regions: 49->0(48)
[2024-11-20T23:06:05.590+0100][gc,heap     ] GC(72) Survivor regions: 2->3(7)
[2024-11-20T23:06:05.590+0100][gc,heap     ] GC(72) Old regions: 46->46
[2024-11-20T23:06:05.590+0100][gc,heap     ] GC(72) Humongous regions: 129->129
[2024-11-20T23:06:05.590+0100][gc,metaspace] GC(72) Metaspace: 53143K(53824K)->53143K(53824K) NonClass: 47177K(47552K)->47177K(47552K) Class: 5966K(6272K)->5966K(6272K)
[2024-11-20T23:06:05.590+0100][gc          ] GC(72) Pause Young (Normal) (G1 Evacuation Pause) 224M->176M(1024M) 22.488ms
[2024-11-20T23:06:05.590+0100][gc,cpu      ] GC(72) User=0.02s Sys=0.07s Real=0.03s
[2024-11-20T23:43:38.283+0100][gc,start    ] GC(73) Pause Young (Normal) (G1 Evacuation Pause)
[2024-11-20T23:43:38.285+0100][gc,task     ] GC(73) Using 8 workers of 8 for evacuation
[2024-11-20T23:43:38.310+0100][gc,mmu      ] GC(73) MMU target violated: 21.0ms (20.0ms/21.0ms)
[2024-11-20T23:43:38.310+0100][gc,phases   ] GC(73)   Pre Evacuate Collection Set: 1.32ms
[2024-11-20T23:43:38.310+0100][gc,phases   ] GC(73)   Merge Heap Roots: 0.25ms
[2024-11-20T23:43:38.310+0100][gc,phases   ] GC(73)   Evacuate Collection Set: 22.07ms
[2024-11-20T23:43:38.310+0100][gc,phases   ] GC(73)   Post Evacuate Collection Set: 1.00ms
[2024-11-20T23:43:38.310+0100][gc,phases   ] GC(73)   Other: 0.49ms
[2024-11-20T23:43:38.310+0100][gc,heap     ] GC(73) Eden regions: 48->0(48)
[2024-11-20T23:43:38.310+0100][gc,heap     ] GC(73) Survivor regions: 3->3(7)
[2024-11-20T23:43:38.310+0100][gc,heap     ] GC(73) Old regions: 46->46
[2024-11-20T23:43:38.310+0100][gc,heap     ] GC(73) Humongous regions: 129->129
[2024-11-20T23:43:38.310+0100][gc,metaspace] GC(73) Metaspace: 53143K(53824K)->53143K(53824K) NonClass: 47177K(47552K)->47177K(47552K) Class: 5966K(6272K)->5966K(6272K)
[2024-11-20T23:43:38.310+0100][gc          ] GC(73) Pause Young (Normal) (G1 Evacuation Pause) 224M->176M(1024M) 27.793ms
[2024-11-20T23:43:38.310+0100][gc,cpu      ] GC(73) User=0.03s Sys=0.05s Real=0.03s
[2024-11-21T00:21:38.290+0100][gc,start    ] GC(74) Pause Young (Normal) (G1 Evacuation Pause)
[2024-11-21T00:21:38.293+0100][gc,task     ] GC(74) Using 8 workers of 8 for evacuation
[2024-11-21T00:21:38.313+0100][gc,mmu      ] GC(74) MMU target violated: 20.5ms (20.0ms/21.0ms)
[2024-11-21T00:21:38.314+0100][gc,phases   ] GC(74)   Pre Evacuate Collection Set: 1.48ms
[2024-11-21T00:21:38.314+0100][gc,phases   ] GC(74)   Merge Heap Roots: 0.77ms
[2024-11-21T00:21:38.314+0100][gc,phases   ] GC(74)   Evacuate Collection Set: 15.94ms
[2024-11-21T00:21:38.314+0100][gc,phases   ] GC(74)   Post Evacuate Collection Set: 2.09ms
[2024-11-21T00:21:38.314+0100][gc,phases   ] GC(74)   Other: 0.53ms
[2024-11-21T00:21:38.314+0100][gc,heap     ] GC(74) Eden regions: 48->0(48)
[2024-11-21T00:21:38.314+0100][gc,heap     ] GC(74) Survivor regions: 3->3(7)
[2024-11-21T00:21:38.314+0100][gc,heap     ] GC(74) Old regions: 46->46
[2024-11-21T00:21:38.314+0100][gc,heap     ] GC(74) Humongous regions: 129->129
[2024-11-21T00:21:38.314+0100][gc,metaspace] GC(74) Metaspace: 53143K(53824K)->53143K(53824K) NonClass: 47177K(47552K)->47177K(47552K) Class: 5966K(6272K)->5966K(6272K)
[2024-11-21T00:21:38.314+0100][gc          ] GC(74) Pause Young (Normal) (G1 Evacuation Pause) 224M->176M(1024M) 24.983ms
[2024-11-21T00:21:38.314+0100][gc,cpu      ] GC(74) User=0.02s Sys=0.05s Real=0.03s
[2024-11-21T01:00:08.268+0100][gc,start    ] GC(75) Pause Young (Normal) (G1 Evacuation Pause)
[2024-11-21T01:00:08.271+0100][gc,task     ] GC(75) Using 8 workers of 8 for evacuation
[2024-11-21T01:00:08.290+0100][gc,phases   ] GC(75)   Pre Evacuate Collection Set: 1.72ms
[2024-11-21T01:00:08.290+0100][gc,phases   ] GC(75)   Merge Heap Roots: 0.76ms
[2024-11-21T01:00:08.290+0100][gc,phases   ] GC(75)   Evacuate Collection Set: 12.65ms
[2024-11-21T01:00:08.290+0100][gc,phases   ] GC(75)   Post Evacuate Collection Set: 2.30ms
[2024-11-21T01:00:08.291+0100][gc,phases   ] GC(75)   Other: 2.11ms
[2024-11-21T01:00:08.291+0100][gc,heap     ] GC(75) Eden regions: 48->0(61)
[2024-11-21T01:00:08.291+0100][gc,heap     ] GC(75) Survivor regions: 3->3(7)
[2024-11-21T01:00:08.291+0100][gc,heap     ] GC(75) Old regions: 46->46
[2024-11-21T01:00:08.291+0100][gc,heap     ] GC(75) Humongous regions: 129->129
[2024-11-21T01:00:08.291+0100][gc,metaspace] GC(75) Metaspace: 53145K(53824K)->53145K(53824K) NonClass: 47178K(47552K)->47178K(47552K) Class: 5966K(6272K)->5966K(6272K)
[2024-11-21T01:00:08.292+0100][gc          ] GC(75) Pause Young (Normal) (G1 Evacuation Pause) 224M->176M(1024M) 23.618ms
[2024-11-21T01:00:08.292+0100][gc,cpu      ] GC(75) User=0.02s Sys=0.04s Real=0.03s
