[2024-11-26T21:29:01.553+0100][gc,init] CardTable entry size: 512
[2024-11-26T21:29:01.553+0100][gc     ] Using G1
[2024-11-26T21:29:01.556+0100][gc,init] Version: 22.0.1+8 (release)
[2024-11-26T21:29:01.556+0100][gc,init] CPUs: 8 total, 8 available
[2024-11-26T21:29:01.556+0100][gc,init] Memory: 8192M
[2024-11-26T21:29:01.556+0100][gc,init] Large Page Support: Disabled
[2024-11-26T21:29:01.556+0100][gc,init] NUMA Support: Disabled
[2024-11-26T21:29:01.556+0100][gc,init] Compressed Oops: Enabled (Zero based)
[2024-11-26T21:29:01.556+0100][gc,init] Heap Region Size: 1M
[2024-11-26T21:29:01.556+0100][gc,init] Heap Min Capacity: 1G
[2024-11-26T21:29:01.556+0100][gc,init] Heap Initial Capacity: 1G
[2024-11-26T21:29:01.556+0100][gc,init] Heap Max Capacity: 1G
[2024-11-26T21:29:01.556+0100][gc,init] Pre-touch: Disabled
[2024-11-26T21:29:01.556+0100][gc,init] Parallel Workers: 8
[2024-11-26T21:29:01.556+0100][gc,init] Concurrent Workers: 2
[2024-11-26T21:29:01.556+0100][gc,init] Concurrent Refinement Workers: 8
[2024-11-26T21:29:01.556+0100][gc,init] Periodic GC: Disabled
[2024-11-26T21:29:01.556+0100][gc,metaspace] CDS archive(s) not mapped
[2024-11-26T21:29:01.556+0100][gc,metaspace] Compressed class space mapped at: 0x0000000163000000-0x00000001a3000000, reserved size: 1073741824
[2024-11-26T21:29:01.556+0100][gc,metaspace] Narrow klass base: 0x0000000000000000, Narrow klass shift: 3, Narrow klass range: 0x1a3000000
[2024-11-26T21:29:02.710+0100][gc,start    ] GC(0) Pause Young (Concurrent Start) (Metadata GC Threshold)
[2024-11-26T21:29:02.711+0100][gc,task     ] GC(0) Using 8 workers of 8 for evacuation
[2024-11-26T21:29:02.725+0100][gc,phases   ] GC(0)   Pre Evacuate Collection Set: 0.26ms
[2024-11-26T21:29:02.725+0100][gc,phases   ] GC(0)   Merge Heap Roots: 0.05ms
[2024-11-26T21:29:02.725+0100][gc,phases   ] GC(0)   Evacuate Collection Set: 13.17ms
[2024-11-26T21:29:02.725+0100][gc,phases   ] GC(0)   Post Evacuate Collection Set: 0.36ms
[2024-11-26T21:29:02.725+0100][gc,phases   ] GC(0)   Other: 0.63ms
[2024-11-26T21:29:02.725+0100][gc,heap     ] GC(0) Eden regions: 37->0(44)
[2024-11-26T21:29:02.725+0100][gc,heap     ] GC(0) Survivor regions: 0->7(7)
[2024-11-26T21:29:02.725+0100][gc,heap     ] GC(0) Old regions: 0->2
[2024-11-26T21:29:02.725+0100][gc,heap     ] GC(0) Humongous regions: 0->0
[2024-11-26T21:29:02.725+0100][gc,metaspace] GC(0) Metaspace: 21364K(21504K)->21364K(21504K) NonClass: 19121K(19200K)->19121K(19200K) Class: 2243K(2304K)->2243K(2304K)
[2024-11-26T21:29:02.725+0100][gc          ] GC(0) Pause Young (Concurrent Start) (Metadata GC Threshold) 36M->8M(1024M) 14.758ms
[2024-11-26T21:29:02.725+0100][gc,cpu      ] GC(0) User=0.03s Sys=0.01s Real=0.01s
[2024-11-26T21:29:02.725+0100][gc          ] GC(1) Concurrent Mark Cycle
[2024-11-26T21:29:02.725+0100][gc,marking  ] GC(1) Concurrent Scan Root Regions
[2024-11-26T21:29:02.728+0100][gc,marking  ] GC(1) Concurrent Scan Root Regions 2.205ms
[2024-11-26T21:29:02.728+0100][gc,marking  ] GC(1) Concurrent Mark
[2024-11-26T21:29:02.728+0100][gc,marking  ] GC(1) Concurrent Mark From Roots
[2024-11-26T21:29:02.728+0100][gc,task     ] GC(1) Using 2 workers of 2 for marking
[2024-11-26T21:29:02.728+0100][gc,marking  ] GC(1) Concurrent Mark From Roots 0.100ms
[2024-11-26T21:29:02.728+0100][gc,marking  ] GC(1) Concurrent Preclean
[2024-11-26T21:29:02.728+0100][gc,marking  ] GC(1) Concurrent Preclean 0.043ms
[2024-11-26T21:29:02.731+0100][gc,start    ] GC(1) Pause Remark
[2024-11-26T21:29:02.737+0100][gc          ] GC(1) Pause Remark 8M->8M(1024M) 6.127ms
[2024-11-26T21:29:02.737+0100][gc,cpu      ] GC(1) User=0.01s Sys=0.00s Real=0.00s
[2024-11-26T21:29:02.737+0100][gc,marking  ] GC(1) Concurrent Mark 9.631ms
[2024-11-26T21:29:02.738+0100][gc,marking  ] GC(1) Concurrent Rebuild Remembered Sets and Scrub Regions
[2024-11-26T21:29:02.747+0100][gc,marking  ] GC(1) Concurrent Rebuild Remembered Sets and Scrub Regions 8.934ms
[2024-11-26T21:29:02.747+0100][gc,start    ] GC(1) Pause Cleanup
[2024-11-26T21:29:02.747+0100][gc          ] GC(1) Pause Cleanup 8M->8M(1024M) 0.066ms
[2024-11-26T21:29:02.747+0100][gc,cpu      ] GC(1) User=0.00s Sys=0.00s Real=0.00s
[2024-11-26T21:29:02.747+0100][gc,marking  ] GC(1) Concurrent Clear Claimed Marks
[2024-11-26T21:29:02.747+0100][gc,marking  ] GC(1) Concurrent Clear Claimed Marks 0.009ms
[2024-11-26T21:29:02.747+0100][gc,marking  ] GC(1) Concurrent Cleanup for Next Mark
[2024-11-26T21:29:02.750+0100][gc,marking  ] GC(1) Concurrent Cleanup for Next Mark 2.890ms
[2024-11-26T21:29:02.752+0100][gc          ] GC(1) Concurrent Mark Cycle 27.102ms
[2024-11-26T21:29:03.731+0100][gc,start    ] GC(2) Pause Young (Normal) (G1 Evacuation Pause)
[2024-11-26T21:29:03.731+0100][gc,task     ] GC(2) Using 8 workers of 8 for evacuation
[2024-11-26T21:29:03.745+0100][gc,phases   ] GC(2)   Pre Evacuate Collection Set: 0.12ms
[2024-11-26T21:29:03.745+0100][gc,phases   ] GC(2)   Merge Heap Roots: 1.45ms
[2024-11-26T21:29:03.745+0100][gc,phases   ] GC(2)   Evacuate Collection Set: 11.69ms
[2024-11-26T21:29:03.745+0100][gc,phases   ] GC(2)   Post Evacuate Collection Set: 0.45ms
[2024-11-26T21:29:03.745+0100][gc,phases   ] GC(2)   Other: 0.18ms
[2024-11-26T21:29:03.745+0100][gc,heap     ] GC(2) Eden regions: 44->0(48)
[2024-11-26T21:29:03.745+0100][gc,heap     ] GC(2) Survivor regions: 7->3(7)
[2024-11-26T21:29:03.745+0100][gc,heap     ] GC(2) Old regions: 2->9
[2024-11-26T21:29:03.745+0100][gc,heap     ] GC(2) Humongous regions: 0->0
[2024-11-26T21:29:03.745+0100][gc,metaspace] GC(2) Metaspace: 31702K(31936K)->31702K(31936K) NonClass: 28167K(28288K)->28167K(28288K) Class: 3534K(3648K)->3534K(3648K)
[2024-11-26T21:29:03.745+0100][gc          ] GC(2) Pause Young (Normal) (G1 Evacuation Pause) 52M->10M(1024M) 14.068ms
[2024-11-26T21:29:03.745+0100][gc,cpu      ] GC(2) User=0.03s Sys=0.01s Real=0.01s
[2024-11-26T21:29:04.027+0100][gc,start    ] GC(3) Pause Young (Concurrent Start) (Metadata GC Threshold)
[2024-11-26T21:29:04.027+0100][gc,task     ] GC(3) Using 8 workers of 8 for evacuation
[2024-11-26T21:29:04.031+0100][gc,phases   ] GC(3)   Pre Evacuate Collection Set: 0.17ms
[2024-11-26T21:29:04.031+0100][gc,phases   ] GC(3)   Merge Heap Roots: 0.03ms
[2024-11-26T21:29:04.031+0100][gc,phases   ] GC(3)   Evacuate Collection Set: 2.76ms
[2024-11-26T21:29:04.031+0100][gc,phases   ] GC(3)   Post Evacuate Collection Set: 0.25ms
[2024-11-26T21:29:04.031+0100][gc,phases   ] GC(3)   Other: 0.08ms
[2024-11-26T21:29:04.031+0100][gc,heap     ] GC(3) Eden regions: 18->0(47)
[2024-11-26T21:29:04.031+0100][gc,heap     ] GC(3) Survivor regions: 3->4(7)
[2024-11-26T21:29:04.031+0100][gc,heap     ] GC(3) Old regions: 9->9
[2024-11-26T21:29:04.031+0100][gc,heap     ] GC(3) Humongous regions: 129->129
[2024-11-26T21:29:04.031+0100][gc,metaspace] GC(3) Metaspace: 35757K(35968K)->35757K(35968K) NonClass: 31879K(32000K)->31879K(32000K) Class: 3878K(3968K)->3878K(3968K)
[2024-11-26T21:29:04.031+0100][gc          ] GC(3) Pause Young (Concurrent Start) (Metadata GC Threshold) 157M->140M(1024M) 3.451ms
[2024-11-26T21:29:04.031+0100][gc          ] GC(4) Concurrent Mark Cycle
[2024-11-26T21:29:04.031+0100][gc,cpu      ] GC(3) User=0.01s Sys=0.00s Real=0.01s
[2024-11-26T21:29:04.031+0100][gc,marking  ] GC(4) Concurrent Scan Root Regions
[2024-11-26T21:29:04.032+0100][gc,marking  ] GC(4) Concurrent Scan Root Regions 1.131ms
[2024-11-26T21:29:04.032+0100][gc,marking  ] GC(4) Concurrent Mark
[2024-11-26T21:29:04.032+0100][gc,marking  ] GC(4) Concurrent Mark From Roots
[2024-11-26T21:29:04.032+0100][gc,task     ] GC(4) Using 2 workers of 2 for marking
[2024-11-26T21:29:04.039+0100][gc,marking  ] GC(4) Concurrent Mark From Roots 6.704ms
[2024-11-26T21:29:04.039+0100][gc,marking  ] GC(4) Concurrent Preclean
[2024-11-26T21:29:04.039+0100][gc,marking  ] GC(4) Concurrent Preclean 0.124ms
[2024-11-26T21:29:04.039+0100][gc,start    ] GC(4) Pause Remark
[2024-11-26T21:29:04.048+0100][gc          ] GC(4) Pause Remark 141M->141M(1024M) 8.681ms
[2024-11-26T21:29:04.048+0100][gc,cpu      ] GC(4) User=0.01s Sys=0.01s Real=0.01s
[2024-11-26T21:29:04.048+0100][gc,marking  ] GC(4) Concurrent Mark 16.117ms
[2024-11-26T21:29:04.048+0100][gc,marking  ] GC(4) Concurrent Rebuild Remembered Sets and Scrub Regions
[2024-11-26T21:29:04.050+0100][gc,marking  ] GC(4) Concurrent Rebuild Remembered Sets and Scrub Regions 2.352ms
[2024-11-26T21:29:04.051+0100][gc,start    ] GC(4) Pause Cleanup
[2024-11-26T21:29:04.051+0100][gc          ] GC(4) Pause Cleanup 141M->141M(1024M) 0.071ms
[2024-11-26T21:29:04.051+0100][gc,cpu      ] GC(4) User=0.00s Sys=0.00s Real=0.00s
[2024-11-26T21:29:04.051+0100][gc,marking  ] GC(4) Concurrent Clear Claimed Marks
[2024-11-26T21:29:04.051+0100][gc,marking  ] GC(4) Concurrent Clear Claimed Marks 0.013ms
[2024-11-26T21:29:04.051+0100][gc,marking  ] GC(4) Concurrent Cleanup for Next Mark
[2024-11-26T21:29:04.052+0100][gc,marking  ] GC(4) Concurrent Cleanup for Next Mark 0.665ms
[2024-11-26T21:29:04.052+0100][gc          ] GC(4) Concurrent Mark Cycle 20.972ms
[2024-11-26T21:29:04.766+0100][gc,start    ] GC(5) Pause Young (Prepare Mixed) (G1 Evacuation Pause)
[2024-11-26T21:29:04.766+0100][gc,task     ] GC(5) Using 8 workers of 8 for evacuation
[2024-11-26T21:29:04.772+0100][gc,phases   ] GC(5)   Pre Evacuate Collection Set: 0.18ms
[2024-11-26T21:29:04.772+0100][gc,phases   ] GC(5)   Merge Heap Roots: 0.39ms
[2024-11-26T21:29:04.772+0100][gc,phases   ] GC(5)   Evacuate Collection Set: 5.28ms
[2024-11-26T21:29:04.772+0100][gc,phases   ] GC(5)   Post Evacuate Collection Set: 0.30ms
[2024-11-26T21:29:04.772+0100][gc,phases   ] GC(5)   Other: 0.05ms
[2024-11-26T21:29:04.772+0100][gc,heap     ] GC(5) Eden regions: 47->0(44)
[2024-11-26T21:29:04.772+0100][gc,heap     ] GC(5) Survivor regions: 4->7(7)
[2024-11-26T21:29:04.772+0100][gc,heap     ] GC(5) Old regions: 9->10
[2024-11-26T21:29:04.772+0100][gc,heap     ] GC(5) Humongous regions: 129->129
[2024-11-26T21:29:04.772+0100][gc,metaspace] GC(5) Metaspace: 46189K(46592K)->46189K(46592K) NonClass: 41130K(41344K)->41130K(41344K) Class: 5059K(5248K)->5059K(5248K)
[2024-11-26T21:29:04.773+0100][gc          ] GC(5) Pause Young (Prepare Mixed) (G1 Evacuation Pause) 187M->145M(1024M) 6.321ms
[2024-11-26T21:29:04.773+0100][gc,cpu      ] GC(5) User=0.02s Sys=0.01s Real=0.01s
[2024-11-26T21:33:52.973+0100][gc,start    ] GC(6) Pause Young (Mixed) (G1 Evacuation Pause)
[2024-11-26T21:33:52.975+0100][gc,task     ] GC(6) Using 8 workers of 8 for evacuation
[2024-11-26T21:33:53.000+0100][gc,mmu      ] GC(6) MMU target violated: 21.0ms (20.0ms/21.0ms)
[2024-11-26T21:33:53.000+0100][gc,phases   ] GC(6)   Pre Evacuate Collection Set: 0.85ms
[2024-11-26T21:33:53.000+0100][gc,phases   ] GC(6)   Merge Heap Roots: 0.13ms
[2024-11-26T21:33:53.000+0100][gc,phases   ] GC(6)   Evacuate Collection Set: 23.12ms
[2024-11-26T21:33:53.000+0100][gc,phases   ] GC(6)   Post Evacuate Collection Set: 0.61ms
[2024-11-26T21:33:53.000+0100][gc,phases   ] GC(6)   Other: 0.27ms
[2024-11-26T21:33:53.000+0100][gc,heap     ] GC(6) Eden regions: 44->0(48)
[2024-11-26T21:33:53.000+0100][gc,heap     ] GC(6) Survivor regions: 7->3(7)
[2024-11-26T21:33:53.000+0100][gc,heap     ] GC(6) Old regions: 10->17
[2024-11-26T21:33:53.000+0100][gc,heap     ] GC(6) Humongous regions: 219->129
[2024-11-26T21:33:53.000+0100][gc,metaspace] GC(6) Metaspace: 49194K(49728K)->49194K(49728K) NonClass: 43726K(44032K)->43726K(44032K) Class: 5467K(5696K)->5467K(5696K)
[2024-11-26T21:33:53.000+0100][gc          ] GC(6) Pause Young (Mixed) (G1 Evacuation Pause) 279M->147M(1024M) 26.889ms
[2024-11-26T21:33:53.000+0100][gc,cpu      ] GC(6) User=0.04s Sys=0.06s Real=0.03s
[2024-11-26T21:38:28.268+0100][gc,start    ] GC(7) Pause Young (Normal) (G1 Evacuation Pause)
[2024-11-26T21:38:28.269+0100][gc,task     ] GC(7) Using 8 workers of 8 for evacuation
[2024-11-26T21:38:28.279+0100][gc,phases   ] GC(7)   Pre Evacuate Collection Set: 0.72ms
[2024-11-26T21:38:28.279+0100][gc,phases   ] GC(7)   Merge Heap Roots: 0.11ms
[2024-11-26T21:38:28.279+0100][gc,phases   ] GC(7)   Evacuate Collection Set: 7.95ms
[2024-11-26T21:38:28.279+0100][gc,phases   ] GC(7)   Post Evacuate Collection Set: 0.39ms
[2024-11-26T21:38:28.279+0100][gc,phases   ] GC(7)   Other: 0.10ms
[2024-11-26T21:38:28.279+0100][gc,heap     ] GC(7) Eden regions: 48->0(47)
[2024-11-26T21:38:28.279+0100][gc,heap     ] GC(7) Survivor regions: 3->4(7)
[2024-11-26T21:38:28.279+0100][gc,heap     ] GC(7) Old regions: 17->17
[2024-11-26T21:38:28.279+0100][gc,heap     ] GC(7) Humongous regions: 129->129
[2024-11-26T21:38:28.279+0100][gc,metaspace] GC(7) Metaspace: 51055K(51648K)->51055K(51648K) NonClass: 45203K(45504K)->45203K(45504K) Class: 5852K(6144K)->5852K(6144K)
[2024-11-26T21:38:28.279+0100][gc          ] GC(7) Pause Young (Normal) (G1 Evacuation Pause) 195M->148M(1024M) 10.866ms
[2024-11-26T21:38:28.279+0100][gc,cpu      ] GC(7) User=0.01s Sys=0.03s Real=0.01s
[2024-11-26T21:39:26.001+0100][gc,start    ] GC(8) Pause Young (Normal) (G1 Evacuation Pause)
[2024-11-26T21:39:26.002+0100][gc,task     ] GC(8) Using 8 workers of 8 for evacuation
[2024-11-26T21:39:26.016+0100][gc,phases   ] GC(8)   Pre Evacuate Collection Set: 0.72ms
[2024-11-26T21:39:26.016+0100][gc,phases   ] GC(8)   Merge Heap Roots: 0.12ms
[2024-11-26T21:39:26.016+0100][gc,phases   ] GC(8)   Evacuate Collection Set: 11.18ms
[2024-11-26T21:39:26.016+0100][gc,phases   ] GC(8)   Post Evacuate Collection Set: 1.58ms
[2024-11-26T21:39:26.016+0100][gc,phases   ] GC(8)   Other: 0.22ms
[2024-11-26T21:39:26.016+0100][gc,heap     ] GC(8) Eden regions: 47->0(47)
[2024-11-26T21:39:26.016+0100][gc,heap     ] GC(8) Survivor regions: 4->4(7)
[2024-11-26T21:39:26.016+0100][gc,heap     ] GC(8) Old regions: 17->17
[2024-11-26T21:39:26.016+0100][gc,heap     ] GC(8) Humongous regions: 129->129
[2024-11-26T21:39:26.016+0100][gc,metaspace] GC(8) Metaspace: 51139K(51776K)->51139K(51776K) NonClass: 45285K(45632K)->45285K(45632K) Class: 5854K(6144K)->5854K(6144K)
[2024-11-26T21:39:26.016+0100][gc          ] GC(8) Pause Young (Normal) (G1 Evacuation Pause) 195M->148M(1024M) 14.937ms
[2024-11-26T21:39:26.016+0100][gc,cpu      ] GC(8) User=0.02s Sys=0.03s Real=0.01s
[2024-11-26T21:40:54.543+0100][gc,start    ] GC(9) Pause Young (Normal) (G1 Evacuation Pause)
[2024-11-26T21:40:54.543+0100][gc,task     ] GC(9) Using 8 workers of 8 for evacuation
[2024-11-26T21:40:54.557+0100][gc,phases   ] GC(9)   Pre Evacuate Collection Set: 0.90ms
[2024-11-26T21:40:54.557+0100][gc,phases   ] GC(9)   Merge Heap Roots: 0.16ms
[2024-11-26T21:40:54.557+0100][gc,phases   ] GC(9)   Evacuate Collection Set: 11.65ms
[2024-11-26T21:40:54.557+0100][gc,phases   ] GC(9)   Post Evacuate Collection Set: 0.40ms
[2024-11-26T21:40:54.557+0100][gc,phases   ] GC(9)   Other: 0.10ms
[2024-11-26T21:40:54.557+0100][gc,heap     ] GC(9) Eden regions: 47->0(47)
[2024-11-26T21:40:54.557+0100][gc,heap     ] GC(9) Survivor regions: 4->4(7)
[2024-11-26T21:40:54.557+0100][gc,heap     ] GC(9) Old regions: 17->17
[2024-11-26T21:40:54.557+0100][gc,heap     ] GC(9) Humongous regions: 129->129
[2024-11-26T21:40:54.557+0100][gc,metaspace] GC(9) Metaspace: 52002K(52544K)->52002K(52544K) NonClass: 45968K(46272K)->45968K(46272K) Class: 6033K(6272K)->6033K(6272K)
[2024-11-26T21:40:54.557+0100][gc          ] GC(9) Pause Young (Normal) (G1 Evacuation Pause) 195M->148M(1024M) 13.640ms
[2024-11-26T21:40:54.557+0100][gc,cpu      ] GC(9) User=0.02s Sys=0.04s Real=0.01s
[2024-11-26T21:40:54.571+0100][gc,heap,exit] Heap
[2024-11-26T21:40:54.571+0100][gc,heap,exit]  garbage-first heap   total reserved 1048576K, committed 1048576K, used 154122K [0x00000007c0000000, 0x0000000800000000)
[2024-11-26T21:40:54.572+0100][gc,heap,exit]   region size 1024K, 6 young (6144K), 4 survivors (4096K)
[2024-11-26T21:40:54.572+0100][gc,heap,exit]  Metaspace       used 52027K, committed 52608K, reserved 1114112K
[2024-11-26T21:40:54.572+0100][gc,heap,exit]   class space    used 6040K, committed 6272K, reserved 1048576K
