[2025-06-14T19:43:28.853+0200][gc,init] CardTable entry size: 512
[2025-06-14T19:43:28.853+0200][gc     ] Using G1
[2025-06-14T19:43:28.856+0200][gc,init] Version: 22.0.1+8 (release)
[2025-06-14T19:43:28.856+0200][gc,init] CPUs: 8 total, 8 available
[2025-06-14T19:43:28.856+0200][gc,init] Memory: 8192M
[2025-06-14T19:43:28.856+0200][gc,init] Large Page Support: Disabled
[2025-06-14T19:43:28.856+0200][gc,init] NUMA Support: Disabled
[2025-06-14T19:43:28.856+0200][gc,init] Compressed Oops: Enabled (Zero based)
[2025-06-14T19:43:28.856+0200][gc,init] Heap Region Size: 1M
[2025-06-14T19:43:28.856+0200][gc,init] Heap Min Capacity: 1G
[2025-06-14T19:43:28.856+0200][gc,init] Heap Initial Capacity: 1G
[2025-06-14T19:43:28.856+0200][gc,init] Heap Max Capacity: 1G
[2025-06-14T19:43:28.856+0200][gc,init] Pre-touch: Disabled
[2025-06-14T19:43:28.856+0200][gc,init] Parallel Workers: 8
[2025-06-14T19:43:28.856+0200][gc,init] Concurrent Workers: 2
[2025-06-14T19:43:28.856+0200][gc,init] Concurrent Refinement Workers: 8
[2025-06-14T19:43:28.856+0200][gc,init] Periodic GC: Disabled
[2025-06-14T19:43:28.856+0200][gc,metaspace] CDS archive(s) not mapped
[2025-06-14T19:43:28.856+0200][gc,metaspace] Compressed class space mapped at: 0x000000015c000000-0x000000019c000000, reserved size: 1073741824
[2025-06-14T19:43:28.856+0200][gc,metaspace] Narrow klass base: 0x0000000000000000, Narrow klass shift: 3, Narrow klass range: 0x19c000000
[2025-06-14T19:43:30.040+0200][gc,start    ] GC(0) Pause Young (Concurrent Start) (Metadata GC Threshold)
[2025-06-14T19:43:30.040+0200][gc,task     ] GC(0) Using 8 workers of 8 for evacuation
[2025-06-14T19:43:30.056+0200][gc,phases   ] GC(0)   Pre Evacuate Collection Set: 0.23ms
[2025-06-14T19:43:30.056+0200][gc,phases   ] GC(0)   Merge Heap Roots: 0.05ms
[2025-06-14T19:43:30.056+0200][gc,phases   ] GC(0)   Evacuate Collection Set: 15.06ms
[2025-06-14T19:43:30.056+0200][gc,phases   ] GC(0)   Post Evacuate Collection Set: 0.36ms
[2025-06-14T19:43:30.056+0200][gc,phases   ] GC(0)   Other: 0.57ms
[2025-06-14T19:43:30.056+0200][gc,heap     ] GC(0) Eden regions: 37->0(44)
[2025-06-14T19:43:30.056+0200][gc,heap     ] GC(0) Survivor regions: 0->7(7)
[2025-06-14T19:43:30.056+0200][gc,heap     ] GC(0) Old regions: 0->2
[2025-06-14T19:43:30.056+0200][gc,heap     ] GC(0) Humongous regions: 0->0
[2025-06-14T19:43:30.056+0200][gc,metaspace] GC(0) Metaspace: 21346K(21504K)->21346K(21504K) NonClass: 19107K(19200K)->19107K(19200K) Class: 2239K(2304K)->2239K(2304K)
[2025-06-14T19:43:30.057+0200][gc          ] GC(0) Pause Young (Concurrent Start) (Metadata GC Threshold) 36M->8M(1024M) 16.571ms
[2025-06-14T19:43:30.057+0200][gc,cpu      ] GC(0) User=0.03s Sys=0.01s Real=0.01s
[2025-06-14T19:43:30.057+0200][gc          ] GC(1) Concurrent Mark Cycle
[2025-06-14T19:43:30.057+0200][gc,marking  ] GC(1) Concurrent Scan Root Regions
[2025-06-14T19:43:30.059+0200][gc,marking  ] GC(1) Concurrent Scan Root Regions 1.916ms
[2025-06-14T19:43:30.059+0200][gc,marking  ] GC(1) Concurrent Mark
[2025-06-14T19:43:30.060+0200][gc,marking  ] GC(1) Concurrent Mark From Roots
[2025-06-14T19:43:30.060+0200][gc,task     ] GC(1) Using 2 workers of 2 for marking
[2025-06-14T19:43:30.060+0200][gc,marking  ] GC(1) Concurrent Mark From Roots 0.330ms
[2025-06-14T19:43:30.060+0200][gc,marking  ] GC(1) Concurrent Preclean
[2025-06-14T19:43:30.060+0200][gc,marking  ] GC(1) Concurrent Preclean 0.011ms
[2025-06-14T19:43:30.061+0200][gc,start    ] GC(1) Pause Remark
[2025-06-14T19:43:30.066+0200][gc          ] GC(1) Pause Remark 8M->8M(1024M) 5.100ms
[2025-06-14T19:43:30.066+0200][gc,cpu      ] GC(1) User=0.00s Sys=0.00s Real=0.00s
[2025-06-14T19:43:30.067+0200][gc,marking  ] GC(1) Concurrent Mark 8.372ms
[2025-06-14T19:43:30.067+0200][gc,marking  ] GC(1) Concurrent Rebuild Remembered Sets and Scrub Regions
[2025-06-14T19:43:30.073+0200][gc,marking  ] GC(1) Concurrent Rebuild Remembered Sets and Scrub Regions 5.809ms
[2025-06-14T19:43:30.073+0200][gc,start    ] GC(1) Pause Cleanup
[2025-06-14T19:43:30.074+0200][gc          ] GC(1) Pause Cleanup 8M->8M(1024M) 0.064ms
[2025-06-14T19:43:30.074+0200][gc,cpu      ] GC(1) User=0.00s Sys=0.00s Real=0.00s
[2025-06-14T19:43:30.074+0200][gc,marking  ] GC(1) Concurrent Clear Claimed Marks
[2025-06-14T19:43:30.074+0200][gc,marking  ] GC(1) Concurrent Clear Claimed Marks 0.012ms
[2025-06-14T19:43:30.074+0200][gc,marking  ] GC(1) Concurrent Cleanup for Next Mark
[2025-06-14T19:43:30.077+0200][gc,marking  ] GC(1) Concurrent Cleanup for Next Mark 3.647ms
[2025-06-14T19:43:30.078+0200][gc          ] GC(1) Concurrent Mark Cycle 21.202ms
[2025-06-14T19:43:31.403+0200][gc,start    ] GC(2) Pause Young (Normal) (G1 Evacuation Pause)
[2025-06-14T19:43:31.403+0200][gc,task     ] GC(2) Using 8 workers of 8 for evacuation
[2025-06-14T19:43:31.425+0200][gc,mmu      ] GC(2) MMU target violated: 21.0ms (20.0ms/21.0ms)
[2025-06-14T19:43:31.425+0200][gc,phases   ] GC(2)   Pre Evacuate Collection Set: 0.14ms
[2025-06-14T19:43:31.425+0200][gc,phases   ] GC(2)   Merge Heap Roots: 1.55ms
[2025-06-14T19:43:31.425+0200][gc,phases   ] GC(2)   Evacuate Collection Set: 19.10ms
[2025-06-14T19:43:31.425+0200][gc,phases   ] GC(2)   Post Evacuate Collection Set: 0.57ms
[2025-06-14T19:43:31.425+0200][gc,phases   ] GC(2)   Other: 0.19ms
[2025-06-14T19:43:31.425+0200][gc,heap     ] GC(2) Eden regions: 44->0(48)
[2025-06-14T19:43:31.425+0200][gc,heap     ] GC(2) Survivor regions: 7->3(7)
[2025-06-14T19:43:31.425+0200][gc,heap     ] GC(2) Old regions: 2->9
[2025-06-14T19:43:31.425+0200][gc,heap     ] GC(2) Humongous regions: 0->0
[2025-06-14T19:43:31.425+0200][gc,metaspace] GC(2) Metaspace: 31790K(32064K)->31790K(32064K) NonClass: 28253K(28416K)->28253K(28416K) Class: 3537K(3648K)->3537K(3648K)
[2025-06-14T19:43:31.425+0200][gc          ] GC(2) Pause Young (Normal) (G1 Evacuation Pause) 52M->11M(1024M) 22.349ms
[2025-06-14T19:43:31.425+0200][gc,cpu      ] GC(2) User=0.03s Sys=0.01s Real=0.02s
[2025-06-14T19:43:31.769+0200][gc,start    ] GC(3) Pause Young (Concurrent Start) (Metadata GC Threshold)
[2025-06-14T19:43:31.769+0200][gc,task     ] GC(3) Using 8 workers of 8 for evacuation
[2025-06-14T19:43:31.775+0200][gc,phases   ] GC(3)   Pre Evacuate Collection Set: 0.18ms
[2025-06-14T19:43:31.775+0200][gc,phases   ] GC(3)   Merge Heap Roots: 0.04ms
[2025-06-14T19:43:31.775+0200][gc,phases   ] GC(3)   Evacuate Collection Set: 4.78ms
[2025-06-14T19:43:31.775+0200][gc,phases   ] GC(3)   Post Evacuate Collection Set: 0.24ms
[2025-06-14T19:43:31.775+0200][gc,phases   ] GC(3)   Other: 0.07ms
[2025-06-14T19:43:31.775+0200][gc,heap     ] GC(3) Eden regions: 18->0(47)
[2025-06-14T19:43:31.775+0200][gc,heap     ] GC(3) Survivor regions: 3->4(7)
[2025-06-14T19:43:31.775+0200][gc,heap     ] GC(3) Old regions: 9->9
[2025-06-14T19:43:31.775+0200][gc,heap     ] GC(3) Humongous regions: 129->129
[2025-06-14T19:43:31.775+0200][gc,metaspace] GC(3) Metaspace: 35751K(35968K)->35751K(35968K) NonClass: 31871K(32000K)->31871K(32000K) Class: 3879K(3968K)->3879K(3968K)
[2025-06-14T19:43:31.775+0200][gc          ] GC(3) Pause Young (Concurrent Start) (Metadata GC Threshold) 157M->141M(1024M) 5.469ms
[2025-06-14T19:43:31.775+0200][gc          ] GC(4) Concurrent Mark Cycle
[2025-06-14T19:43:31.775+0200][gc,cpu      ] GC(3) User=0.01s Sys=0.01s Real=0.01s
[2025-06-14T19:43:31.775+0200][gc,marking  ] GC(4) Concurrent Scan Root Regions
[2025-06-14T19:43:31.776+0200][gc,marking  ] GC(4) Concurrent Scan Root Regions 1.120ms
[2025-06-14T19:43:31.776+0200][gc,marking  ] GC(4) Concurrent Mark
[2025-06-14T19:43:31.776+0200][gc,marking  ] GC(4) Concurrent Mark From Roots
[2025-06-14T19:43:31.776+0200][gc,task     ] GC(4) Using 2 workers of 2 for marking
[2025-06-14T19:43:31.782+0200][gc,marking  ] GC(4) Concurrent Mark From Roots 5.684ms
[2025-06-14T19:43:31.782+0200][gc,marking  ] GC(4) Concurrent Preclean
[2025-06-14T19:43:31.782+0200][gc,marking  ] GC(4) Concurrent Preclean 0.032ms
[2025-06-14T19:43:31.782+0200][gc,start    ] GC(4) Pause Remark
[2025-06-14T19:43:31.792+0200][gc          ] GC(4) Pause Remark 141M->141M(1024M) 10.101ms
[2025-06-14T19:43:31.792+0200][gc,cpu      ] GC(4) User=0.02s Sys=0.01s Real=0.01s
[2025-06-14T19:43:31.792+0200][gc,marking  ] GC(4) Concurrent Mark 16.210ms
[2025-06-14T19:43:31.792+0200][gc,marking  ] GC(4) Concurrent Rebuild Remembered Sets and Scrub Regions
[2025-06-14T19:43:31.795+0200][gc,marking  ] GC(4) Concurrent Rebuild Remembered Sets and Scrub Regions 2.933ms
[2025-06-14T19:43:31.796+0200][gc,start    ] GC(4) Pause Cleanup
[2025-06-14T19:43:31.796+0200][gc          ] GC(4) Pause Cleanup 141M->141M(1024M) 0.076ms
[2025-06-14T19:43:31.796+0200][gc,cpu      ] GC(4) User=0.00s Sys=0.00s Real=0.00s
[2025-06-14T19:43:31.796+0200][gc,marking  ] GC(4) Concurrent Clear Claimed Marks
[2025-06-14T19:43:31.796+0200][gc,marking  ] GC(4) Concurrent Clear Claimed Marks 0.022ms
[2025-06-14T19:43:31.796+0200][gc,marking  ] GC(4) Concurrent Cleanup for Next Mark
[2025-06-14T19:43:31.799+0200][gc,marking  ] GC(4) Concurrent Cleanup for Next Mark 2.903ms
[2025-06-14T19:43:31.799+0200][gc          ] GC(4) Concurrent Mark Cycle 23.716ms
[2025-06-14T19:43:32.725+0200][gc,start    ] GC(5) Pause Young (Prepare Mixed) (G1 Evacuation Pause)
[2025-06-14T19:43:32.725+0200][gc,task     ] GC(5) Using 8 workers of 8 for evacuation
[2025-06-14T19:43:32.734+0200][gc,phases   ] GC(5)   Pre Evacuate Collection Set: 0.54ms
[2025-06-14T19:43:32.734+0200][gc,phases   ] GC(5)   Merge Heap Roots: 0.89ms
[2025-06-14T19:43:32.734+0200][gc,phases   ] GC(5)   Evacuate Collection Set: 7.45ms
[2025-06-14T19:43:32.734+0200][gc,phases   ] GC(5)   Post Evacuate Collection Set: 0.45ms
[2025-06-14T19:43:32.734+0200][gc,phases   ] GC(5)   Other: 0.07ms
[2025-06-14T19:43:32.734+0200][gc,heap     ] GC(5) Eden regions: 47->0(44)
[2025-06-14T19:43:32.734+0200][gc,heap     ] GC(5) Survivor regions: 4->7(7)
[2025-06-14T19:43:32.734+0200][gc,heap     ] GC(5) Old regions: 9->10
[2025-06-14T19:43:32.734+0200][gc,heap     ] GC(5) Humongous regions: 129->129
[2025-06-14T19:43:32.734+0200][gc,metaspace] GC(5) Metaspace: 46232K(46656K)->46232K(46656K) NonClass: 41158K(41408K)->41158K(41408K) Class: 5073K(5248K)->5073K(5248K)
[2025-06-14T19:43:32.734+0200][gc          ] GC(5) Pause Young (Prepare Mixed) (G1 Evacuation Pause) 188M->145M(1024M) 9.602ms
[2025-06-14T19:43:32.734+0200][gc,cpu      ] GC(5) User=0.02s Sys=0.02s Real=0.01s
[2025-06-14T19:47:31.021+0200][gc,start    ] GC(6) Pause Young (Mixed) (G1 Evacuation Pause)
[2025-06-14T19:47:31.023+0200][gc,task     ] GC(6) Using 8 workers of 8 for evacuation
[2025-06-14T19:47:31.053+0200][gc,mmu      ] GC(6) MMU target violated: 21.0ms (20.0ms/21.0ms)
[2025-06-14T19:47:31.054+0200][gc,phases   ] GC(6)   Pre Evacuate Collection Set: 1.36ms
[2025-06-14T19:47:31.054+0200][gc,phases   ] GC(6)   Merge Heap Roots: 0.61ms
[2025-06-14T19:47:31.054+0200][gc,phases   ] GC(6)   Evacuate Collection Set: 26.51ms
[2025-06-14T19:47:31.054+0200][gc,phases   ] GC(6)   Post Evacuate Collection Set: 1.26ms
[2025-06-14T19:47:31.054+0200][gc,phases   ] GC(6)   Other: 1.33ms
[2025-06-14T19:47:31.054+0200][gc,heap     ] GC(6) Eden regions: 44->0(48)
[2025-06-14T19:47:31.054+0200][gc,heap     ] GC(6) Survivor regions: 7->3(7)
[2025-06-14T19:47:31.054+0200][gc,heap     ] GC(6) Old regions: 10->17
[2025-06-14T19:47:31.054+0200][gc,heap     ] GC(6) Humongous regions: 237->129
[2025-06-14T19:47:31.054+0200][gc,metaspace] GC(6) Metaspace: 50432K(51008K)->50432K(51008K) NonClass: 44595K(44928K)->44595K(44928K) Class: 5837K(6080K)->5837K(6080K)
[2025-06-14T19:47:31.055+0200][gc          ] GC(6) Pause Young (Mixed) (G1 Evacuation Pause) 297M->147M(1024M) 34.419ms
[2025-06-14T19:47:31.055+0200][gc,cpu      ] GC(6) User=0.03s Sys=0.06s Real=0.03s
[2025-06-14T19:47:39.692+0200][gc,start    ] GC(7) Pause Young (Normal) (G1 Evacuation Pause)
[2025-06-14T19:47:39.694+0200][gc,task     ] GC(7) Using 8 workers of 8 for evacuation
[2025-06-14T19:47:39.706+0200][gc,phases   ] GC(7)   Pre Evacuate Collection Set: 0.61ms
[2025-06-14T19:47:39.706+0200][gc,phases   ] GC(7)   Merge Heap Roots: 0.16ms
[2025-06-14T19:47:39.706+0200][gc,phases   ] GC(7)   Evacuate Collection Set: 10.68ms
[2025-06-14T19:47:39.706+0200][gc,phases   ] GC(7)   Post Evacuate Collection Set: 0.73ms
[2025-06-14T19:47:39.706+0200][gc,phases   ] GC(7)   Other: 0.10ms
[2025-06-14T19:47:39.706+0200][gc,heap     ] GC(7) Eden regions: 48->0(48)
[2025-06-14T19:47:39.706+0200][gc,heap     ] GC(7) Survivor regions: 3->3(7)
[2025-06-14T19:47:39.706+0200][gc,heap     ] GC(7) Old regions: 17->17
[2025-06-14T19:47:39.706+0200][gc,heap     ] GC(7) Humongous regions: 129->129
[2025-06-14T19:47:39.706+0200][gc,metaspace] GC(7) Metaspace: 50827K(51392K)->50827K(51392K) NonClass: 44989K(45312K)->44989K(45312K) Class: 5837K(6080K)->5837K(6080K)
[2025-06-14T19:47:39.706+0200][gc          ] GC(7) Pause Young (Normal) (G1 Evacuation Pause) 195M->148M(1024M) 14.183ms
[2025-06-14T19:47:39.706+0200][gc,cpu      ] GC(7) User=0.01s Sys=0.03s Real=0.01s
[2025-06-14T19:59:03.289+0200][gc,start    ] GC(8) Pause Young (Normal) (G1 Evacuation Pause)
[2025-06-14T19:59:03.296+0200][gc,task     ] GC(8) Using 8 workers of 8 for evacuation
[2025-06-14T19:59:03.378+0200][gc,mmu      ] GC(8) MMU target violated: 21.0ms (20.0ms/21.0ms)
[2025-06-14T19:59:03.382+0200][gc,phases   ] GC(8)   Pre Evacuate Collection Set: 6.16ms
[2025-06-14T19:59:03.382+0200][gc,phases   ] GC(8)   Merge Heap Roots: 3.64ms
[2025-06-14T19:59:03.382+0200][gc,phases   ] GC(8)   Evacuate Collection Set: 66.30ms
[2025-06-14T19:59:03.382+0200][gc,phases   ] GC(8)   Post Evacuate Collection Set: 5.59ms
[2025-06-14T19:59:03.382+0200][gc,phases   ] GC(8)   Other: 0.35ms
[2025-06-14T19:59:03.382+0200][gc,heap     ] GC(8) Eden regions: 48->0(47)
[2025-06-14T19:59:03.382+0200][gc,heap     ] GC(8) Survivor regions: 3->4(7)
[2025-06-14T19:59:03.382+0200][gc,heap     ] GC(8) Old regions: 17->17
[2025-06-14T19:59:03.382+0200][gc,heap     ] GC(8) Humongous regions: 129->129
[2025-06-14T19:59:03.382+0200][gc,metaspace] GC(8) Metaspace: 51211K(51840K)->51211K(51840K) NonClass: 45345K(45696K)->45345K(45696K) Class: 5866K(6144K)->5866K(6144K)
[2025-06-14T19:59:03.385+0200][gc          ] GC(8) Pause Young (Normal) (G1 Evacuation Pause) 196M->149M(1024M) 98.540ms
[2025-06-14T19:59:03.385+0200][gc,cpu      ] GC(8) User=0.02s Sys=0.03s Real=0.10s
[2025-06-14T19:59:37.947+0200][gc,start    ] GC(9) Pause Young (Normal) (G1 Evacuation Pause)
[2025-06-14T19:59:37.956+0200][gc,task     ] GC(9) Using 8 workers of 8 for evacuation
[2025-06-14T19:59:37.985+0200][gc,mmu      ] GC(9) MMU target violated: 21.0ms (20.0ms/21.0ms)
[2025-06-14T19:59:37.986+0200][gc,phases   ] GC(9)   Pre Evacuate Collection Set: 0.62ms
[2025-06-14T19:59:37.986+0200][gc,phases   ] GC(9)   Merge Heap Roots: 0.10ms
[2025-06-14T19:59:37.986+0200][gc,phases   ] GC(9)   Evacuate Collection Set: 27.71ms
[2025-06-14T19:59:37.986+0200][gc,phases   ] GC(9)   Post Evacuate Collection Set: 0.56ms
[2025-06-14T19:59:37.986+0200][gc,phases   ] GC(9)   Other: 0.84ms
[2025-06-14T19:59:37.986+0200][gc,heap     ] GC(9) Eden regions: 47->0(47)
[2025-06-14T19:59:37.986+0200][gc,heap     ] GC(9) Survivor regions: 4->4(7)
[2025-06-14T19:59:37.986+0200][gc,heap     ] GC(9) Old regions: 17->17
[2025-06-14T19:59:37.986+0200][gc,heap     ] GC(9) Humongous regions: 129->129
[2025-06-14T19:59:37.986+0200][gc,metaspace] GC(9) Metaspace: 51215K(51840K)->51215K(51840K) NonClass: 45348K(45696K)->45348K(45696K) Class: 5866K(6144K)->5866K(6144K)
[2025-06-14T19:59:37.986+0200][gc          ] GC(9) Pause Young (Normal) (G1 Evacuation Pause) 196M->149M(1024M) 39.825ms
[2025-06-14T19:59:37.986+0200][gc,cpu      ] GC(9) User=0.01s Sys=0.04s Real=0.04s
[2025-06-14T20:02:36.502+0200][gc,start    ] GC(10) Pause Young (Normal) (G1 Evacuation Pause)
[2025-06-14T20:02:36.504+0200][gc,task     ] GC(10) Using 8 workers of 8 for evacuation
[2025-06-14T20:02:36.530+0200][gc,mmu      ] GC(10) MMU target violated: 21.0ms (20.0ms/21.0ms)
[2025-06-14T20:02:36.530+0200][gc,phases   ] GC(10)   Pre Evacuate Collection Set: 1.43ms
[2025-06-14T20:02:36.530+0200][gc,phases   ] GC(10)   Merge Heap Roots: 0.25ms
[2025-06-14T20:02:36.530+0200][gc,phases   ] GC(10)   Evacuate Collection Set: 23.29ms
[2025-06-14T20:02:36.530+0200][gc,phases   ] GC(10)   Post Evacuate Collection Set: 0.68ms
[2025-06-14T20:02:36.531+0200][gc,phases   ] GC(10)   Other: 0.27ms
[2025-06-14T20:02:36.531+0200][gc,heap     ] GC(10) Eden regions: 47->0(46)
[2025-06-14T20:02:36.531+0200][gc,heap     ] GC(10) Survivor regions: 4->5(7)
[2025-06-14T20:02:36.531+0200][gc,heap     ] GC(10) Old regions: 17->17
[2025-06-14T20:02:36.531+0200][gc,heap     ] GC(10) Humongous regions: 129->129
[2025-06-14T20:02:36.531+0200][gc,metaspace] GC(10) Metaspace: 53197K(53888K)->53197K(53888K) NonClass: 47001K(47424K)->47001K(47424K) Class: 6195K(6464K)->6195K(6464K)
[2025-06-14T20:02:36.531+0200][gc          ] GC(10) Pause Young (Normal) (G1 Evacuation Pause) 196M->149M(1024M) 29.514ms
[2025-06-14T20:02:36.531+0200][gc,cpu      ] GC(10) User=0.03s Sys=0.07s Real=0.03s
[2025-06-14T20:03:09.168+0200][gc,start    ] GC(11) Pause Young (Normal) (G1 Evacuation Pause)
[2025-06-14T20:03:09.169+0200][gc,task     ] GC(11) Using 8 workers of 8 for evacuation
[2025-06-14T20:03:09.187+0200][gc,phases   ] GC(11)   Pre Evacuate Collection Set: 0.63ms
[2025-06-14T20:03:09.187+0200][gc,phases   ] GC(11)   Merge Heap Roots: 0.11ms
[2025-06-14T20:03:09.187+0200][gc,phases   ] GC(11)   Evacuate Collection Set: 16.94ms
[2025-06-14T20:03:09.187+0200][gc,phases   ] GC(11)   Post Evacuate Collection Set: 0.63ms
[2025-06-14T20:03:09.187+0200][gc,phases   ] GC(11)   Other: 0.11ms
[2025-06-14T20:03:09.187+0200][gc,heap     ] GC(11) Eden regions: 46->0(48)
[2025-06-14T20:03:09.187+0200][gc,heap     ] GC(11) Survivor regions: 5->3(7)
[2025-06-14T20:03:09.187+0200][gc,heap     ] GC(11) Old regions: 17->19
[2025-06-14T20:03:09.187+0200][gc,heap     ] GC(11) Humongous regions: 129->129
[2025-06-14T20:03:09.187+0200][gc,metaspace] GC(11) Metaspace: 53200K(53888K)->53200K(53888K) NonClass: 47004K(47424K)->47004K(47424K) Class: 6195K(6464K)->6195K(6464K)
[2025-06-14T20:03:09.187+0200][gc          ] GC(11) Pause Young (Normal) (G1 Evacuation Pause) 195M->149M(1024M) 19.043ms
[2025-06-14T20:03:09.187+0200][gc,cpu      ] GC(11) User=0.02s Sys=0.04s Real=0.02s
[2025-06-14T20:03:45.428+0200][gc,start    ] GC(12) Pause Young (Normal) (G1 Evacuation Pause)
[2025-06-14T20:03:45.429+0200][gc,task     ] GC(12) Using 8 workers of 8 for evacuation
[2025-06-14T20:03:45.444+0200][gc,phases   ] GC(12)   Pre Evacuate Collection Set: 1.57ms
[2025-06-14T20:03:45.444+0200][gc,phases   ] GC(12)   Merge Heap Roots: 0.14ms
[2025-06-14T20:03:45.444+0200][gc,phases   ] GC(12)   Evacuate Collection Set: 12.38ms
[2025-06-14T20:03:45.444+0200][gc,phases   ] GC(12)   Post Evacuate Collection Set: 0.67ms
[2025-06-14T20:03:45.444+0200][gc,phases   ] GC(12)   Other: 0.25ms
[2025-06-14T20:03:45.444+0200][gc,heap     ] GC(12) Eden regions: 48->0(48)
[2025-06-14T20:03:45.444+0200][gc,heap     ] GC(12) Survivor regions: 3->3(7)
[2025-06-14T20:03:45.444+0200][gc,heap     ] GC(12) Old regions: 19->19
[2025-06-14T20:03:45.444+0200][gc,heap     ] GC(12) Humongous regions: 129->129
[2025-06-14T20:03:45.444+0200][gc,metaspace] GC(12) Metaspace: 53265K(54016K)->53265K(54016K) NonClass: 47053K(47488K)->47053K(47488K) Class: 6211K(6528K)->6211K(6528K)
[2025-06-14T20:03:45.444+0200][gc          ] GC(12) Pause Young (Normal) (G1 Evacuation Pause) 197M->149M(1024M) 17.064ms
[2025-06-14T20:03:45.444+0200][gc,cpu      ] GC(12) User=0.02s Sys=0.04s Real=0.02s
[2025-06-14T20:08:02.667+0200][gc,start    ] GC(13) Pause Young (Normal) (G1 Evacuation Pause)
[2025-06-14T20:08:02.668+0200][gc,task     ] GC(13) Using 8 workers of 8 for evacuation
[2025-06-14T20:08:02.688+0200][gc,phases   ] GC(13)   Pre Evacuate Collection Set: 1.01ms
[2025-06-14T20:08:02.688+0200][gc,phases   ] GC(13)   Merge Heap Roots: 0.15ms
[2025-06-14T20:08:02.688+0200][gc,phases   ] GC(13)   Evacuate Collection Set: 17.50ms
[2025-06-14T20:08:02.688+0200][gc,phases   ] GC(13)   Post Evacuate Collection Set: 0.71ms
[2025-06-14T20:08:02.688+0200][gc,phases   ] GC(13)   Other: 0.17ms
[2025-06-14T20:08:02.688+0200][gc,heap     ] GC(13) Eden regions: 48->0(48)
[2025-06-14T20:08:02.688+0200][gc,heap     ] GC(13) Survivor regions: 3->3(7)
[2025-06-14T20:08:02.688+0200][gc,heap     ] GC(13) Old regions: 19->19
[2025-06-14T20:08:02.688+0200][gc,heap     ] GC(13) Humongous regions: 129->129
[2025-06-14T20:08:02.688+0200][gc,metaspace] GC(13) Metaspace: 53809K(54528K)->53809K(54528K) NonClass: 47498K(47936K)->47498K(47936K) Class: 6311K(6592K)->6311K(6592K)
[2025-06-14T20:08:02.688+0200][gc          ] GC(13) Pause Young (Normal) (G1 Evacuation Pause) 197M->150M(1024M) 21.299ms
[2025-06-14T20:08:02.688+0200][gc,cpu      ] GC(13) User=0.01s Sys=0.04s Real=0.02s
[2025-06-14T20:09:10.127+0200][gc,start    ] GC(14) Pause Young (Normal) (G1 Evacuation Pause)
[2025-06-14T20:09:10.128+0200][gc,task     ] GC(14) Using 8 workers of 8 for evacuation
[2025-06-14T20:09:10.143+0200][gc,phases   ] GC(14)   Pre Evacuate Collection Set: 1.27ms
[2025-06-14T20:09:10.143+0200][gc,phases   ] GC(14)   Merge Heap Roots: 0.20ms
[2025-06-14T20:09:10.143+0200][gc,phases   ] GC(14)   Evacuate Collection Set: 12.27ms
[2025-06-14T20:09:10.143+0200][gc,phases   ] GC(14)   Post Evacuate Collection Set: 0.65ms
[2025-06-14T20:09:10.143+0200][gc,phases   ] GC(14)   Other: 0.21ms
[2025-06-14T20:09:10.143+0200][gc,heap     ] GC(14) Eden regions: 48->0(48)
[2025-06-14T20:09:10.143+0200][gc,heap     ] GC(14) Survivor regions: 3->3(7)
[2025-06-14T20:09:10.143+0200][gc,heap     ] GC(14) Old regions: 19->19
[2025-06-14T20:09:10.143+0200][gc,heap     ] GC(14) Humongous regions: 129->129
[2025-06-14T20:09:10.143+0200][gc,metaspace] GC(14) Metaspace: 53820K(54528K)->53820K(54528K) NonClass: 47509K(47936K)->47509K(47936K) Class: 6311K(6592K)->6311K(6592K)
[2025-06-14T20:09:10.143+0200][gc          ] GC(14) Pause Young (Normal) (G1 Evacuation Pause) 198M->150M(1024M) 15.816ms
[2025-06-14T20:09:10.143+0200][gc,cpu      ] GC(14) User=0.02s Sys=0.02s Real=0.02s
[2025-06-14T20:13:03.215+0200][gc,start    ] GC(15) Pause Young (Normal) (G1 Evacuation Pause)
[2025-06-14T20:13:03.217+0200][gc,task     ] GC(15) Using 8 workers of 8 for evacuation
[2025-06-14T20:13:03.241+0200][gc,mmu      ] GC(15) MMU target violated: 21.0ms (20.0ms/21.0ms)
[2025-06-14T20:13:03.242+0200][gc,phases   ] GC(15)   Pre Evacuate Collection Set: 2.19ms
[2025-06-14T20:13:03.242+0200][gc,phases   ] GC(15)   Merge Heap Roots: 0.29ms
[2025-06-14T20:13:03.242+0200][gc,phases   ] GC(15)   Evacuate Collection Set: 21.11ms
[2025-06-14T20:13:03.242+0200][gc,phases   ] GC(15)   Post Evacuate Collection Set: 0.61ms
[2025-06-14T20:13:03.242+0200][gc,phases   ] GC(15)   Other: 0.51ms
[2025-06-14T20:13:03.242+0200][gc,heap     ] GC(15) Eden regions: 74->0(48)
[2025-06-14T20:13:03.242+0200][gc,heap     ] GC(15) Survivor regions: 3->3(10)
[2025-06-14T20:13:03.242+0200][gc,heap     ] GC(15) Old regions: 19->19
[2025-06-14T20:13:03.242+0200][gc,heap     ] GC(15) Humongous regions: 129->129
[2025-06-14T20:13:03.242+0200][gc,metaspace] GC(15) Metaspace: 53875K(54592K)->53875K(54592K) NonClass: 47564K(48000K)->47564K(48000K) Class: 6311K(6592K)->6311K(6592K)
[2025-06-14T20:13:03.242+0200][gc          ] GC(15) Pause Young (Normal) (G1 Evacuation Pause) 224M->150M(1024M) 27.684ms
[2025-06-14T20:13:03.242+0200][gc,cpu      ] GC(15) User=0.03s Sys=0.05s Real=0.03s
[2025-06-14T20:13:51.479+0200][gc,start    ] GC(16) Pause Young (Normal) (G1 Evacuation Pause)
[2025-06-14T20:13:51.480+0200][gc,task     ] GC(16) Using 8 workers of 8 for evacuation
[2025-06-14T20:13:51.494+0200][gc,phases   ] GC(16)   Pre Evacuate Collection Set: 1.33ms
[2025-06-14T20:13:51.494+0200][gc,phases   ] GC(16)   Merge Heap Roots: 0.23ms
[2025-06-14T20:13:51.494+0200][gc,phases   ] GC(16)   Evacuate Collection Set: 11.21ms
[2025-06-14T20:13:51.494+0200][gc,phases   ] GC(16)   Post Evacuate Collection Set: 0.53ms
[2025-06-14T20:13:51.494+0200][gc,phases   ] GC(16)   Other: 0.24ms
[2025-06-14T20:13:51.494+0200][gc,heap     ] GC(16) Eden regions: 59->0(48)
[2025-06-14T20:13:51.494+0200][gc,heap     ] GC(16) Survivor regions: 3->3(8)
[2025-06-14T20:13:51.494+0200][gc,heap     ] GC(16) Old regions: 19->19
[2025-06-14T20:13:51.494+0200][gc,heap     ] GC(16) Humongous regions: 129->129
[2025-06-14T20:13:51.494+0200][gc,metaspace] GC(16) Metaspace: 53878K(54592K)->53878K(54592K) NonClass: 47567K(48000K)->47567K(48000K) Class: 6311K(6592K)->6311K(6592K)
[2025-06-14T20:13:51.494+0200][gc          ] GC(16) Pause Young (Normal) (G1 Evacuation Pause) 209M->150M(1024M) 15.222ms
[2025-06-14T20:13:51.494+0200][gc,cpu      ] GC(16) User=0.02s Sys=0.05s Real=0.02s
[2025-06-14T20:45:32.970+0200][gc,start    ] GC(17) Pause Young (Normal) (G1 Evacuation Pause)
[2025-06-14T20:45:32.974+0200][gc,task     ] GC(17) Using 8 workers of 8 for evacuation
[2025-06-14T20:45:33.036+0200][gc,mmu      ] GC(17) MMU target violated: 21.0ms (20.0ms/21.0ms)
[2025-06-14T20:45:33.037+0200][gc,phases   ] GC(17)   Pre Evacuate Collection Set: 1.80ms
[2025-06-14T20:45:33.037+0200][gc,phases   ] GC(17)   Merge Heap Roots: 1.31ms
[2025-06-14T20:45:33.037+0200][gc,phases   ] GC(17)   Evacuate Collection Set: 52.23ms
[2025-06-14T20:45:33.037+0200][gc,phases   ] GC(17)   Post Evacuate Collection Set: 4.25ms
[2025-06-14T20:45:33.038+0200][gc,phases   ] GC(17)   Other: 3.15ms
[2025-06-14T20:45:33.039+0200][gc,heap     ] GC(17) Eden regions: 101->0(47)
[2025-06-14T20:45:33.039+0200][gc,heap     ] GC(17) Survivor regions: 3->4(13)
[2025-06-14T20:45:33.039+0200][gc,heap     ] GC(17) Old regions: 19->19
[2025-06-14T20:45:33.039+0200][gc,heap     ] GC(17) Humongous regions: 129->129
[2025-06-14T20:45:33.039+0200][gc,metaspace] GC(17) Metaspace: 54075K(54784K)->54075K(54784K) NonClass: 47760K(48192K)->47760K(48192K) Class: 6314K(6592K)->6314K(6592K)
[2025-06-14T20:45:33.041+0200][gc          ] GC(17) Pause Young (Normal) (G1 Evacuation Pause) 251M->150M(1024M) 71.663ms
[2025-06-14T20:45:33.042+0200][gc,cpu      ] GC(17) User=0.03s Sys=0.12s Real=0.08s
[2025-06-14T21:19:07.992+0200][gc,start    ] GC(18) Pause Young (Normal) (G1 Evacuation Pause)
[2025-06-14T21:19:07.993+0200][gc,task     ] GC(18) Using 8 workers of 8 for evacuation
[2025-06-14T21:19:08.016+0200][gc,mmu      ] GC(18) MMU target violated: 21.0ms (20.0ms/21.0ms)
[2025-06-14T21:19:08.017+0200][gc,phases   ] GC(18)   Pre Evacuate Collection Set: 0.91ms
[2025-06-14T21:19:08.017+0200][gc,phases   ] GC(18)   Merge Heap Roots: 0.23ms
[2025-06-14T21:19:08.017+0200][gc,phases   ] GC(18)   Evacuate Collection Set: 20.47ms
[2025-06-14T21:19:08.017+0200][gc,phases   ] GC(18)   Post Evacuate Collection Set: 0.99ms
[2025-06-14T21:19:08.017+0200][gc,phases   ] GC(18)   Other: 0.26ms
[2025-06-14T21:19:08.017+0200][gc,heap     ] GC(18) Eden regions: 47->0(48)
[2025-06-14T21:19:08.017+0200][gc,heap     ] GC(18) Survivor regions: 4->3(7)
[2025-06-14T21:19:08.017+0200][gc,heap     ] GC(18) Old regions: 19->19
[2025-06-14T21:19:08.017+0200][gc,heap     ] GC(18) Humongous regions: 129->129
[2025-06-14T21:19:08.017+0200][gc,metaspace] GC(18) Metaspace: 54121K(54848K)->54121K(54848K) NonClass: 47806K(48256K)->47806K(48256K) Class: 6314K(6592K)->6314K(6592K)
[2025-06-14T21:19:08.017+0200][gc          ] GC(18) Pause Young (Normal) (G1 Evacuation Pause) 197M->150M(1024M) 24.992ms
[2025-06-14T21:19:08.017+0200][gc,cpu      ] GC(18) User=0.02s Sys=0.05s Real=0.02s
[2025-06-14T21:54:12.064+0200][gc,start    ] GC(19) Pause Young (Normal) (G1 Evacuation Pause)
[2025-06-14T21:54:12.066+0200][gc,task     ] GC(19) Using 8 workers of 8 for evacuation
[2025-06-14T21:54:12.108+0200][gc,mmu      ] GC(19) MMU target violated: 21.0ms (20.0ms/21.0ms)
[2025-06-14T21:54:12.108+0200][gc,phases   ] GC(19)   Pre Evacuate Collection Set: 2.53ms
[2025-06-14T21:54:12.108+0200][gc,phases   ] GC(19)   Merge Heap Roots: 0.45ms
[2025-06-14T21:54:12.108+0200][gc,phases   ] GC(19)   Evacuate Collection Set: 37.25ms
[2025-06-14T21:54:12.108+0200][gc,phases   ] GC(19)   Post Evacuate Collection Set: 1.56ms
[2025-06-14T21:54:12.108+0200][gc,phases   ] GC(19)   Other: 0.72ms
[2025-06-14T21:54:12.108+0200][gc,heap     ] GC(19) Eden regions: 48->0(48)
[2025-06-14T21:54:12.108+0200][gc,heap     ] GC(19) Survivor regions: 3->3(7)
[2025-06-14T21:54:12.108+0200][gc,heap     ] GC(19) Old regions: 19->19
[2025-06-14T21:54:12.108+0200][gc,heap     ] GC(19) Humongous regions: 129->129
[2025-06-14T21:54:12.108+0200][gc,metaspace] GC(19) Metaspace: 54141K(54848K)->54141K(54848K) NonClass: 47826K(48256K)->47826K(48256K) Class: 6314K(6592K)->6314K(6592K)
[2025-06-14T21:54:12.109+0200][gc          ] GC(19) Pause Young (Normal) (G1 Evacuation Pause) 198M->150M(1024M) 45.496ms
[2025-06-14T21:54:12.109+0200][gc,cpu      ] GC(19) User=0.03s Sys=0.07s Real=0.04s
[2025-06-14T22:27:29.275+0200][gc,start    ] GC(20) Pause Young (Normal) (G1 Evacuation Pause)
[2025-06-14T22:27:29.277+0200][gc,task     ] GC(20) Using 8 workers of 8 for evacuation
[2025-06-14T22:27:29.289+0200][gc,phases   ] GC(20)   Pre Evacuate Collection Set: 0.74ms
[2025-06-14T22:27:29.289+0200][gc,phases   ] GC(20)   Merge Heap Roots: 0.14ms
[2025-06-14T22:27:29.289+0200][gc,phases   ] GC(20)   Evacuate Collection Set: 9.89ms
[2025-06-14T22:27:29.289+0200][gc,phases   ] GC(20)   Post Evacuate Collection Set: 1.14ms
[2025-06-14T22:27:29.290+0200][gc,phases   ] GC(20)   Other: 1.15ms
[2025-06-14T22:27:29.290+0200][gc,heap     ] GC(20) Eden regions: 48->0(47)
[2025-06-14T22:27:29.290+0200][gc,heap     ] GC(20) Survivor regions: 3->4(7)
[2025-06-14T22:27:29.290+0200][gc,heap     ] GC(20) Old regions: 19->19
[2025-06-14T22:27:29.290+0200][gc,heap     ] GC(20) Humongous regions: 129->129
[2025-06-14T22:27:29.290+0200][gc,metaspace] GC(20) Metaspace: 54273K(54976K)->54273K(54976K) NonClass: 47944K(48384K)->47944K(48384K) Class: 6329K(6592K)->6329K(6592K)
[2025-06-14T22:27:29.290+0200][gc          ] GC(20) Pause Young (Normal) (G1 Evacuation Pause) 198M->150M(1024M) 15.314ms
[2025-06-14T22:27:29.290+0200][gc,cpu      ] GC(20) User=0.01s Sys=0.03s Real=0.02s
[2025-06-14T22:27:30.808+0200][gc,heap,exit] Heap
[2025-06-14T22:27:30.808+0200][gc,heap,exit]  garbage-first heap   total reserved 1048576K, committed 1048576K, used 163557K [0x00000007c0000000, 0x0000000800000000)
[2025-06-14T22:27:30.808+0200][gc,heap,exit]   region size 1024K, 14 young (14336K), 4 survivors (4096K)
[2025-06-14T22:27:30.808+0200][gc,heap,exit]  Metaspace       used 55041K, committed 55744K, reserved 1114112K
[2025-06-14T22:27:30.808+0200][gc,heap,exit]   class space    used 6500K, committed 6784K, reserved 1048576K
