[2024-11-12T19:13:57.628+0100][gc,init] CardTable entry size: 512
[2024-11-12T19:13:57.628+0100][gc     ] Using G1
[2024-11-12T19:13:57.632+0100][gc,init] Version: 22.0.1+8 (release)
[2024-11-12T19:13:57.632+0100][gc,init] CPUs: 8 total, 8 available
[2024-11-12T19:13:57.632+0100][gc,init] Memory: 8192M
[2024-11-12T19:13:57.632+0100][gc,init] Large Page Support: Disabled
[2024-11-12T19:13:57.632+0100][gc,init] NUMA Support: Disabled
[2024-11-12T19:13:57.632+0100][gc,init] Compressed Oops: Enabled (Zero based)
[2024-11-12T19:13:57.632+0100][gc,init] Heap Region Size: 1M
[2024-11-12T19:13:57.632+0100][gc,init] Heap Min Capacity: 1G
[2024-11-12T19:13:57.632+0100][gc,init] Heap Initial Capacity: 1G
[2024-11-12T19:13:57.632+0100][gc,init] Heap Max Capacity: 1G
[2024-11-12T19:13:57.632+0100][gc,init] Pre-touch: Disabled
[2024-11-12T19:13:57.632+0100][gc,init] Parallel Workers: 8
[2024-11-12T19:13:57.632+0100][gc,init] Concurrent Workers: 2
[2024-11-12T19:13:57.632+0100][gc,init] Concurrent Refinement Workers: 8
[2024-11-12T19:13:57.632+0100][gc,init] Periodic GC: Disabled
[2024-11-12T19:13:57.632+0100][gc,metaspace] CDS archive(s) not mapped
[2024-11-12T19:13:57.632+0100][gc,metaspace] Compressed class space mapped at: 0x000000013b000000-0x000000017b000000, reserved size: 1073741824
[2024-11-12T19:13:57.632+0100][gc,metaspace] Narrow klass base: 0x0000000000000000, Narrow klass shift: 3, Narrow klass range: 0x17b000000
[2024-11-12T19:13:58.814+0100][gc,start    ] GC(0) Pause Young (Concurrent Start) (Metadata GC Threshold)
[2024-11-12T19:13:58.815+0100][gc,task     ] GC(0) Using 8 workers of 8 for evacuation
[2024-11-12T19:13:58.831+0100][gc,phases   ] GC(0)   Pre Evacuate Collection Set: 0,35ms
[2024-11-12T19:13:58.831+0100][gc,phases   ] GC(0)   Merge Heap Roots: 0,06ms
[2024-11-12T19:13:58.831+0100][gc,phases   ] GC(0)   Evacuate Collection Set: 15,48ms
[2024-11-12T19:13:58.831+0100][gc,phases   ] GC(0)   Post Evacuate Collection Set: 0,48ms
[2024-11-12T19:13:58.831+0100][gc,phases   ] GC(0)   Other: 0,46ms
[2024-11-12T19:13:58.831+0100][gc,heap     ] GC(0) Eden regions: 37->0(44)
[2024-11-12T19:13:58.831+0100][gc,heap     ] GC(0) Survivor regions: 0->7(7)
[2024-11-12T19:13:58.831+0100][gc,heap     ] GC(0) Old regions: 0->2
[2024-11-12T19:13:58.831+0100][gc,heap     ] GC(0) Humongous regions: 0->0
[2024-11-12T19:13:58.831+0100][gc,metaspace] GC(0) Metaspace: 21361K(21504K)->21361K(21504K) NonClass: 19118K(19200K)->19118K(19200K) Class: 2243K(2304K)->2243K(2304K)
[2024-11-12T19:13:58.832+0100][gc          ] GC(0) Pause Young (Concurrent Start) (Metadata GC Threshold) 36M->8M(1024M) 17,144ms
[2024-11-12T19:13:58.832+0100][gc,cpu      ] GC(0) User=0,03s Sys=0,01s Real=0,02s
[2024-11-12T19:13:58.832+0100][gc          ] GC(1) Concurrent Mark Cycle
[2024-11-12T19:13:58.832+0100][gc,marking  ] GC(1) Concurrent Scan Root Regions
[2024-11-12T19:13:58.834+0100][gc,marking  ] GC(1) Concurrent Scan Root Regions 2,683ms
[2024-11-12T19:13:58.837+0100][gc,marking  ] GC(1) Concurrent Mark
[2024-11-12T19:13:58.837+0100][gc,marking  ] GC(1) Concurrent Mark From Roots
[2024-11-12T19:13:58.837+0100][gc,task     ] GC(1) Using 2 workers of 2 for marking
[2024-11-12T19:13:58.837+0100][gc,marking  ] GC(1) Concurrent Mark From Roots 0,111ms
[2024-11-12T19:13:58.837+0100][gc,marking  ] GC(1) Concurrent Preclean
[2024-11-12T19:13:58.837+0100][gc,marking  ] GC(1) Concurrent Preclean 0,037ms
[2024-11-12T19:13:58.837+0100][gc,start    ] GC(1) Pause Remark
[2024-11-12T19:13:58.843+0100][gc          ] GC(1) Pause Remark 8M->8M(1024M) 5,416ms
[2024-11-12T19:13:58.843+0100][gc,cpu      ] GC(1) User=0,01s Sys=0,01s Real=0,01s
[2024-11-12T19:13:58.844+0100][gc,marking  ] GC(1) Concurrent Mark 7,775ms
[2024-11-12T19:13:58.844+0100][gc,marking  ] GC(1) Concurrent Rebuild Remembered Sets and Scrub Regions
[2024-11-12T19:13:58.849+0100][gc,marking  ] GC(1) Concurrent Rebuild Remembered Sets and Scrub Regions 4,398ms
[2024-11-12T19:13:58.850+0100][gc,start    ] GC(1) Pause Cleanup
[2024-11-12T19:13:58.850+0100][gc          ] GC(1) Pause Cleanup 8M->8M(1024M) 0,088ms
[2024-11-12T19:13:58.850+0100][gc,cpu      ] GC(1) User=0,00s Sys=0,00s Real=0,00s
[2024-11-12T19:13:58.850+0100][gc,marking  ] GC(1) Concurrent Clear Claimed Marks
[2024-11-12T19:13:58.850+0100][gc,marking  ] GC(1) Concurrent Clear Claimed Marks 0,009ms
[2024-11-12T19:13:58.850+0100][gc,marking  ] GC(1) Concurrent Cleanup for Next Mark
[2024-11-12T19:13:58.853+0100][gc,marking  ] GC(1) Concurrent Cleanup for Next Mark 2,831ms
[2024-11-12T19:13:58.853+0100][gc          ] GC(1) Concurrent Mark Cycle 21,664ms
[2024-11-12T19:13:59.823+0100][gc,start    ] GC(2) Pause Young (Normal) (G1 Evacuation Pause)
[2024-11-12T19:13:59.823+0100][gc,task     ] GC(2) Using 8 workers of 8 for evacuation
[2024-11-12T19:13:59.835+0100][gc,phases   ] GC(2)   Pre Evacuate Collection Set: 0,28ms
[2024-11-12T19:13:59.835+0100][gc,phases   ] GC(2)   Merge Heap Roots: 1,42ms
[2024-11-12T19:13:59.835+0100][gc,phases   ] GC(2)   Evacuate Collection Set: 10,21ms
[2024-11-12T19:13:59.835+0100][gc,phases   ] GC(2)   Post Evacuate Collection Set: 0,35ms
[2024-11-12T19:13:59.835+0100][gc,phases   ] GC(2)   Other: 0,12ms
[2024-11-12T19:13:59.835+0100][gc,heap     ] GC(2) Eden regions: 44->0(47)
[2024-11-12T19:13:59.835+0100][gc,heap     ] GC(2) Survivor regions: 7->4(7)
[2024-11-12T19:13:59.835+0100][gc,heap     ] GC(2) Old regions: 2->9
[2024-11-12T19:13:59.835+0100][gc,heap     ] GC(2) Humongous regions: 129->129
[2024-11-12T19:13:59.835+0100][gc,metaspace] GC(2) Metaspace: 33923K(34176K)->33923K(34176K) NonClass: 30242K(30336K)->30242K(30336K) Class: 3681K(3840K)->3681K(3840K)
[2024-11-12T19:13:59.835+0100][gc          ] GC(2) Pause Young (Normal) (G1 Evacuation Pause) 181M->140M(1024M) 12,507ms
[2024-11-12T19:13:59.835+0100][gc,cpu      ] GC(2) User=0,04s Sys=0,01s Real=0,01s
[2024-11-12T19:13:59.888+0100][gc,start    ] GC(3) Pause Young (Concurrent Start) (Metadata GC Threshold)
[2024-11-12T19:13:59.888+0100][gc,task     ] GC(3) Using 8 workers of 8 for evacuation
[2024-11-12T19:13:59.891+0100][gc,phases   ] GC(3)   Pre Evacuate Collection Set: 0,15ms
[2024-11-12T19:13:59.891+0100][gc,phases   ] GC(3)   Merge Heap Roots: 0,03ms
[2024-11-12T19:13:59.891+0100][gc,phases   ] GC(3)   Evacuate Collection Set: 2,13ms
[2024-11-12T19:13:59.891+0100][gc,phases   ] GC(3)   Post Evacuate Collection Set: 0,17ms
[2024-11-12T19:13:59.891+0100][gc,phases   ] GC(3)   Other: 0,05ms
[2024-11-12T19:13:59.891+0100][gc,heap     ] GC(3) Eden regions: 7->0(47)
[2024-11-12T19:13:59.891+0100][gc,heap     ] GC(3) Survivor regions: 4->4(7)
[2024-11-12T19:13:59.891+0100][gc,heap     ] GC(3) Old regions: 9->9
[2024-11-12T19:13:59.891+0100][gc,heap     ] GC(3) Humongous regions: 129->129
[2024-11-12T19:13:59.891+0100][gc,metaspace] GC(3) Metaspace: 35727K(35968K)->35727K(35968K) NonClass: 31923K(32064K)->31923K(32064K) Class: 3804K(3904K)->3804K(3904K)
[2024-11-12T19:13:59.891+0100][gc          ] GC(3) Pause Young (Concurrent Start) (Metadata GC Threshold) 146M->140M(1024M) 2,632ms
[2024-11-12T19:13:59.891+0100][gc          ] GC(4) Concurrent Mark Cycle
[2024-11-12T19:13:59.891+0100][gc,cpu      ] GC(3) User=0,01s Sys=0,00s Real=0,01s
[2024-11-12T19:13:59.891+0100][gc,marking  ] GC(4) Concurrent Scan Root Regions
[2024-11-12T19:13:59.891+0100][gc,marking  ] GC(4) Concurrent Scan Root Regions 0,830ms
[2024-11-12T19:13:59.891+0100][gc,marking  ] GC(4) Concurrent Mark
[2024-11-12T19:13:59.891+0100][gc,marking  ] GC(4) Concurrent Mark From Roots
[2024-11-12T19:13:59.892+0100][gc,task     ] GC(4) Using 2 workers of 2 for marking
[2024-11-12T19:13:59.897+0100][gc,marking  ] GC(4) Concurrent Mark From Roots 5,066ms
[2024-11-12T19:13:59.897+0100][gc,marking  ] GC(4) Concurrent Preclean
[2024-11-12T19:13:59.897+0100][gc,marking  ] GC(4) Concurrent Preclean 0,019ms
[2024-11-12T19:13:59.897+0100][gc,start    ] GC(4) Pause Remark
[2024-11-12T19:13:59.901+0100][gc          ] GC(4) Pause Remark 140M->140M(1024M) 4,711ms
[2024-11-12T19:13:59.901+0100][gc,cpu      ] GC(4) User=0,01s Sys=0,01s Real=0,01s
[2024-11-12T19:13:59.901+0100][gc,marking  ] GC(4) Concurrent Mark 9,995ms
[2024-11-12T19:13:59.902+0100][gc,marking  ] GC(4) Concurrent Rebuild Remembered Sets and Scrub Regions
[2024-11-12T19:13:59.903+0100][gc,marking  ] GC(4) Concurrent Rebuild Remembered Sets and Scrub Regions 1,861ms
[2024-11-12T19:13:59.904+0100][gc,start    ] GC(4) Pause Cleanup
[2024-11-12T19:13:59.904+0100][gc          ] GC(4) Pause Cleanup 140M->140M(1024M) 0,047ms
[2024-11-12T19:13:59.904+0100][gc,cpu      ] GC(4) User=0,00s Sys=0,00s Real=0,00s
[2024-11-12T19:13:59.904+0100][gc,marking  ] GC(4) Concurrent Clear Claimed Marks
[2024-11-12T19:13:59.904+0100][gc,marking  ] GC(4) Concurrent Clear Claimed Marks 0,010ms
[2024-11-12T19:13:59.904+0100][gc,marking  ] GC(4) Concurrent Cleanup for Next Mark
[2024-11-12T19:13:59.907+0100][gc,marking  ] GC(4) Concurrent Cleanup for Next Mark 3,079ms
[2024-11-12T19:13:59.907+0100][gc          ] GC(4) Concurrent Mark Cycle 16,232ms
[2024-11-12T19:14:58.317+0100][gc,start    ] GC(5) Pause Young (Prepare Mixed) (G1 Evacuation Pause)
[2024-11-12T19:14:58.318+0100][gc,task     ] GC(5) Using 8 workers of 8 for evacuation
[2024-11-12T19:14:58.332+0100][gc,phases   ] GC(5)   Pre Evacuate Collection Set: 0,64ms
[2024-11-12T19:14:58.332+0100][gc,phases   ] GC(5)   Merge Heap Roots: 0,09ms
[2024-11-12T19:14:58.332+0100][gc,phases   ] GC(5)   Evacuate Collection Set: 12,62ms
[2024-11-12T19:14:58.332+0100][gc,phases   ] GC(5)   Post Evacuate Collection Set: 0,39ms
[2024-11-12T19:14:58.332+0100][gc,phases   ] GC(5)   Other: 0,07ms
[2024-11-12T19:14:58.332+0100][gc,heap     ] GC(5) Eden regions: 47->0(44)
[2024-11-12T19:14:58.332+0100][gc,heap     ] GC(5) Survivor regions: 4->7(7)
[2024-11-12T19:14:58.332+0100][gc,heap     ] GC(5) Old regions: 9->9
[2024-11-12T19:14:58.332+0100][gc,heap     ] GC(5) Humongous regions: 129->129
[2024-11-12T19:14:58.332+0100][gc,metaspace] GC(5) Metaspace: 45880K(46272K)->45880K(46272K) NonClass: 40732K(40960K)->40732K(40960K) Class: 5147K(5312K)->5147K(5312K)
[2024-11-12T19:14:58.332+0100][gc          ] GC(5) Pause Young (Prepare Mixed) (G1 Evacuation Pause) 187M->144M(1024M) 15,134ms
[2024-11-12T19:14:58.332+0100][gc,cpu      ] GC(5) User=0,02s Sys=0,05s Real=0,02s
[2024-11-12T19:18:49.369+0100][gc,start    ] GC(6) Pause Young (Mixed) (G1 Evacuation Pause)
[2024-11-12T19:18:49.370+0100][gc,task     ] GC(6) Using 8 workers of 8 for evacuation
[2024-11-12T19:18:49.447+0100][gc,mmu      ] GC(6) MMU target violated: 21,0ms (20,0ms/21,0ms)
[2024-11-12T19:18:49.447+0100][gc,phases   ] GC(6)   Pre Evacuate Collection Set: 1,23ms
[2024-11-12T19:18:49.447+0100][gc,phases   ] GC(6)   Merge Heap Roots: 0,22ms
[2024-11-12T19:18:49.447+0100][gc,phases   ] GC(6)   Evacuate Collection Set: 74,04ms
[2024-11-12T19:18:49.447+0100][gc,phases   ] GC(6)   Post Evacuate Collection Set: 1,32ms
[2024-11-12T19:18:49.447+0100][gc,phases   ] GC(6)   Other: 0,57ms
[2024-11-12T19:18:49.448+0100][gc,heap     ] GC(6) Eden regions: 44->0(47)
[2024-11-12T19:18:49.448+0100][gc,heap     ] GC(6) Survivor regions: 7->4(7)
[2024-11-12T19:18:49.448+0100][gc,heap     ] GC(6) Old regions: 9->16
[2024-11-12T19:18:49.448+0100][gc,heap     ] GC(6) Humongous regions: 129->129
[2024-11-12T19:18:49.448+0100][gc,metaspace] GC(6) Metaspace: 51958K(52544K)->51958K(52544K) NonClass: 45948K(46272K)->45948K(46272K) Class: 6009K(6272K)->6009K(6272K)
[2024-11-12T19:18:49.448+0100][gc          ] GC(6) Pause Young (Mixed) (G1 Evacuation Pause) 188M->148M(1024M) 78,937ms
[2024-11-12T19:18:49.448+0100][gc,cpu      ] GC(6) User=0,07s Sys=0,15s Real=0,08s
[2024-11-12T19:32:03.242+0100][gc,start    ] GC(7) Pause Young (Normal) (G1 Evacuation Pause)
[2024-11-12T19:32:03.246+0100][gc,task     ] GC(7) Using 8 workers of 8 for evacuation
[2024-11-12T19:32:03.275+0100][gc,mmu      ] GC(7) MMU target violated: 21,0ms (20,0ms/21,0ms)
[2024-11-12T19:32:03.276+0100][gc,phases   ] GC(7)   Pre Evacuate Collection Set: 1,78ms
[2024-11-12T19:32:03.276+0100][gc,phases   ] GC(7)   Merge Heap Roots: 0,29ms
[2024-11-12T19:32:03.276+0100][gc,phases   ] GC(7)   Evacuate Collection Set: 26,70ms
[2024-11-12T19:32:03.276+0100][gc,phases   ] GC(7)   Post Evacuate Collection Set: 0,80ms
[2024-11-12T19:32:03.276+0100][gc,phases   ] GC(7)   Other: 0,35ms
[2024-11-12T19:32:03.276+0100][gc,heap     ] GC(7) Eden regions: 47->0(48)
[2024-11-12T19:32:03.276+0100][gc,heap     ] GC(7) Survivor regions: 4->3(7)
[2024-11-12T19:32:03.276+0100][gc,heap     ] GC(7) Old regions: 16->19
[2024-11-12T19:32:03.276+0100][gc,heap     ] GC(7) Humongous regions: 129->129
[2024-11-12T19:32:03.276+0100][gc,metaspace] GC(7) Metaspace: 52487K(53184K)->52487K(53184K) NonClass: 46441K(46848K)->46441K(46848K) Class: 6046K(6336K)->6046K(6336K)
[2024-11-12T19:32:03.276+0100][gc          ] GC(7) Pause Young (Normal) (G1 Evacuation Pause) 195M->151M(1024M) 34,402ms
[2024-11-12T19:32:03.276+0100][gc,cpu      ] GC(7) User=0,04s Sys=0,07s Real=0,03s
[2024-11-12T19:41:06.401+0100][gc,heap,exit] Heap
[2024-11-12T19:41:06.402+0100][gc,heap,exit]  garbage-first heap   total reserved 1048576K, committed 1048576K, used 200704K [0x00000007c0000000, 0x0000000800000000)
[2024-11-12T19:41:06.402+0100][gc,heap,exit]   region size 1024K, 48 young (49152K), 3 survivors (3072K)
[2024-11-12T19:41:06.402+0100][gc,heap,exit]  Metaspace       used 54161K, committed 54912K, reserved 1114112K
[2024-11-12T19:41:06.402+0100][gc,heap,exit]   class space    used 6412K, committed 6720K, reserved 1048576K
