[2024-11-12T19:50:26.245+0100][gc,init] CardTable entry size: 512
[2024-11-12T19:50:26.245+0100][gc     ] Using G1
[2024-11-12T19:50:26.248+0100][gc,init] Version: 22.0.1+8 (release)
[2024-11-12T19:50:26.248+0100][gc,init] CPUs: 8 total, 8 available
[2024-11-12T19:50:26.248+0100][gc,init] Memory: 8192M
[2024-11-12T19:50:26.248+0100][gc,init] Large Page Support: Disabled
[2024-11-12T19:50:26.248+0100][gc,init] NUMA Support: Disabled
[2024-11-12T19:50:26.248+0100][gc,init] Compressed Oops: Enabled (Zero based)
[2024-11-12T19:50:26.248+0100][gc,init] Heap Region Size: 1M
[2024-11-12T19:50:26.248+0100][gc,init] Heap Min Capacity: 1G
[2024-11-12T19:50:26.248+0100][gc,init] Heap Initial Capacity: 1G
[2024-11-12T19:50:26.248+0100][gc,init] Heap Max Capacity: 1G
[2024-11-12T19:50:26.248+0100][gc,init] Pre-touch: Disabled
[2024-11-12T19:50:26.248+0100][gc,init] Parallel Workers: 8
[2024-11-12T19:50:26.248+0100][gc,init] Concurrent Workers: 2
[2024-11-12T19:50:26.248+0100][gc,init] Concurrent Refinement Workers: 8
[2024-11-12T19:50:26.248+0100][gc,init] Periodic GC: Disabled
[2024-11-12T19:50:26.248+0100][gc,metaspace] CDS archive(s) not mapped
[2024-11-12T19:50:26.248+0100][gc,metaspace] Compressed class space mapped at: 0x0000000164000000-0x00000001a4000000, reserved size: 1073741824
[2024-11-12T19:50:26.248+0100][gc,metaspace] Narrow klass base: 0x0000000000000000, Narrow klass shift: 3, Narrow klass range: 0x1a4000000
[2024-11-12T19:50:27.392+0100][gc,start    ] GC(0) Pause Young (Concurrent Start) (Metadata GC Threshold)
[2024-11-12T19:50:27.392+0100][gc,task     ] GC(0) Using 8 workers of 8 for evacuation
[2024-11-12T19:50:27.407+0100][gc,phases   ] GC(0)   Pre Evacuate Collection Set: 0,21ms
[2024-11-12T19:50:27.407+0100][gc,phases   ] GC(0)   Merge Heap Roots: 0,06ms
[2024-11-12T19:50:27.407+0100][gc,phases   ] GC(0)   Evacuate Collection Set: 14,21ms
[2024-11-12T19:50:27.407+0100][gc,phases   ] GC(0)   Post Evacuate Collection Set: 0,35ms
[2024-11-12T19:50:27.407+0100][gc,phases   ] GC(0)   Other: 0,53ms
[2024-11-12T19:50:27.407+0100][gc,heap     ] GC(0) Eden regions: 37->0(44)
[2024-11-12T19:50:27.407+0100][gc,heap     ] GC(0) Survivor regions: 0->7(7)
[2024-11-12T19:50:27.407+0100][gc,heap     ] GC(0) Old regions: 0->2
[2024-11-12T19:50:27.407+0100][gc,heap     ] GC(0) Humongous regions: 0->0
[2024-11-12T19:50:27.407+0100][gc,metaspace] GC(0) Metaspace: 21365K(21504K)->21365K(21504K) NonClass: 19121K(19200K)->19121K(19200K) Class: 2243K(2304K)->2243K(2304K)
[2024-11-12T19:50:27.407+0100][gc          ] GC(0) Pause Young (Concurrent Start) (Metadata GC Threshold) 36M->8M(1024M) 15,666ms
[2024-11-12T19:50:27.407+0100][gc,cpu      ] GC(0) User=0,02s Sys=0,01s Real=0,01s
[2024-11-12T19:50:27.408+0100][gc          ] GC(1) Concurrent Mark Cycle
[2024-11-12T19:50:27.408+0100][gc,marking  ] GC(1) Concurrent Scan Root Regions
[2024-11-12T19:50:27.409+0100][gc,marking  ] GC(1) Concurrent Scan Root Regions 1,641ms
[2024-11-12T19:50:27.409+0100][gc,marking  ] GC(1) Concurrent Mark
[2024-11-12T19:50:27.409+0100][gc,marking  ] GC(1) Concurrent Mark From Roots
[2024-11-12T19:50:27.409+0100][gc,task     ] GC(1) Using 2 workers of 2 for marking
[2024-11-12T19:50:27.411+0100][gc,marking  ] GC(1) Concurrent Mark From Roots 1,265ms
[2024-11-12T19:50:27.411+0100][gc,marking  ] GC(1) Concurrent Preclean
[2024-11-12T19:50:27.411+0100][gc,marking  ] GC(1) Concurrent Preclean 0,011ms
[2024-11-12T19:50:27.413+0100][gc,start    ] GC(1) Pause Remark
[2024-11-12T19:50:27.418+0100][gc          ] GC(1) Pause Remark 8M->8M(1024M) 4,613ms
[2024-11-12T19:50:27.418+0100][gc,cpu      ] GC(1) User=0,01s Sys=0,00s Real=0,00s
[2024-11-12T19:50:27.418+0100][gc,marking  ] GC(1) Concurrent Mark 8,890ms
[2024-11-12T19:50:27.419+0100][gc,marking  ] GC(1) Concurrent Rebuild Remembered Sets and Scrub Regions
[2024-11-12T19:50:27.425+0100][gc,marking  ] GC(1) Concurrent Rebuild Remembered Sets and Scrub Regions 5,845ms
[2024-11-12T19:50:27.425+0100][gc,start    ] GC(1) Pause Cleanup
[2024-11-12T19:50:27.425+0100][gc          ] GC(1) Pause Cleanup 8M->8M(1024M) 0,049ms
[2024-11-12T19:50:27.425+0100][gc,cpu      ] GC(1) User=0,00s Sys=0,00s Real=0,00s
[2024-11-12T19:50:27.425+0100][gc,marking  ] GC(1) Concurrent Clear Claimed Marks
[2024-11-12T19:50:27.425+0100][gc,marking  ] GC(1) Concurrent Clear Claimed Marks 0,009ms
[2024-11-12T19:50:27.425+0100][gc,marking  ] GC(1) Concurrent Cleanup for Next Mark
[2024-11-12T19:50:27.440+0100][gc,marking  ] GC(1) Concurrent Cleanup for Next Mark 14,899ms
[2024-11-12T19:50:27.440+0100][gc          ] GC(1) Concurrent Mark Cycle 32,695ms
[2024-11-12T19:50:28.515+0100][gc,start    ] GC(2) Pause Young (Normal) (G1 Evacuation Pause)
[2024-11-12T19:50:28.515+0100][gc,task     ] GC(2) Using 8 workers of 8 for evacuation
[2024-11-12T19:50:28.528+0100][gc,phases   ] GC(2)   Pre Evacuate Collection Set: 0,13ms
[2024-11-12T19:50:28.528+0100][gc,phases   ] GC(2)   Merge Heap Roots: 1,48ms
[2024-11-12T19:50:28.528+0100][gc,phases   ] GC(2)   Evacuate Collection Set: 11,10ms
[2024-11-12T19:50:28.528+0100][gc,phases   ] GC(2)   Post Evacuate Collection Set: 0,46ms
[2024-11-12T19:50:28.528+0100][gc,phases   ] GC(2)   Other: 0,21ms
[2024-11-12T19:50:28.528+0100][gc,heap     ] GC(2) Eden regions: 44->0(48)
[2024-11-12T19:50:28.528+0100][gc,heap     ] GC(2) Survivor regions: 7->3(7)
[2024-11-12T19:50:28.528+0100][gc,heap     ] GC(2) Old regions: 2->9
[2024-11-12T19:50:28.528+0100][gc,heap     ] GC(2) Humongous regions: 0->0
[2024-11-12T19:50:28.528+0100][gc,metaspace] GC(2) Metaspace: 31743K(32000K)->31743K(32000K) NonClass: 28206K(28352K)->28206K(28352K) Class: 3536K(3648K)->3536K(3648K)
[2024-11-12T19:50:28.529+0100][gc          ] GC(2) Pause Young (Normal) (G1 Evacuation Pause) 52M->11M(1024M) 13,526ms
[2024-11-12T19:50:28.529+0100][gc,cpu      ] GC(2) User=0,03s Sys=0,01s Real=0,01s
[2024-11-12T19:50:28.802+0100][gc,start    ] GC(3) Pause Young (Concurrent Start) (Metadata GC Threshold)
[2024-11-12T19:50:28.802+0100][gc,task     ] GC(3) Using 8 workers of 8 for evacuation
[2024-11-12T19:50:28.806+0100][gc,phases   ] GC(3)   Pre Evacuate Collection Set: 0,18ms
[2024-11-12T19:50:28.806+0100][gc,phases   ] GC(3)   Merge Heap Roots: 0,04ms
[2024-11-12T19:50:28.806+0100][gc,phases   ] GC(3)   Evacuate Collection Set: 4,24ms
[2024-11-12T19:50:28.806+0100][gc,phases   ] GC(3)   Post Evacuate Collection Set: 0,24ms
[2024-11-12T19:50:28.806+0100][gc,phases   ] GC(3)   Other: 0,06ms
[2024-11-12T19:50:28.806+0100][gc,heap     ] GC(3) Eden regions: 17->0(47)
[2024-11-12T19:50:28.806+0100][gc,heap     ] GC(3) Survivor regions: 3->4(7)
[2024-11-12T19:50:28.806+0100][gc,heap     ] GC(3) Old regions: 9->9
[2024-11-12T19:50:28.806+0100][gc,heap     ] GC(3) Humongous regions: 129->129
[2024-11-12T19:50:28.806+0100][gc,metaspace] GC(3) Metaspace: 35746K(35968K)->35746K(35968K) NonClass: 31867K(32000K)->31867K(32000K) Class: 3878K(3968K)->3878K(3968K)
[2024-11-12T19:50:28.806+0100][gc          ] GC(3) Pause Young (Concurrent Start) (Metadata GC Threshold) 157M->141M(1024M) 4,942ms
[2024-11-12T19:50:28.807+0100][gc          ] GC(4) Concurrent Mark Cycle
[2024-11-12T19:50:28.807+0100][gc,cpu      ] GC(3) User=0,02s Sys=0,01s Real=0,00s
[2024-11-12T19:50:28.807+0100][gc,marking  ] GC(4) Concurrent Scan Root Regions
[2024-11-12T19:50:28.808+0100][gc,marking  ] GC(4) Concurrent Scan Root Regions 1,141ms
[2024-11-12T19:50:28.808+0100][gc,marking  ] GC(4) Concurrent Mark
[2024-11-12T19:50:28.808+0100][gc,marking  ] GC(4) Concurrent Mark From Roots
[2024-11-12T19:50:28.808+0100][gc,task     ] GC(4) Using 2 workers of 2 for marking
[2024-11-12T19:50:28.813+0100][gc,marking  ] GC(4) Concurrent Mark From Roots 4,635ms
[2024-11-12T19:50:28.813+0100][gc,marking  ] GC(4) Concurrent Preclean
[2024-11-12T19:50:28.813+0100][gc,marking  ] GC(4) Concurrent Preclean 0,028ms
[2024-11-12T19:50:28.813+0100][gc,start    ] GC(4) Pause Remark
[2024-11-12T19:50:28.821+0100][gc          ] GC(4) Pause Remark 141M->141M(1024M) 8,606ms
[2024-11-12T19:50:28.821+0100][gc,cpu      ] GC(4) User=0,02s Sys=0,01s Real=0,01s
[2024-11-12T19:50:28.821+0100][gc,marking  ] GC(4) Concurrent Mark 13,587ms
[2024-11-12T19:50:28.821+0100][gc,marking  ] GC(4) Concurrent Rebuild Remembered Sets and Scrub Regions
[2024-11-12T19:50:28.824+0100][gc,marking  ] GC(4) Concurrent Rebuild Remembered Sets and Scrub Regions 2,252ms
[2024-11-12T19:50:28.824+0100][gc,start    ] GC(4) Pause Cleanup
[2024-11-12T19:50:28.824+0100][gc          ] GC(4) Pause Cleanup 141M->141M(1024M) 0,076ms
[2024-11-12T19:50:28.824+0100][gc,cpu      ] GC(4) User=0,00s Sys=0,00s Real=0,00s
[2024-11-12T19:50:28.824+0100][gc,marking  ] GC(4) Concurrent Clear Claimed Marks
[2024-11-12T19:50:28.824+0100][gc,marking  ] GC(4) Concurrent Clear Claimed Marks 0,013ms
[2024-11-12T19:50:28.824+0100][gc,marking  ] GC(4) Concurrent Cleanup for Next Mark
[2024-11-12T19:50:28.828+0100][gc,marking  ] GC(4) Concurrent Cleanup for Next Mark 3,420ms
[2024-11-12T19:50:28.828+0100][gc          ] GC(4) Concurrent Mark Cycle 21,175ms
[2024-11-12T19:50:29.567+0100][gc,start    ] GC(5) Pause Young (Prepare Mixed) (G1 Evacuation Pause)
[2024-11-12T19:50:29.567+0100][gc,task     ] GC(5) Using 8 workers of 8 for evacuation
[2024-11-12T19:50:29.574+0100][gc,phases   ] GC(5)   Pre Evacuate Collection Set: 0,19ms
[2024-11-12T19:50:29.574+0100][gc,phases   ] GC(5)   Merge Heap Roots: 0,42ms
[2024-11-12T19:50:29.574+0100][gc,phases   ] GC(5)   Evacuate Collection Set: 5,56ms
[2024-11-12T19:50:29.574+0100][gc,phases   ] GC(5)   Post Evacuate Collection Set: 0,40ms
[2024-11-12T19:50:29.574+0100][gc,phases   ] GC(5)   Other: 0,05ms
[2024-11-12T19:50:29.574+0100][gc,heap     ] GC(5) Eden regions: 47->0(44)
[2024-11-12T19:50:29.574+0100][gc,heap     ] GC(5) Survivor regions: 4->7(7)
[2024-11-12T19:50:29.574+0100][gc,heap     ] GC(5) Old regions: 9->10
[2024-11-12T19:50:29.574+0100][gc,heap     ] GC(5) Humongous regions: 129->129
[2024-11-12T19:50:29.574+0100][gc,metaspace] GC(5) Metaspace: 46326K(46656K)->46326K(46656K) NonClass: 41226K(41408K)->41226K(41408K) Class: 5099K(5248K)->5099K(5248K)
[2024-11-12T19:50:29.574+0100][gc          ] GC(5) Pause Young (Prepare Mixed) (G1 Evacuation Pause) 188M->145M(1024M) 6,764ms
[2024-11-12T19:50:29.574+0100][gc,cpu      ] GC(5) User=0,03s Sys=0,01s Real=0,01s
[2024-11-12T19:55:11.909+0100][gc,start    ] GC(6) Pause Young (Mixed) (G1 Evacuation Pause)
[2024-11-12T19:55:11.909+0100][gc,task     ] GC(6) Using 8 workers of 8 for evacuation
[2024-11-12T19:55:11.937+0100][gc,mmu      ] GC(6) MMU target violated: 21,0ms (20,0ms/21,0ms)
[2024-11-12T19:55:11.937+0100][gc,phases   ] GC(6)   Pre Evacuate Collection Set: 0,65ms
[2024-11-12T19:55:11.937+0100][gc,phases   ] GC(6)   Merge Heap Roots: 0,12ms
[2024-11-12T19:55:11.937+0100][gc,phases   ] GC(6)   Evacuate Collection Set: 26,35ms
[2024-11-12T19:55:11.937+0100][gc,phases   ] GC(6)   Post Evacuate Collection Set: 0,85ms
[2024-11-12T19:55:11.937+0100][gc,phases   ] GC(6)   Other: 0,21ms
[2024-11-12T19:55:11.937+0100][gc,heap     ] GC(6) Eden regions: 44->0(47)
[2024-11-12T19:55:11.937+0100][gc,heap     ] GC(6) Survivor regions: 7->4(7)
[2024-11-12T19:55:11.937+0100][gc,heap     ] GC(6) Old regions: 10->17
[2024-11-12T19:55:11.937+0100][gc,heap     ] GC(6) Humongous regions: 153->129
[2024-11-12T19:55:11.937+0100][gc,metaspace] GC(6) Metaspace: 51797K(52480K)->51797K(52480K) NonClass: 45748K(46144K)->45748K(46144K) Class: 6048K(6336K)->6048K(6336K)
[2024-11-12T19:55:11.937+0100][gc          ] GC(6) Pause Young (Mixed) (G1 Evacuation Pause) 213M->149M(1024M) 28,595ms
[2024-11-12T19:55:11.937+0100][gc,cpu      ] GC(6) User=0,04s Sys=0,06s Real=0,03s
[2024-11-13T00:24:02.203+0100][gc,start    ] GC(7) Pause Young (Normal) (G1 Evacuation Pause)
[2024-11-13T00:24:02.206+0100][gc,task     ] GC(7) Using 8 workers of 8 for evacuation
[2024-11-13T00:24:02.232+0100][gc,mmu      ] GC(7) MMU target violated: 21,0ms (20,0ms/21,0ms)
[2024-11-13T00:24:02.233+0100][gc,phases   ] GC(7)   Pre Evacuate Collection Set: 1,51ms
[2024-11-13T00:24:02.233+0100][gc,phases   ] GC(7)   Merge Heap Roots: 0,28ms
[2024-11-13T00:24:02.233+0100][gc,phases   ] GC(7)   Evacuate Collection Set: 23,65ms
[2024-11-13T00:24:02.234+0100][gc,phases   ] GC(7)   Post Evacuate Collection Set: 1,13ms
[2024-11-13T00:24:02.234+0100][gc,phases   ] GC(7)   Other: 0,50ms
[2024-11-13T00:24:02.234+0100][gc,heap     ] GC(7) Eden regions: 47->0(47)
[2024-11-13T00:24:02.234+0100][gc,heap     ] GC(7) Survivor regions: 4->4(7)
[2024-11-13T00:24:02.234+0100][gc,heap     ] GC(7) Old regions: 17->17
[2024-11-13T00:24:02.234+0100][gc,heap     ] GC(7) Humongous regions: 129->129
[2024-11-13T00:24:02.234+0100][gc,metaspace] GC(7) Metaspace: 53363K(54016K)->53363K(54016K) NonClass: 47102K(47488K)->47102K(47488K) Class: 6260K(6528K)->6260K(6528K)
[2024-11-13T00:24:02.234+0100][gc          ] GC(7) Pause Young (Normal) (G1 Evacuation Pause) 196M->148M(1024M) 31,161ms
[2024-11-13T00:24:02.234+0100][gc,cpu      ] GC(7) User=0,04s Sys=0,05s Real=0,03s
[2024-11-13T00:37:42.826+0100][gc,start    ] GC(8) Pause Young (Normal) (G1 Evacuation Pause)
[2024-11-13T00:37:42.827+0100][gc,task     ] GC(8) Using 8 workers of 8 for evacuation
[2024-11-13T00:37:42.858+0100][gc,mmu      ] GC(8) MMU target violated: 21,0ms (20,0ms/21,0ms)
[2024-11-13T00:37:42.858+0100][gc,phases   ] GC(8)   Pre Evacuate Collection Set: 1,70ms
[2024-11-13T00:37:42.858+0100][gc,phases   ] GC(8)   Merge Heap Roots: 0,32ms
[2024-11-13T00:37:42.858+0100][gc,phases   ] GC(8)   Evacuate Collection Set: 24,95ms
[2024-11-13T00:37:42.858+0100][gc,phases   ] GC(8)   Post Evacuate Collection Set: 3,05ms
[2024-11-13T00:37:42.858+0100][gc,phases   ] GC(8)   Other: 0,58ms
[2024-11-13T00:37:42.858+0100][gc,heap     ] GC(8) Eden regions: 47->0(46)
[2024-11-13T00:37:42.858+0100][gc,heap     ] GC(8) Survivor regions: 4->5(7)
[2024-11-13T00:37:42.858+0100][gc,heap     ] GC(8) Old regions: 17->17
[2024-11-13T00:37:42.858+0100][gc,heap     ] GC(8) Humongous regions: 129->129
[2024-11-13T00:37:42.858+0100][gc,metaspace] GC(8) Metaspace: 53537K(54272K)->53537K(54272K) NonClass: 47269K(47680K)->47269K(47680K) Class: 6268K(6592K)->6268K(6592K)
[2024-11-13T00:37:42.858+0100][gc          ] GC(8) Pause Young (Normal) (G1 Evacuation Pause) 195M->149M(1024M) 33,406ms
[2024-11-13T00:37:42.859+0100][gc,cpu      ] GC(8) User=0,04s Sys=0,06s Real=0,03s
[2024-11-13T01:04:01.732+0100][gc,start    ] GC(9) Pause Young (Normal) (G1 Evacuation Pause)
[2024-11-13T01:04:01.739+0100][gc,task     ] GC(9) Using 8 workers of 8 for evacuation
[2024-11-13T01:04:01.792+0100][gc,mmu      ] GC(9) MMU target violated: 21,0ms (20,0ms/21,0ms)
[2024-11-13T01:04:01.792+0100][gc,phases   ] GC(9)   Pre Evacuate Collection Set: 1,97ms
[2024-11-13T01:04:01.792+0100][gc,phases   ] GC(9)   Merge Heap Roots: 0,99ms
[2024-11-13T01:04:01.792+0100][gc,phases   ] GC(9)   Evacuate Collection Set: 45,72ms
[2024-11-13T01:04:01.792+0100][gc,phases   ] GC(9)   Post Evacuate Collection Set: 2,15ms
[2024-11-13T01:04:01.793+0100][gc,phases   ] GC(9)   Other: 2,37ms
[2024-11-13T01:04:01.793+0100][gc,heap     ] GC(9) Eden regions: 46->0(48)
[2024-11-13T01:04:01.793+0100][gc,heap     ] GC(9) Survivor regions: 5->3(7)
[2024-11-13T01:04:01.793+0100][gc,heap     ] GC(9) Old regions: 17->19
[2024-11-13T01:04:01.793+0100][gc,heap     ] GC(9) Humongous regions: 129->129
[2024-11-13T01:04:01.793+0100][gc,metaspace] GC(9) Metaspace: 53644K(54336K)->53644K(54336K) NonClass: 47367K(47744K)->47367K(47744K) Class: 6276K(6592K)->6276K(6592K)
[2024-11-13T01:04:01.794+0100][gc          ] GC(9) Pause Young (Normal) (G1 Evacuation Pause) 195M->149M(1024M) 62,589ms
[2024-11-13T01:04:01.794+0100][gc,cpu      ] GC(9) User=0,03s Sys=0,09s Real=0,06s
[2024-11-13T23:41:26.821+0100][gc,start    ] GC(10) Pause Young (Normal) (G1 Evacuation Pause)
[2024-11-13T23:41:26.827+0100][gc,task     ] GC(10) Using 8 workers of 8 for evacuation
[2024-11-13T23:41:26.846+0100][gc,phases   ] GC(10)   Pre Evacuate Collection Set: 2,10ms
[2024-11-13T23:41:26.846+0100][gc,phases   ] GC(10)   Merge Heap Roots: 0,96ms
[2024-11-13T23:41:26.846+0100][gc,phases   ] GC(10)   Evacuate Collection Set: 13,75ms
[2024-11-13T23:41:26.846+0100][gc,phases   ] GC(10)   Post Evacuate Collection Set: 2,09ms
[2024-11-13T23:41:26.847+0100][gc,phases   ] GC(10)   Other: 1,47ms
[2024-11-13T23:41:26.847+0100][gc,heap     ] GC(10) Eden regions: 48->0(48)
[2024-11-13T23:41:26.847+0100][gc,heap     ] GC(10) Survivor regions: 3->3(7)
[2024-11-13T23:41:26.847+0100][gc,heap     ] GC(10) Old regions: 19->19
[2024-11-13T23:41:26.847+0100][gc,heap     ] GC(10) Humongous regions: 129->129
[2024-11-13T23:41:26.847+0100][gc,metaspace] GC(10) Metaspace: 53673K(54400K)->53673K(54400K) NonClass: 47397K(47808K)->47397K(47808K) Class: 6276K(6592K)->6276K(6592K)
[2024-11-13T23:41:26.847+0100][gc          ] GC(10) Pause Young (Normal) (G1 Evacuation Pause) 197M->149M(1024M) 26,791ms
[2024-11-13T23:41:26.847+0100][gc,cpu      ] GC(10) User=0,02s Sys=0,04s Real=0,02s
[2024-11-14T00:14:34.515+0100][gc,start    ] GC(11) Pause Young (Normal) (G1 Evacuation Pause)
[2024-11-14T00:14:34.518+0100][gc,task     ] GC(11) Using 8 workers of 8 for evacuation
[2024-11-14T00:14:34.526+0100][gc,phases   ] GC(11)   Pre Evacuate Collection Set: 1,51ms
[2024-11-14T00:14:34.526+0100][gc,phases   ] GC(11)   Merge Heap Roots: 0,31ms
[2024-11-14T00:14:34.526+0100][gc,phases   ] GC(11)   Evacuate Collection Set: 5,52ms
[2024-11-14T00:14:34.526+0100][gc,phases   ] GC(11)   Post Evacuate Collection Set: 0,70ms
[2024-11-14T00:14:34.527+0100][gc,phases   ] GC(11)   Other: 1,38ms
[2024-11-14T00:14:34.527+0100][gc,heap     ] GC(11) Eden regions: 48->0(48)
[2024-11-14T00:14:34.527+0100][gc,heap     ] GC(11) Survivor regions: 3->3(7)
[2024-11-14T00:14:34.527+0100][gc,heap     ] GC(11) Old regions: 19->19
[2024-11-14T00:14:34.527+0100][gc,heap     ] GC(11) Humongous regions: 129->129
[2024-11-14T00:14:34.527+0100][gc,metaspace] GC(11) Metaspace: 54073K(54720K)->54073K(54720K) NonClass: 47705K(48064K)->47705K(48064K) Class: 6367K(6656K)->6367K(6656K)
[2024-11-14T00:14:34.527+0100][gc          ] GC(11) Pause Young (Normal) (G1 Evacuation Pause) 197M->149M(1024M) 11,874ms
[2024-11-14T00:14:34.527+0100][gc,cpu      ] GC(11) User=0,02s Sys=0,02s Real=0,01s
[2024-11-14T00:14:35.044+0100][gc,heap,exit] Heap
[2024-11-14T00:14:35.044+0100][gc,heap,exit]  garbage-first heap   total reserved 1048576K, committed 1048576K, used 158423K [0x00000007c0000000, 0x0000000800000000)
[2024-11-14T00:14:35.044+0100][gc,heap,exit]   region size 1024K, 8 young (8192K), 3 survivors (3072K)
[2024-11-14T00:14:35.044+0100][gc,heap,exit]  Metaspace       used 54545K, committed 55232K, reserved 1114112K
[2024-11-14T00:14:35.044+0100][gc,heap,exit]   class space    used 6454K, committed 6720K, reserved 1048576K
