[2024-11-16T19:17:51.370+0100][gc,init] CardTable entry size: 512
[2024-11-16T19:17:51.370+0100][gc     ] Using G1
[2024-11-16T19:17:51.373+0100][gc,init] Version: 22.0.1+8 (release)
[2024-11-16T19:17:51.373+0100][gc,init] CPUs: 8 total, 8 available
[2024-11-16T19:17:51.373+0100][gc,init] Memory: 8192M
[2024-11-16T19:17:51.373+0100][gc,init] Large Page Support: Disabled
[2024-11-16T19:17:51.373+0100][gc,init] NUMA Support: Disabled
[2024-11-16T19:17:51.373+0100][gc,init] Compressed Oops: Enabled (Zero based)
[2024-11-16T19:17:51.373+0100][gc,init] Heap Region Size: 1M
[2024-11-16T19:17:51.373+0100][gc,init] Heap Min Capacity: 1G
[2024-11-16T19:17:51.373+0100][gc,init] Heap Initial Capacity: 1G
[2024-11-16T19:17:51.373+0100][gc,init] Heap Max Capacity: 1G
[2024-11-16T19:17:51.373+0100][gc,init] Pre-touch: Disabled
[2024-11-16T19:17:51.373+0100][gc,init] Parallel Workers: 8
[2024-11-16T19:17:51.373+0100][gc,init] Concurrent Workers: 2
[2024-11-16T19:17:51.373+0100][gc,init] Concurrent Refinement Workers: 8
[2024-11-16T19:17:51.373+0100][gc,init] Periodic GC: Disabled
[2024-11-16T19:17:51.373+0100][gc,metaspace] CDS archive(s) not mapped
[2024-11-16T19:17:51.373+0100][gc,metaspace] Compressed class space mapped at: 0x0000000160000000-0x00000001a0000000, reserved size: 1073741824
[2024-11-16T19:17:51.373+0100][gc,metaspace] Narrow klass base: 0x0000000000000000, Narrow klass shift: 3, Narrow klass range: 0x1a0000000
[2024-11-16T19:17:52.562+0100][gc,start    ] GC(0) Pause Young (Concurrent Start) (Metadata GC Threshold)
[2024-11-16T19:17:52.562+0100][gc,task     ] GC(0) Using 8 workers of 8 for evacuation
[2024-11-16T19:17:52.578+0100][gc,phases   ] GC(0)   Pre Evacuate Collection Set: 0,35ms
[2024-11-16T19:17:52.578+0100][gc,phases   ] GC(0)   Merge Heap Roots: 0,05ms
[2024-11-16T19:17:52.578+0100][gc,phases   ] GC(0)   Evacuate Collection Set: 14,82ms
[2024-11-16T19:17:52.578+0100][gc,phases   ] GC(0)   Post Evacuate Collection Set: 0,43ms
[2024-11-16T19:17:52.578+0100][gc,phases   ] GC(0)   Other: 0,53ms
[2024-11-16T19:17:52.578+0100][gc,heap     ] GC(0) Eden regions: 37->0(44)
[2024-11-16T19:17:52.578+0100][gc,heap     ] GC(0) Survivor regions: 0->7(7)
[2024-11-16T19:17:52.578+0100][gc,heap     ] GC(0) Old regions: 0->2
[2024-11-16T19:17:52.578+0100][gc,heap     ] GC(0) Humongous regions: 0->0
[2024-11-16T19:17:52.578+0100][gc,metaspace] GC(0) Metaspace: 21366K(21504K)->21366K(21504K) NonClass: 19122K(19200K)->19122K(19200K) Class: 2243K(2304K)->2243K(2304K)
[2024-11-16T19:17:52.578+0100][gc          ] GC(0) Pause Young (Concurrent Start) (Metadata GC Threshold) 36M->8M(1024M) 16,531ms
[2024-11-16T19:17:52.578+0100][gc,cpu      ] GC(0) User=0,03s Sys=0,01s Real=0,01s
[2024-11-16T19:17:52.578+0100][gc          ] GC(1) Concurrent Mark Cycle
[2024-11-16T19:17:52.578+0100][gc,marking  ] GC(1) Concurrent Scan Root Regions
[2024-11-16T19:17:52.581+0100][gc,marking  ] GC(1) Concurrent Scan Root Regions 2,449ms
[2024-11-16T19:17:52.581+0100][gc,marking  ] GC(1) Concurrent Mark
[2024-11-16T19:17:52.581+0100][gc,marking  ] GC(1) Concurrent Mark From Roots
[2024-11-16T19:17:52.581+0100][gc,task     ] GC(1) Using 2 workers of 2 for marking
[2024-11-16T19:17:52.583+0100][gc,marking  ] GC(1) Concurrent Mark From Roots 1,844ms
[2024-11-16T19:17:52.583+0100][gc,marking  ] GC(1) Concurrent Preclean
[2024-11-16T19:17:52.584+0100][gc,marking  ] GC(1) Concurrent Preclean 1,033ms
[2024-11-16T19:17:52.585+0100][gc,start    ] GC(1) Pause Remark
[2024-11-16T19:17:52.590+0100][gc          ] GC(1) Pause Remark 8M->8M(1024M) 5,281ms
[2024-11-16T19:17:52.590+0100][gc,cpu      ] GC(1) User=0,01s Sys=0,00s Real=0,01s
[2024-11-16T19:17:52.590+0100][gc,marking  ] GC(1) Concurrent Mark 9,506ms
[2024-11-16T19:17:52.591+0100][gc,marking  ] GC(1) Concurrent Rebuild Remembered Sets and Scrub Regions
[2024-11-16T19:17:52.596+0100][gc,marking  ] GC(1) Concurrent Rebuild Remembered Sets and Scrub Regions 5,233ms
[2024-11-16T19:17:52.596+0100][gc,start    ] GC(1) Pause Cleanup
[2024-11-16T19:17:52.596+0100][gc          ] GC(1) Pause Cleanup 8M->8M(1024M) 0,055ms
[2024-11-16T19:17:52.596+0100][gc,cpu      ] GC(1) User=0,00s Sys=0,00s Real=0,00s
[2024-11-16T19:17:52.596+0100][gc,marking  ] GC(1) Concurrent Clear Claimed Marks
[2024-11-16T19:17:52.596+0100][gc,marking  ] GC(1) Concurrent Clear Claimed Marks 0,012ms
[2024-11-16T19:17:52.596+0100][gc,marking  ] GC(1) Concurrent Cleanup for Next Mark
[2024-11-16T19:17:52.599+0100][gc,marking  ] GC(1) Concurrent Cleanup for Next Mark 3,453ms
[2024-11-16T19:17:52.600+0100][gc          ] GC(1) Concurrent Mark Cycle 21,346ms
[2024-11-16T19:17:53.748+0100][gc,start    ] GC(2) Pause Young (Normal) (G1 Evacuation Pause)
[2024-11-16T19:17:53.748+0100][gc,task     ] GC(2) Using 8 workers of 8 for evacuation
[2024-11-16T19:17:53.763+0100][gc,phases   ] GC(2)   Pre Evacuate Collection Set: 0,09ms
[2024-11-16T19:17:53.763+0100][gc,phases   ] GC(2)   Merge Heap Roots: 1,44ms
[2024-11-16T19:17:53.763+0100][gc,phases   ] GC(2)   Evacuate Collection Set: 12,22ms
[2024-11-16T19:17:53.763+0100][gc,phases   ] GC(2)   Post Evacuate Collection Set: 0,42ms
[2024-11-16T19:17:53.763+0100][gc,phases   ] GC(2)   Other: 0,12ms
[2024-11-16T19:17:53.763+0100][gc,heap     ] GC(2) Eden regions: 44->0(48)
[2024-11-16T19:17:53.763+0100][gc,heap     ] GC(2) Survivor regions: 7->3(7)
[2024-11-16T19:17:53.763+0100][gc,heap     ] GC(2) Old regions: 2->9
[2024-11-16T19:17:53.763+0100][gc,heap     ] GC(2) Humongous regions: 0->0
[2024-11-16T19:17:53.763+0100][gc,metaspace] GC(2) Metaspace: 31784K(32064K)->31784K(32064K) NonClass: 28248K(28416K)->28248K(28416K) Class: 3535K(3648K)->3535K(3648K)
[2024-11-16T19:17:53.763+0100][gc          ] GC(2) Pause Young (Normal) (G1 Evacuation Pause) 52M->10M(1024M) 14,418ms
[2024-11-16T19:17:53.763+0100][gc,cpu      ] GC(2) User=0,03s Sys=0,02s Real=0,02s
[2024-11-16T19:17:54.019+0100][gc,start    ] GC(3) Pause Young (Concurrent Start) (Metadata GC Threshold)
[2024-11-16T19:17:54.019+0100][gc,task     ] GC(3) Using 8 workers of 8 for evacuation
[2024-11-16T19:17:54.024+0100][gc,phases   ] GC(3)   Pre Evacuate Collection Set: 0,16ms
[2024-11-16T19:17:54.024+0100][gc,phases   ] GC(3)   Merge Heap Roots: 0,05ms
[2024-11-16T19:17:54.024+0100][gc,phases   ] GC(3)   Evacuate Collection Set: 4,26ms
[2024-11-16T19:17:54.024+0100][gc,phases   ] GC(3)   Post Evacuate Collection Set: 0,29ms
[2024-11-16T19:17:54.024+0100][gc,phases   ] GC(3)   Other: 0,08ms
[2024-11-16T19:17:54.024+0100][gc,heap     ] GC(3) Eden regions: 15->0(47)
[2024-11-16T19:17:54.024+0100][gc,heap     ] GC(3) Survivor regions: 3->4(7)
[2024-11-16T19:17:54.024+0100][gc,heap     ] GC(3) Old regions: 9->9
[2024-11-16T19:17:54.024+0100][gc,heap     ] GC(3) Humongous regions: 129->129
[2024-11-16T19:17:54.024+0100][gc,metaspace] GC(3) Metaspace: 35744K(35968K)->35744K(35968K) NonClass: 31866K(32000K)->31866K(32000K) Class: 3877K(3968K)->3877K(3968K)
[2024-11-16T19:17:54.024+0100][gc          ] GC(3) Pause Young (Concurrent Start) (Metadata GC Threshold) 154M->140M(1024M) 4,985ms
[2024-11-16T19:17:54.024+0100][gc          ] GC(4) Concurrent Mark Cycle
[2024-11-16T19:17:54.024+0100][gc,cpu      ] GC(3) User=0,02s Sys=0,00s Real=0,01s
[2024-11-16T19:17:54.024+0100][gc,marking  ] GC(4) Concurrent Scan Root Regions
[2024-11-16T19:17:54.025+0100][gc,marking  ] GC(4) Concurrent Scan Root Regions 0,964ms
[2024-11-16T19:17:54.025+0100][gc,marking  ] GC(4) Concurrent Mark
[2024-11-16T19:17:54.025+0100][gc,marking  ] GC(4) Concurrent Mark From Roots
[2024-11-16T19:17:54.025+0100][gc,task     ] GC(4) Using 2 workers of 2 for marking
[2024-11-16T19:17:54.030+0100][gc,marking  ] GC(4) Concurrent Mark From Roots 4,710ms
[2024-11-16T19:17:54.030+0100][gc,marking  ] GC(4) Concurrent Preclean
[2024-11-16T19:17:54.030+0100][gc,marking  ] GC(4) Concurrent Preclean 0,034ms
[2024-11-16T19:17:54.030+0100][gc,start    ] GC(4) Pause Remark
[2024-11-16T19:17:54.039+0100][gc          ] GC(4) Pause Remark 141M->141M(1024M) 8,885ms
[2024-11-16T19:17:54.039+0100][gc,cpu      ] GC(4) User=0,02s Sys=0,02s Real=0,00s
[2024-11-16T19:17:54.039+0100][gc,marking  ] GC(4) Concurrent Mark 13,878ms
[2024-11-16T19:17:54.039+0100][gc,marking  ] GC(4) Concurrent Rebuild Remembered Sets and Scrub Regions
[2024-11-16T19:17:54.042+0100][gc,marking  ] GC(4) Concurrent Rebuild Remembered Sets and Scrub Regions 2,737ms
[2024-11-16T19:17:54.042+0100][gc,start    ] GC(4) Pause Cleanup
[2024-11-16T19:17:54.042+0100][gc          ] GC(4) Pause Cleanup 141M->141M(1024M) 0,076ms
[2024-11-16T19:17:54.042+0100][gc,cpu      ] GC(4) User=0,00s Sys=0,00s Real=0,00s
[2024-11-16T19:17:54.042+0100][gc,marking  ] GC(4) Concurrent Clear Claimed Marks
[2024-11-16T19:17:54.042+0100][gc,marking  ] GC(4) Concurrent Clear Claimed Marks 0,021ms
[2024-11-16T19:17:54.042+0100][gc,marking  ] GC(4) Concurrent Cleanup for Next Mark
[2024-11-16T19:17:54.045+0100][gc,marking  ] GC(4) Concurrent Cleanup for Next Mark 2,964ms
[2024-11-16T19:17:54.045+0100][gc          ] GC(4) Concurrent Mark Cycle 21,189ms
[2024-11-16T19:17:54.804+0100][gc,start    ] GC(5) Pause Young (Normal) (G1 Evacuation Pause)
[2024-11-16T19:17:54.804+0100][gc,task     ] GC(5) Using 8 workers of 8 for evacuation
[2024-11-16T19:17:54.810+0100][gc,phases   ] GC(5)   Pre Evacuate Collection Set: 0,13ms
[2024-11-16T19:17:54.810+0100][gc,phases   ] GC(5)   Merge Heap Roots: 0,04ms
[2024-11-16T19:17:54.810+0100][gc,phases   ] GC(5)   Evacuate Collection Set: 5,98ms
[2024-11-16T19:17:54.810+0100][gc,phases   ] GC(5)   Post Evacuate Collection Set: 0,34ms
[2024-11-16T19:17:54.810+0100][gc,phases   ] GC(5)   Other: 0,06ms
[2024-11-16T19:17:54.810+0100][gc,heap     ] GC(5) Eden regions: 47->0(44)
[2024-11-16T19:17:54.810+0100][gc,heap     ] GC(5) Survivor regions: 4->7(7)
[2024-11-16T19:17:54.810+0100][gc,heap     ] GC(5) Old regions: 9->10
[2024-11-16T19:17:54.810+0100][gc,heap     ] GC(5) Humongous regions: 129->129
[2024-11-16T19:17:54.810+0100][gc,metaspace] GC(5) Metaspace: 46122K(46528K)->46122K(46528K) NonClass: 41065K(41280K)->41065K(41280K) Class: 5057K(5248K)->5057K(5248K)
[2024-11-16T19:17:54.810+0100][gc          ] GC(5) Pause Young (Normal) (G1 Evacuation Pause) 187M->145M(1024M) 6,669ms
[2024-11-16T19:17:54.810+0100][gc,cpu      ] GC(5) User=0,02s Sys=0,01s Real=0,01s
[2024-11-16T19:19:09.927+0100][gc,start    ] GC(6) Pause Young (Normal) (G1 Evacuation Pause)
[2024-11-16T19:19:09.928+0100][gc,task     ] GC(6) Using 8 workers of 8 for evacuation
[2024-11-16T19:19:09.949+0100][gc,phases   ] GC(6)   Pre Evacuate Collection Set: 0,64ms
[2024-11-16T19:19:09.949+0100][gc,phases   ] GC(6)   Merge Heap Roots: 0,15ms
[2024-11-16T19:19:09.949+0100][gc,phases   ] GC(6)   Evacuate Collection Set: 18,59ms
[2024-11-16T19:19:09.949+0100][gc,phases   ] GC(6)   Post Evacuate Collection Set: 0,54ms
[2024-11-16T19:19:09.949+0100][gc,phases   ] GC(6)   Other: 0,08ms
[2024-11-16T19:19:09.949+0100][gc,heap     ] GC(6) Eden regions: 44->0(48)
[2024-11-16T19:19:09.949+0100][gc,heap     ] GC(6) Survivor regions: 7->3(7)
[2024-11-16T19:19:09.949+0100][gc,heap     ] GC(6) Old regions: 10->17
[2024-11-16T19:19:09.949+0100][gc,heap     ] GC(6) Humongous regions: 165->129
[2024-11-16T19:19:09.949+0100][gc,metaspace] GC(6) Metaspace: 50870K(51520K)->50870K(51520K) NonClass: 45122K(45504K)->45122K(45504K) Class: 5747K(6016K)->5747K(6016K)
[2024-11-16T19:19:09.949+0100][gc          ] GC(6) Pause Young (Normal) (G1 Evacuation Pause) 225M->147M(1024M) 22,003ms
[2024-11-16T19:19:09.949+0100][gc,cpu      ] GC(6) User=0,03s Sys=0,05s Real=0,02s
[2024-11-16T19:19:46.387+0100][gc,start    ] GC(7) Pause Young (Normal) (G1 Evacuation Pause)
[2024-11-16T19:19:46.388+0100][gc,task     ] GC(7) Using 8 workers of 8 for evacuation
[2024-11-16T19:19:46.406+0100][gc,phases   ] GC(7)   Pre Evacuate Collection Set: 1,00ms
[2024-11-16T19:19:46.406+0100][gc,phases   ] GC(7)   Merge Heap Roots: 0,20ms
[2024-11-16T19:19:46.406+0100][gc,phases   ] GC(7)   Evacuate Collection Set: 15,91ms
[2024-11-16T19:19:46.406+0100][gc,phases   ] GC(7)   Post Evacuate Collection Set: 0,66ms
[2024-11-16T19:19:46.406+0100][gc,phases   ] GC(7)   Other: 0,28ms
[2024-11-16T19:19:46.406+0100][gc,heap     ] GC(7) Eden regions: 48->0(48)
[2024-11-16T19:19:46.406+0100][gc,heap     ] GC(7) Survivor regions: 3->3(7)
[2024-11-16T19:19:46.406+0100][gc,heap     ] GC(7) Old regions: 17->17
[2024-11-16T19:19:46.406+0100][gc,heap     ] GC(7) Humongous regions: 129->129
[2024-11-16T19:19:46.406+0100][gc,metaspace] GC(7) Metaspace: 50888K(51520K)->50888K(51520K) NonClass: 45140K(45504K)->45140K(45504K) Class: 5748K(6016K)->5748K(6016K)
[2024-11-16T19:19:46.406+0100][gc          ] GC(7) Pause Young (Normal) (G1 Evacuation Pause) 195M->148M(1024M) 19,338ms
[2024-11-16T19:19:46.406+0100][gc,cpu      ] GC(7) User=0,02s Sys=0,03s Real=0,02s
[2024-11-16T19:20:28.136+0100][gc,start    ] GC(8) Pause Young (Normal) (G1 Evacuation Pause)
[2024-11-16T19:20:28.137+0100][gc,task     ] GC(8) Using 8 workers of 8 for evacuation
[2024-11-16T19:20:28.158+0100][gc,mmu      ] GC(8) MMU target violated: 20,3ms (20,0ms/21,0ms)
[2024-11-16T19:20:28.158+0100][gc,phases   ] GC(8)   Pre Evacuate Collection Set: 2,03ms
[2024-11-16T19:20:28.158+0100][gc,phases   ] GC(8)   Merge Heap Roots: 0,28ms
[2024-11-16T19:20:28.158+0100][gc,phases   ] GC(8)   Evacuate Collection Set: 17,39ms
[2024-11-16T19:20:28.158+0100][gc,phases   ] GC(8)   Post Evacuate Collection Set: 0,44ms
[2024-11-16T19:20:28.158+0100][gc,phases   ] GC(8)   Other: 0,42ms
[2024-11-16T19:20:28.158+0100][gc,heap     ] GC(8) Eden regions: 48->0(48)
[2024-11-16T19:20:28.158+0100][gc,heap     ] GC(8) Survivor regions: 3->3(7)
[2024-11-16T19:20:28.158+0100][gc,heap     ] GC(8) Old regions: 17->17
[2024-11-16T19:20:28.158+0100][gc,heap     ] GC(8) Humongous regions: 129->129
[2024-11-16T19:20:28.158+0100][gc,metaspace] GC(8) Metaspace: 50934K(51584K)->50934K(51584K) NonClass: 45186K(45568K)->45186K(45568K) Class: 5748K(6016K)->5748K(6016K)
[2024-11-16T19:20:28.158+0100][gc          ] GC(8) Pause Young (Normal) (G1 Evacuation Pause) 196M->147M(1024M) 22,243ms
[2024-11-16T19:20:28.158+0100][gc,cpu      ] GC(8) User=0,02s Sys=0,04s Real=0,02s
[2024-11-16T19:21:09.114+0100][gc,start    ] GC(9) Pause Young (Normal) (G1 Evacuation Pause)
[2024-11-16T19:21:09.116+0100][gc,task     ] GC(9) Using 8 workers of 8 for evacuation
[2024-11-16T19:21:09.140+0100][gc,mmu      ] GC(9) MMU target violated: 21,0ms (20,0ms/21,0ms)
[2024-11-16T19:21:09.140+0100][gc,phases   ] GC(9)   Pre Evacuate Collection Set: 1,58ms
[2024-11-16T19:21:09.140+0100][gc,phases   ] GC(9)   Merge Heap Roots: 0,26ms
[2024-11-16T19:21:09.140+0100][gc,phases   ] GC(9)   Evacuate Collection Set: 21,12ms
[2024-11-16T19:21:09.140+0100][gc,phases   ] GC(9)   Post Evacuate Collection Set: 0,81ms
[2024-11-16T19:21:09.140+0100][gc,phases   ] GC(9)   Other: 0,48ms
[2024-11-16T19:21:09.140+0100][gc,heap     ] GC(9) Eden regions: 48->0(48)
[2024-11-16T19:21:09.140+0100][gc,heap     ] GC(9) Survivor regions: 3->3(7)
[2024-11-16T19:21:09.140+0100][gc,heap     ] GC(9) Old regions: 17->17
[2024-11-16T19:21:09.140+0100][gc,heap     ] GC(9) Humongous regions: 129->129
[2024-11-16T19:21:09.140+0100][gc,metaspace] GC(9) Metaspace: 50948K(51584K)->50948K(51584K) NonClass: 45200K(45568K)->45200K(45568K) Class: 5748K(6016K)->5748K(6016K)
[2024-11-16T19:21:09.140+0100][gc          ] GC(9) Pause Young (Normal) (G1 Evacuation Pause) 195M->147M(1024M) 25,960ms
[2024-11-16T19:21:09.140+0100][gc,cpu      ] GC(9) User=0,03s Sys=0,04s Real=0,03s
[2024-11-16T19:21:49.781+0100][gc,start    ] GC(10) Pause Young (Normal) (G1 Evacuation Pause)
[2024-11-16T19:21:49.784+0100][gc,task     ] GC(10) Using 8 workers of 8 for evacuation
[2024-11-16T19:21:49.802+0100][gc,phases   ] GC(10)   Pre Evacuate Collection Set: 1,57ms
[2024-11-16T19:21:49.802+0100][gc,phases   ] GC(10)   Merge Heap Roots: 0,29ms
[2024-11-16T19:21:49.802+0100][gc,phases   ] GC(10)   Evacuate Collection Set: 14,92ms
[2024-11-16T19:21:49.802+0100][gc,phases   ] GC(10)   Post Evacuate Collection Set: 0,86ms
[2024-11-16T19:21:49.802+0100][gc,phases   ] GC(10)   Other: 0,30ms
[2024-11-16T19:21:49.802+0100][gc,heap     ] GC(10) Eden regions: 48->0(48)
[2024-11-16T19:21:49.802+0100][gc,heap     ] GC(10) Survivor regions: 3->3(7)
[2024-11-16T19:21:49.802+0100][gc,heap     ] GC(10) Old regions: 17->17
[2024-11-16T19:21:49.802+0100][gc,heap     ] GC(10) Humongous regions: 129->129
[2024-11-16T19:21:49.802+0100][gc,metaspace] GC(10) Metaspace: 50962K(51584K)->50962K(51584K) NonClass: 45214K(45568K)->45214K(45568K) Class: 5748K(6016K)->5748K(6016K)
[2024-11-16T19:21:49.802+0100][gc          ] GC(10) Pause Young (Normal) (G1 Evacuation Pause) 195M->147M(1024M) 20,646ms
[2024-11-16T19:21:49.802+0100][gc,cpu      ] GC(10) User=0,03s Sys=0,03s Real=0,02s
[2024-11-16T19:22:32.304+0100][gc,start    ] GC(11) Pause Young (Normal) (G1 Evacuation Pause)
[2024-11-16T19:22:32.305+0100][gc,task     ] GC(11) Using 8 workers of 8 for evacuation
[2024-11-16T19:22:32.324+0100][gc,phases   ] GC(11)   Pre Evacuate Collection Set: 1,34ms
[2024-11-16T19:22:32.324+0100][gc,phases   ] GC(11)   Merge Heap Roots: 0,22ms
[2024-11-16T19:22:32.324+0100][gc,phases   ] GC(11)   Evacuate Collection Set: 16,22ms
[2024-11-16T19:22:32.324+0100][gc,phases   ] GC(11)   Post Evacuate Collection Set: 0,86ms
[2024-11-16T19:22:32.324+0100][gc,phases   ] GC(11)   Other: 0,27ms
[2024-11-16T19:22:32.324+0100][gc,heap     ] GC(11) Eden regions: 48->0(48)
[2024-11-16T19:22:32.324+0100][gc,heap     ] GC(11) Survivor regions: 3->3(7)
[2024-11-16T19:22:32.324+0100][gc,heap     ] GC(11) Old regions: 17->17
[2024-11-16T19:22:32.324+0100][gc,heap     ] GC(11) Humongous regions: 129->129
[2024-11-16T19:22:32.324+0100][gc,metaspace] GC(11) Metaspace: 50972K(51584K)->50972K(51584K) NonClass: 45224K(45568K)->45224K(45568K) Class: 5748K(6016K)->5748K(6016K)
[2024-11-16T19:22:32.324+0100][gc          ] GC(11) Pause Young (Normal) (G1 Evacuation Pause) 195M->148M(1024M) 20,380ms
[2024-11-16T19:22:32.324+0100][gc,cpu      ] GC(11) User=0,02s Sys=0,04s Real=0,02s
[2024-11-16T19:23:18.808+0100][gc,start    ] GC(12) Pause Young (Normal) (G1 Evacuation Pause)
[2024-11-16T19:23:18.809+0100][gc,task     ] GC(12) Using 8 workers of 8 for evacuation
[2024-11-16T19:23:18.831+0100][gc,mmu      ] GC(12) MMU target violated: 21,0ms (20,0ms/21,0ms)
[2024-11-16T19:23:18.831+0100][gc,phases   ] GC(12)   Pre Evacuate Collection Set: 1,23ms
[2024-11-16T19:23:18.831+0100][gc,phases   ] GC(12)   Merge Heap Roots: 0,20ms
[2024-11-16T19:23:18.831+0100][gc,phases   ] GC(12)   Evacuate Collection Set: 20,37ms
[2024-11-16T19:23:18.831+0100][gc,phases   ] GC(12)   Post Evacuate Collection Set: 0,77ms
[2024-11-16T19:23:18.831+0100][gc,phases   ] GC(12)   Other: 0,31ms
[2024-11-16T19:23:18.831+0100][gc,heap     ] GC(12) Eden regions: 48->0(48)
[2024-11-16T19:23:18.831+0100][gc,heap     ] GC(12) Survivor regions: 3->3(7)
[2024-11-16T19:23:18.832+0100][gc,heap     ] GC(12) Old regions: 17->17
[2024-11-16T19:23:18.832+0100][gc,heap     ] GC(12) Humongous regions: 129->129
[2024-11-16T19:23:18.832+0100][gc,metaspace] GC(12) Metaspace: 50997K(51584K)->50997K(51584K) NonClass: 45248K(45568K)->45248K(45568K) Class: 5748K(6016K)->5748K(6016K)
[2024-11-16T19:23:18.832+0100][gc          ] GC(12) Pause Young (Normal) (G1 Evacuation Pause) 196M->147M(1024M) 24,035ms
[2024-11-16T19:23:18.832+0100][gc,cpu      ] GC(12) User=0,02s Sys=0,04s Real=0,03s
[2024-11-16T19:24:03.523+0100][gc,start    ] GC(13) Pause Young (Normal) (G1 Evacuation Pause)
[2024-11-16T19:24:03.525+0100][gc,task     ] GC(13) Using 8 workers of 8 for evacuation
[2024-11-16T19:24:03.548+0100][gc,mmu      ] GC(13) MMU target violated: 21,0ms (20,0ms/21,0ms)
[2024-11-16T19:24:03.548+0100][gc,phases   ] GC(13)   Pre Evacuate Collection Set: 1,23ms
[2024-11-16T19:24:03.548+0100][gc,phases   ] GC(13)   Merge Heap Roots: 0,23ms
[2024-11-16T19:24:03.548+0100][gc,phases   ] GC(13)   Evacuate Collection Set: 20,54ms
[2024-11-16T19:24:03.548+0100][gc,phases   ] GC(13)   Post Evacuate Collection Set: 1,05ms
[2024-11-16T19:24:03.548+0100][gc,phases   ] GC(13)   Other: 0,29ms
[2024-11-16T19:24:03.548+0100][gc,heap     ] GC(13) Eden regions: 48->0(48)
[2024-11-16T19:24:03.548+0100][gc,heap     ] GC(13) Survivor regions: 3->3(7)
[2024-11-16T19:24:03.548+0100][gc,heap     ] GC(13) Old regions: 17->17
[2024-11-16T19:24:03.548+0100][gc,heap     ] GC(13) Humongous regions: 129->129
[2024-11-16T19:24:03.548+0100][gc,metaspace] GC(13) Metaspace: 51013K(51648K)->51013K(51648K) NonClass: 45265K(45632K)->45265K(45632K) Class: 5748K(6016K)->5748K(6016K)
[2024-11-16T19:24:03.548+0100][gc          ] GC(13) Pause Young (Normal) (G1 Evacuation Pause) 195M->148M(1024M) 24,792ms
[2024-11-16T19:24:03.548+0100][gc,cpu      ] GC(13) User=0,02s Sys=0,05s Real=0,02s
[2024-11-16T19:24:48.143+0100][gc,start    ] GC(14) Pause Young (Normal) (G1 Evacuation Pause)
[2024-11-16T19:24:48.144+0100][gc,task     ] GC(14) Using 8 workers of 8 for evacuation
[2024-11-16T19:24:48.164+0100][gc,phases   ] GC(14)   Pre Evacuate Collection Set: 1,32ms
[2024-11-16T19:24:48.164+0100][gc,phases   ] GC(14)   Merge Heap Roots: 0,24ms
[2024-11-16T19:24:48.164+0100][gc,phases   ] GC(14)   Evacuate Collection Set: 17,22ms
[2024-11-16T19:24:48.164+0100][gc,phases   ] GC(14)   Post Evacuate Collection Set: 0,83ms
[2024-11-16T19:24:48.164+0100][gc,phases   ] GC(14)   Other: 0,25ms
[2024-11-16T19:24:48.164+0100][gc,heap     ] GC(14) Eden regions: 48->0(48)
[2024-11-16T19:24:48.164+0100][gc,heap     ] GC(14) Survivor regions: 3->3(7)
[2024-11-16T19:24:48.164+0100][gc,heap     ] GC(14) Old regions: 17->17
[2024-11-16T19:24:48.164+0100][gc,heap     ] GC(14) Humongous regions: 129->129
[2024-11-16T19:24:48.164+0100][gc,metaspace] GC(14) Metaspace: 51028K(51648K)->51028K(51648K) NonClass: 45280K(45632K)->45280K(45632K) Class: 5748K(6016K)->5748K(6016K)
[2024-11-16T19:24:48.164+0100][gc          ] GC(14) Pause Young (Normal) (G1 Evacuation Pause) 196M->147M(1024M) 21,097ms
[2024-11-16T19:24:48.164+0100][gc,cpu      ] GC(14) User=0,02s Sys=0,04s Real=0,02s
[2024-11-16T19:25:47.266+0100][gc,start    ] GC(15) Pause Young (Normal) (G1 Evacuation Pause)
[2024-11-16T19:25:47.267+0100][gc,task     ] GC(15) Using 8 workers of 8 for evacuation
[2024-11-16T19:25:47.280+0100][gc,phases   ] GC(15)   Pre Evacuate Collection Set: 0,87ms
[2024-11-16T19:25:47.280+0100][gc,phases   ] GC(15)   Merge Heap Roots: 0,18ms
[2024-11-16T19:25:47.280+0100][gc,phases   ] GC(15)   Evacuate Collection Set: 10,61ms
[2024-11-16T19:25:47.280+0100][gc,phases   ] GC(15)   Post Evacuate Collection Set: 0,50ms
[2024-11-16T19:25:47.280+0100][gc,phases   ] GC(15)   Other: 0,15ms
[2024-11-16T19:25:47.280+0100][gc,heap     ] GC(15) Eden regions: 65->0(65)
[2024-11-16T19:25:47.280+0100][gc,heap     ] GC(15) Survivor regions: 3->4(9)
[2024-11-16T19:25:47.280+0100][gc,heap     ] GC(15) Old regions: 17->17
[2024-11-16T19:25:47.280+0100][gc,heap     ] GC(15) Humongous regions: 129->129
[2024-11-16T19:25:47.280+0100][gc,metaspace] GC(15) Metaspace: 51571K(52224K)->51571K(52224K) NonClass: 45705K(46080K)->45705K(46080K) Class: 5866K(6144K)->5866K(6144K)
[2024-11-16T19:25:47.280+0100][gc          ] GC(15) Pause Young (Normal) (G1 Evacuation Pause) 212M->148M(1024M) 13,469ms
[2024-11-16T19:25:47.280+0100][gc,cpu      ] GC(15) User=0,02s Sys=0,03s Real=0,02s
[2024-11-16T19:26:36.734+0100][gc,start    ] GC(16) Pause Young (Normal) (G1 Evacuation Pause)
[2024-11-16T19:26:36.735+0100][gc,task     ] GC(16) Using 8 workers of 8 for evacuation
[2024-11-16T19:26:36.761+0100][gc,mmu      ] GC(16) MMU target violated: 21,0ms (20,0ms/21,0ms)
[2024-11-16T19:26:36.761+0100][gc,phases   ] GC(16)   Pre Evacuate Collection Set: 0,98ms
[2024-11-16T19:26:36.761+0100][gc,phases   ] GC(16)   Merge Heap Roots: 0,20ms
[2024-11-16T19:26:36.761+0100][gc,phases   ] GC(16)   Evacuate Collection Set: 23,24ms
[2024-11-16T19:26:36.761+0100][gc,phases   ] GC(16)   Post Evacuate Collection Set: 1,14ms
[2024-11-16T19:26:36.761+0100][gc,phases   ] GC(16)   Other: 0,27ms
[2024-11-16T19:26:36.761+0100][gc,heap     ] GC(16) Eden regions: 55->0(47)
[2024-11-16T19:26:36.761+0100][gc,heap     ] GC(16) Survivor regions: 4->4(8)
[2024-11-16T19:26:36.761+0100][gc,heap     ] GC(16) Old regions: 17->17
[2024-11-16T19:26:36.761+0100][gc,heap     ] GC(16) Humongous regions: 129->129
[2024-11-16T19:26:36.761+0100][gc,metaspace] GC(16) Metaspace: 51667K(52288K)->51667K(52288K) NonClass: 45797K(46144K)->45797K(46144K) Class: 5870K(6144K)->5870K(6144K)
[2024-11-16T19:26:36.761+0100][gc          ] GC(16) Pause Young (Normal) (G1 Evacuation Pause) 203M->148M(1024M) 27,349ms
[2024-11-16T19:26:36.761+0100][gc,cpu      ] GC(16) User=0,02s Sys=0,05s Real=0,03s
[2024-11-16T19:27:20.833+0100][gc,start    ] GC(17) Pause Young (Normal) (G1 Evacuation Pause)
[2024-11-16T19:27:20.833+0100][gc,task     ] GC(17) Using 8 workers of 8 for evacuation
[2024-11-16T19:27:20.856+0100][gc,mmu      ] GC(17) MMU target violated: 21,0ms (20,0ms/21,0ms)
[2024-11-16T19:27:20.856+0100][gc,phases   ] GC(17)   Pre Evacuate Collection Set: 1,04ms
[2024-11-16T19:27:20.856+0100][gc,phases   ] GC(17)   Merge Heap Roots: 0,21ms
[2024-11-16T19:27:20.856+0100][gc,phases   ] GC(17)   Evacuate Collection Set: 20,13ms
[2024-11-16T19:27:20.856+0100][gc,phases   ] GC(17)   Post Evacuate Collection Set: 0,88ms
[2024-11-16T19:27:20.856+0100][gc,phases   ] GC(17)   Other: 0,28ms
[2024-11-16T19:27:20.856+0100][gc,heap     ] GC(17) Eden regions: 47->0(47)
[2024-11-16T19:27:20.856+0100][gc,heap     ] GC(17) Survivor regions: 4->4(7)
[2024-11-16T19:27:20.856+0100][gc,heap     ] GC(17) Old regions: 17->17
[2024-11-16T19:27:20.856+0100][gc,heap     ] GC(17) Humongous regions: 129->129
[2024-11-16T19:27:20.856+0100][gc,metaspace] GC(17) Metaspace: 51783K(52416K)->51783K(52416K) NonClass: 45912K(46272K)->45912K(46272K) Class: 5870K(6144K)->5870K(6144K)
[2024-11-16T19:27:20.856+0100][gc          ] GC(17) Pause Young (Normal) (G1 Evacuation Pause) 195M->148M(1024M) 23,256ms
[2024-11-16T19:27:20.856+0100][gc,cpu      ] GC(17) User=0,03s Sys=0,04s Real=0,02s
[2024-11-16T19:28:09.102+0100][gc,start    ] GC(18) Pause Young (Normal) (G1 Evacuation Pause)
[2024-11-16T19:28:09.103+0100][gc,task     ] GC(18) Using 8 workers of 8 for evacuation
[2024-11-16T19:28:09.122+0100][gc,phases   ] GC(18)   Pre Evacuate Collection Set: 1,10ms
[2024-11-16T19:28:09.122+0100][gc,phases   ] GC(18)   Merge Heap Roots: 0,20ms
[2024-11-16T19:28:09.122+0100][gc,phases   ] GC(18)   Evacuate Collection Set: 17,53ms
[2024-11-16T19:28:09.122+0100][gc,phases   ] GC(18)   Post Evacuate Collection Set: 0,60ms
[2024-11-16T19:28:09.122+0100][gc,phases   ] GC(18)   Other: 0,16ms
[2024-11-16T19:28:09.122+0100][gc,heap     ] GC(18) Eden regions: 47->0(48)
[2024-11-16T19:28:09.122+0100][gc,heap     ] GC(18) Survivor regions: 4->4(7)
[2024-11-16T19:28:09.122+0100][gc,heap     ] GC(18) Old regions: 17->17
[2024-11-16T19:28:09.122+0100][gc,heap     ] GC(18) Humongous regions: 129->129
[2024-11-16T19:28:09.122+0100][gc,metaspace] GC(18) Metaspace: 51884K(52544K)->51884K(52544K) NonClass: 45998K(46336K)->45998K(46336K) Class: 5886K(6208K)->5886K(6208K)
[2024-11-16T19:28:09.122+0100][gc          ] GC(18) Pause Young (Normal) (G1 Evacuation Pause) 195M->148M(1024M) 20,677ms
[2024-11-16T19:28:09.122+0100][gc,cpu      ] GC(18) User=0,03s Sys=0,03s Real=0,02s
[2024-11-16T19:28:54.058+0100][gc,start    ] GC(19) Pause Young (Normal) (G1 Evacuation Pause)
[2024-11-16T19:28:54.060+0100][gc,task     ] GC(19) Using 8 workers of 8 for evacuation
[2024-11-16T19:28:54.083+0100][gc,mmu      ] GC(19) MMU target violated: 21,0ms (20,0ms/21,0ms)
[2024-11-16T19:28:54.084+0100][gc,phases   ] GC(19)   Pre Evacuate Collection Set: 1,66ms
[2024-11-16T19:28:54.084+0100][gc,phases   ] GC(19)   Merge Heap Roots: 0,41ms
[2024-11-16T19:28:54.084+0100][gc,phases   ] GC(19)   Evacuate Collection Set: 20,62ms
[2024-11-16T19:28:54.084+0100][gc,phases   ] GC(19)   Post Evacuate Collection Set: 0,89ms
[2024-11-16T19:28:54.084+0100][gc,phases   ] GC(19)   Other: 0,50ms
[2024-11-16T19:28:54.084+0100][gc,heap     ] GC(19) Eden regions: 47->0(53)
[2024-11-16T19:28:54.084+0100][gc,heap     ] GC(19) Survivor regions: 4->4(7)
[2024-11-16T19:28:54.084+0100][gc,heap     ] GC(19) Old regions: 17->17
[2024-11-16T19:28:54.084+0100][gc,heap     ] GC(19) Humongous regions: 129->129
[2024-11-16T19:28:54.084+0100][gc,metaspace] GC(19) Metaspace: 51905K(52608K)->51905K(52608K) NonClass: 46019K(46400K)->46019K(46400K) Class: 5886K(6208K)->5886K(6208K)
[2024-11-16T19:28:54.084+0100][gc          ] GC(19) Pause Young (Normal) (G1 Evacuation Pause) 195M->148M(1024M) 26,178ms
[2024-11-16T19:28:54.084+0100][gc,cpu      ] GC(19) User=0,04s Sys=0,04s Real=0,03s
[2024-11-16T19:29:34.486+0100][gc,start    ] GC(20) Pause Young (Normal) (G1 Evacuation Pause)
[2024-11-16T19:29:34.487+0100][gc,task     ] GC(20) Using 8 workers of 8 for evacuation
[2024-11-16T19:29:34.513+0100][gc,mmu      ] GC(20) MMU target violated: 21,0ms (20,0ms/21,0ms)
[2024-11-16T19:29:34.513+0100][gc,phases   ] GC(20)   Pre Evacuate Collection Set: 1,53ms
[2024-11-16T19:29:34.513+0100][gc,phases   ] GC(20)   Merge Heap Roots: 0,36ms
[2024-11-16T19:29:34.513+0100][gc,phases   ] GC(20)   Evacuate Collection Set: 19,87ms
[2024-11-16T19:29:34.513+0100][gc,phases   ] GC(20)   Post Evacuate Collection Set: 4,14ms
[2024-11-16T19:29:34.513+0100][gc,phases   ] GC(20)   Other: 0,39ms
[2024-11-16T19:29:34.514+0100][gc,heap     ] GC(20) Eden regions: 47->0(47)
[2024-11-16T19:29:34.514+0100][gc,heap     ] GC(20) Survivor regions: 4->4(7)
[2024-11-16T19:29:34.514+0100][gc,heap     ] GC(20) Old regions: 17->17
[2024-11-16T19:29:34.514+0100][gc,heap     ] GC(20) Humongous regions: 129->129
[2024-11-16T19:29:34.514+0100][gc,metaspace] GC(20) Metaspace: 51962K(52672K)->51962K(52672K) NonClass: 46076K(46464K)->46076K(46464K) Class: 5886K(6208K)->5886K(6208K)
[2024-11-16T19:29:34.514+0100][gc          ] GC(20) Pause Young (Normal) (G1 Evacuation Pause) 195M->149M(1024M) 27,918ms
[2024-11-16T19:29:34.514+0100][gc,cpu      ] GC(20) User=0,03s Sys=0,04s Real=0,03s
[2024-11-16T19:30:14.787+0100][gc,start    ] GC(21) Pause Young (Normal) (G1 Evacuation Pause)
[2024-11-16T19:30:14.788+0100][gc,task     ] GC(21) Using 8 workers of 8 for evacuation
[2024-11-16T19:30:14.823+0100][gc,mmu      ] GC(21) MMU target violated: 21,0ms (20,0ms/21,0ms)
[2024-11-16T19:30:14.823+0100][gc,phases   ] GC(21)   Pre Evacuate Collection Set: 1,61ms
[2024-11-16T19:30:14.823+0100][gc,phases   ] GC(21)   Merge Heap Roots: 0,29ms
[2024-11-16T19:30:14.823+0100][gc,phases   ] GC(21)   Evacuate Collection Set: 28,62ms
[2024-11-16T19:30:14.823+0100][gc,phases   ] GC(21)   Post Evacuate Collection Set: 3,77ms
[2024-11-16T19:30:14.823+0100][gc,phases   ] GC(21)   Other: 0,54ms
[2024-11-16T19:30:14.823+0100][gc,heap     ] GC(21) Eden regions: 47->0(48)
[2024-11-16T19:30:14.823+0100][gc,heap     ] GC(21) Survivor regions: 4->3(7)
[2024-11-16T19:30:14.823+0100][gc,heap     ] GC(21) Old regions: 17->18
[2024-11-16T19:30:14.823+0100][gc,heap     ] GC(21) Humongous regions: 129->129
[2024-11-16T19:30:14.823+0100][gc,metaspace] GC(21) Metaspace: 51979K(52672K)->51979K(52672K) NonClass: 46093K(46464K)->46093K(46464K) Class: 5886K(6208K)->5886K(6208K)
[2024-11-16T19:30:14.823+0100][gc          ] GC(21) Pause Young (Normal) (G1 Evacuation Pause) 196M->149M(1024M) 36,021ms
[2024-11-16T19:30:14.823+0100][gc,cpu      ] GC(21) User=0,04s Sys=0,05s Real=0,04s
[2024-11-16T19:38:45.091+0100][gc,start    ] GC(22) Pause Young (Normal) (G1 Evacuation Pause)
[2024-11-16T19:38:45.094+0100][gc,task     ] GC(22) Using 8 workers of 8 for evacuation
[2024-11-16T19:38:45.141+0100][gc,mmu      ] GC(22) MMU target violated: 21,0ms (20,0ms/21,0ms)
[2024-11-16T19:38:45.141+0100][gc,phases   ] GC(22)   Pre Evacuate Collection Set: 1,20ms
[2024-11-16T19:38:45.141+0100][gc,phases   ] GC(22)   Merge Heap Roots: 0,26ms
[2024-11-16T19:38:45.141+0100][gc,phases   ] GC(22)   Evacuate Collection Set: 43,16ms
[2024-11-16T19:38:45.141+0100][gc,phases   ] GC(22)   Post Evacuate Collection Set: 1,78ms
[2024-11-16T19:38:45.141+0100][gc,phases   ] GC(22)   Other: 0,40ms
[2024-11-16T19:38:45.141+0100][gc,heap     ] GC(22) Eden regions: 529->0(47)
[2024-11-16T19:38:45.141+0100][gc,heap     ] GC(22) Survivor regions: 3->4(67)
[2024-11-16T19:38:45.141+0100][gc,heap     ] GC(22) Old regions: 18->18
[2024-11-16T19:38:45.141+0100][gc,heap     ] GC(22) Humongous regions: 129->129
[2024-11-16T19:38:45.141+0100][gc,metaspace] GC(22) Metaspace: 52209K(52928K)->52209K(52928K) NonClass: 46295K(46720K)->46295K(46720K) Class: 5914K(6208K)->5914K(6208K)
[2024-11-16T19:38:45.141+0100][gc          ] GC(22) Pause Young (Normal) (G1 Evacuation Pause) 678M->150M(1024M) 50,080ms
[2024-11-16T19:38:45.141+0100][gc,cpu      ] GC(22) User=0,03s Sys=0,12s Real=0,05s
[2024-11-16T19:39:40.967+0100][gc,start    ] GC(23) Pause Young (Normal) (G1 Evacuation Pause)
[2024-11-16T19:39:40.968+0100][gc,task     ] GC(23) Using 8 workers of 8 for evacuation
[2024-11-16T19:39:40.994+0100][gc,mmu      ] GC(23) MMU target violated: 21,0ms (20,0ms/21,0ms)
[2024-11-16T19:39:40.994+0100][gc,phases   ] GC(23)   Pre Evacuate Collection Set: 1,04ms
[2024-11-16T19:39:40.994+0100][gc,phases   ] GC(23)   Merge Heap Roots: 0,16ms
[2024-11-16T19:39:40.994+0100][gc,phases   ] GC(23)   Evacuate Collection Set: 22,19ms
[2024-11-16T19:39:40.994+0100][gc,phases   ] GC(23)   Post Evacuate Collection Set: 2,53ms
[2024-11-16T19:39:40.994+0100][gc,phases   ] GC(23)   Other: 0,37ms
[2024-11-16T19:39:40.994+0100][gc,heap     ] GC(23) Eden regions: 47->0(47)
[2024-11-16T19:39:40.994+0100][gc,heap     ] GC(23) Survivor regions: 4->4(7)
[2024-11-16T19:39:40.994+0100][gc,heap     ] GC(23) Old regions: 18->18
[2024-11-16T19:39:40.994+0100][gc,heap     ] GC(23) Humongous regions: 129->129
[2024-11-16T19:39:40.994+0100][gc,metaspace] GC(23) Metaspace: 52231K(52928K)->52231K(52928K) NonClass: 46316K(46720K)->46316K(46720K) Class: 5914K(6208K)->5914K(6208K)
[2024-11-16T19:39:40.994+0100][gc          ] GC(23) Pause Young (Normal) (G1 Evacuation Pause) 197M->150M(1024M) 27,811ms
[2024-11-16T19:39:40.995+0100][gc,cpu      ] GC(23) User=0,03s Sys=0,04s Real=0,03s
[2024-11-16T19:40:23.162+0100][gc,start    ] GC(24) Pause Young (Normal) (G1 Evacuation Pause)
[2024-11-16T19:40:23.163+0100][gc,task     ] GC(24) Using 8 workers of 8 for evacuation
[2024-11-16T19:40:23.178+0100][gc,phases   ] GC(24)   Pre Evacuate Collection Set: 0,93ms
[2024-11-16T19:40:23.178+0100][gc,phases   ] GC(24)   Merge Heap Roots: 0,15ms
[2024-11-16T19:40:23.178+0100][gc,phases   ] GC(24)   Evacuate Collection Set: 12,54ms
[2024-11-16T19:40:23.178+0100][gc,phases   ] GC(24)   Post Evacuate Collection Set: 0,56ms
[2024-11-16T19:40:23.178+0100][gc,phases   ] GC(24)   Other: 0,17ms
[2024-11-16T19:40:23.178+0100][gc,heap     ] GC(24) Eden regions: 47->0(47)
[2024-11-16T19:40:23.178+0100][gc,heap     ] GC(24) Survivor regions: 4->4(7)
[2024-11-16T19:40:23.178+0100][gc,heap     ] GC(24) Old regions: 18->18
[2024-11-16T19:40:23.178+0100][gc,heap     ] GC(24) Humongous regions: 129->129
[2024-11-16T19:40:23.178+0100][gc,metaspace] GC(24) Metaspace: 52239K(52928K)->52239K(52928K) NonClass: 46325K(46720K)->46325K(46720K) Class: 5914K(6208K)->5914K(6208K)
[2024-11-16T19:40:23.178+0100][gc          ] GC(24) Pause Young (Normal) (G1 Evacuation Pause) 197M->150M(1024M) 15,544ms
[2024-11-16T19:40:23.178+0100][gc,cpu      ] GC(24) User=0,02s Sys=0,03s Real=0,01s
[2024-11-16T19:41:04.311+0100][gc,start    ] GC(25) Pause Young (Normal) (G1 Evacuation Pause)
[2024-11-16T19:41:04.312+0100][gc,task     ] GC(25) Using 8 workers of 8 for evacuation
[2024-11-16T19:41:04.327+0100][gc,phases   ] GC(25)   Pre Evacuate Collection Set: 1,10ms
[2024-11-16T19:41:04.327+0100][gc,phases   ] GC(25)   Merge Heap Roots: 0,19ms
[2024-11-16T19:41:04.327+0100][gc,phases   ] GC(25)   Evacuate Collection Set: 12,48ms
[2024-11-16T19:41:04.327+0100][gc,phases   ] GC(25)   Post Evacuate Collection Set: 0,76ms
[2024-11-16T19:41:04.327+0100][gc,phases   ] GC(25)   Other: 0,14ms
[2024-11-16T19:41:04.327+0100][gc,heap     ] GC(25) Eden regions: 47->0(47)
[2024-11-16T19:41:04.327+0100][gc,heap     ] GC(25) Survivor regions: 4->4(7)
[2024-11-16T19:41:04.327+0100][gc,heap     ] GC(25) Old regions: 18->18
[2024-11-16T19:41:04.327+0100][gc,heap     ] GC(25) Humongous regions: 129->129
[2024-11-16T19:41:04.327+0100][gc,metaspace] GC(25) Metaspace: 52246K(52928K)->52246K(52928K) NonClass: 46331K(46720K)->46331K(46720K) Class: 5914K(6208K)->5914K(6208K)
[2024-11-16T19:41:04.327+0100][gc          ] GC(25) Pause Young (Normal) (G1 Evacuation Pause) 197M->150M(1024M) 15,924ms
[2024-11-16T19:41:04.327+0100][gc,cpu      ] GC(25) User=0,02s Sys=0,05s Real=0,01s
[2024-11-16T19:41:42.007+0100][gc,start    ] GC(26) Pause Young (Normal) (G1 Evacuation Pause)
[2024-11-16T19:41:42.008+0100][gc,task     ] GC(26) Using 8 workers of 8 for evacuation
[2024-11-16T19:41:42.027+0100][gc,phases   ] GC(26)   Pre Evacuate Collection Set: 1,48ms
[2024-11-16T19:41:42.027+0100][gc,phases   ] GC(26)   Merge Heap Roots: 0,18ms
[2024-11-16T19:41:42.027+0100][gc,phases   ] GC(26)   Evacuate Collection Set: 15,02ms
[2024-11-16T19:41:42.027+0100][gc,phases   ] GC(26)   Post Evacuate Collection Set: 2,19ms
[2024-11-16T19:41:42.027+0100][gc,phases   ] GC(26)   Other: 0,34ms
[2024-11-16T19:41:42.027+0100][gc,heap     ] GC(26) Eden regions: 47->0(47)
[2024-11-16T19:41:42.027+0100][gc,heap     ] GC(26) Survivor regions: 4->4(7)
[2024-11-16T19:41:42.027+0100][gc,heap     ] GC(26) Old regions: 18->18
[2024-11-16T19:41:42.027+0100][gc,heap     ] GC(26) Humongous regions: 129->129
[2024-11-16T19:41:42.028+0100][gc,metaspace] GC(26) Metaspace: 52250K(52928K)->52250K(52928K) NonClass: 46336K(46720K)->46336K(46720K) Class: 5914K(6208K)->5914K(6208K)
[2024-11-16T19:41:42.028+0100][gc          ] GC(26) Pause Young (Normal) (G1 Evacuation Pause) 197M->150M(1024M) 20,674ms
[2024-11-16T19:41:42.028+0100][gc,cpu      ] GC(26) User=0,03s Sys=0,02s Real=0,02s
[2024-11-16T19:42:40.604+0100][gc,start    ] GC(27) Pause Young (Normal) (G1 Evacuation Pause)
[2024-11-16T19:42:40.605+0100][gc,task     ] GC(27) Using 8 workers of 8 for evacuation
[2024-11-16T19:42:40.626+0100][gc,mmu      ] GC(27) MMU target violated: 21,0ms (20,0ms/21,0ms)
[2024-11-16T19:42:40.626+0100][gc,phases   ] GC(27)   Pre Evacuate Collection Set: 1,24ms
[2024-11-16T19:42:40.626+0100][gc,phases   ] GC(27)   Merge Heap Roots: 0,19ms
[2024-11-16T19:42:40.626+0100][gc,phases   ] GC(27)   Evacuate Collection Set: 16,99ms
[2024-11-16T19:42:40.627+0100][gc,phases   ] GC(27)   Post Evacuate Collection Set: 3,01ms
[2024-11-16T19:42:40.627+0100][gc,phases   ] GC(27)   Other: 0,25ms
[2024-11-16T19:42:40.627+0100][gc,heap     ] GC(27) Eden regions: 70->0(46)
[2024-11-16T19:42:40.627+0100][gc,heap     ] GC(27) Survivor regions: 4->5(10)
[2024-11-16T19:42:40.627+0100][gc,heap     ] GC(27) Old regions: 18->18
[2024-11-16T19:42:40.627+0100][gc,heap     ] GC(27) Humongous regions: 129->129
[2024-11-16T19:42:40.627+0100][gc,metaspace] GC(27) Metaspace: 52276K(52928K)->52276K(52928K) NonClass: 46362K(46720K)->46362K(46720K) Class: 5914K(6208K)->5914K(6208K)
[2024-11-16T19:42:40.627+0100][gc          ] GC(27) Pause Young (Normal) (G1 Evacuation Pause) 220M->151M(1024M) 22,897ms
[2024-11-16T19:42:40.627+0100][gc,cpu      ] GC(27) User=0,03s Sys=0,04s Real=0,02s
[2024-11-16T19:43:39.035+0100][gc,start    ] GC(28) Pause Young (Normal) (G1 Evacuation Pause)
[2024-11-16T19:43:39.036+0100][gc,task     ] GC(28) Using 8 workers of 8 for evacuation
[2024-11-16T19:43:39.066+0100][gc,mmu      ] GC(28) MMU target violated: 21,0ms (20,0ms/21,0ms)
[2024-11-16T19:43:39.066+0100][gc,phases   ] GC(28)   Pre Evacuate Collection Set: 1,21ms
[2024-11-16T19:43:39.066+0100][gc,phases   ] GC(28)   Merge Heap Roots: 0,24ms
[2024-11-16T19:43:39.066+0100][gc,phases   ] GC(28)   Evacuate Collection Set: 26,82ms
[2024-11-16T19:43:39.066+0100][gc,phases   ] GC(28)   Post Evacuate Collection Set: 1,70ms
[2024-11-16T19:43:39.066+0100][gc,phases   ] GC(28)   Other: 0,28ms
[2024-11-16T19:43:39.066+0100][gc,heap     ] GC(28) Eden regions: 67->0(46)
[2024-11-16T19:43:39.067+0100][gc,heap     ] GC(28) Survivor regions: 5->5(9)
[2024-11-16T19:43:39.067+0100][gc,heap     ] GC(28) Old regions: 18->18
[2024-11-16T19:43:39.067+0100][gc,heap     ] GC(28) Humongous regions: 129->129
[2024-11-16T19:43:39.067+0100][gc,metaspace] GC(28) Metaspace: 52291K(52992K)->52291K(52992K) NonClass: 46377K(46784K)->46377K(46784K) Class: 5914K(6208K)->5914K(6208K)
[2024-11-16T19:43:39.067+0100][gc          ] GC(28) Pause Young (Normal) (G1 Evacuation Pause) 218M->151M(1024M) 31,685ms
[2024-11-16T19:43:39.067+0100][gc,cpu      ] GC(28) User=0,03s Sys=0,06s Real=0,03s
[2024-11-16T19:44:31.100+0100][gc,start    ] GC(29) Pause Young (Normal) (G1 Evacuation Pause)
[2024-11-16T19:44:31.101+0100][gc,task     ] GC(29) Using 8 workers of 8 for evacuation
[2024-11-16T19:44:31.118+0100][gc,phases   ] GC(29)   Pre Evacuate Collection Set: 0,97ms
[2024-11-16T19:44:31.118+0100][gc,phases   ] GC(29)   Merge Heap Roots: 0,22ms
[2024-11-16T19:44:31.118+0100][gc,phases   ] GC(29)   Evacuate Collection Set: 14,70ms
[2024-11-16T19:44:31.118+0100][gc,phases   ] GC(29)   Post Evacuate Collection Set: 0,88ms
[2024-11-16T19:44:31.118+0100][gc,phases   ] GC(29)   Other: 0,28ms
[2024-11-16T19:44:31.118+0100][gc,heap     ] GC(29) Eden regions: 57->0(67)
[2024-11-16T19:44:31.118+0100][gc,heap     ] GC(29) Survivor regions: 5->5(8)
[2024-11-16T19:44:31.118+0100][gc,heap     ] GC(29) Old regions: 18->19
[2024-11-16T19:44:31.118+0100][gc,heap     ] GC(29) Humongous regions: 129->129
[2024-11-16T19:44:31.118+0100][gc,metaspace] GC(29) Metaspace: 52300K(52992K)->52300K(52992K) NonClass: 46386K(46784K)->46386K(46784K) Class: 5914K(6208K)->5914K(6208K)
[2024-11-16T19:44:31.118+0100][gc          ] GC(29) Pause Young (Normal) (G1 Evacuation Pause) 208M->151M(1024M) 18,712ms
[2024-11-16T19:44:31.118+0100][gc,cpu      ] GC(29) User=0,03s Sys=0,03s Real=0,01s
[2024-11-16T19:46:01.431+0100][gc,start    ] GC(30) Pause Young (Normal) (G1 Evacuation Pause)
[2024-11-16T19:46:01.432+0100][gc,task     ] GC(30) Using 8 workers of 8 for evacuation
[2024-11-16T19:46:01.468+0100][gc,mmu      ] GC(30) MMU target violated: 21,0ms (20,0ms/21,0ms)
[2024-11-16T19:46:01.468+0100][gc,phases   ] GC(30)   Pre Evacuate Collection Set: 1,03ms
[2024-11-16T19:46:01.468+0100][gc,phases   ] GC(30)   Merge Heap Roots: 0,21ms
[2024-11-16T19:46:01.468+0100][gc,phases   ] GC(30)   Evacuate Collection Set: 31,54ms
[2024-11-16T19:46:01.468+0100][gc,phases   ] GC(30)   Post Evacuate Collection Set: 3,08ms
[2024-11-16T19:46:01.468+0100][gc,phases   ] GC(30)   Other: 0,31ms
[2024-11-16T19:46:01.468+0100][gc,heap     ] GC(30) Eden regions: 106->0(46)
[2024-11-16T19:46:01.468+0100][gc,heap     ] GC(30) Survivor regions: 5->5(14)
[2024-11-16T19:46:01.468+0100][gc,heap     ] GC(30) Old regions: 19->19
[2024-11-16T19:46:01.468+0100][gc,heap     ] GC(30) Humongous regions: 129->129
[2024-11-16T19:46:01.468+0100][gc,metaspace] GC(30) Metaspace: 52312K(52992K)->52312K(52992K) NonClass: 46398K(46784K)->46398K(46784K) Class: 5914K(6208K)->5914K(6208K)
[2024-11-16T19:46:01.468+0100][gc          ] GC(30) Pause Young (Normal) (G1 Evacuation Pause) 257M->151M(1024M) 37,219ms
[2024-11-16T19:46:01.468+0100][gc,cpu      ] GC(30) User=0,03s Sys=0,08s Real=0,03s
[2024-11-16T19:47:32.952+0100][gc,start    ] GC(31) Pause Young (Normal) (G1 Evacuation Pause)
[2024-11-16T19:47:32.953+0100][gc,task     ] GC(31) Using 8 workers of 8 for evacuation
[2024-11-16T19:47:32.972+0100][gc,phases   ] GC(31)   Pre Evacuate Collection Set: 1,22ms
[2024-11-16T19:47:32.972+0100][gc,phases   ] GC(31)   Merge Heap Roots: 0,20ms
[2024-11-16T19:47:32.972+0100][gc,phases   ] GC(31)   Evacuate Collection Set: 17,27ms
[2024-11-16T19:47:32.972+0100][gc,phases   ] GC(31)   Post Evacuate Collection Set: 0,77ms
[2024-11-16T19:47:32.973+0100][gc,phases   ] GC(31)   Other: 0,23ms
[2024-11-16T19:47:32.973+0100][gc,heap     ] GC(31) Eden regions: 71->0(55)
[2024-11-16T19:47:32.973+0100][gc,heap     ] GC(31) Survivor regions: 5->5(10)
[2024-11-16T19:47:32.973+0100][gc,heap     ] GC(31) Old regions: 19->19
[2024-11-16T19:47:32.973+0100][gc,heap     ] GC(31) Humongous regions: 129->129
[2024-11-16T19:47:32.973+0100][gc,metaspace] GC(31) Metaspace: 52347K(52992K)->52347K(52992K) NonClass: 46433K(46784K)->46433K(46784K) Class: 5914K(6208K)->5914K(6208K)
[2024-11-16T19:47:32.973+0100][gc          ] GC(31) Pause Young (Normal) (G1 Evacuation Pause) 222M->152M(1024M) 20,312ms
[2024-11-16T19:47:32.973+0100][gc,cpu      ] GC(31) User=0,03s Sys=0,06s Real=0,02s
[2024-11-16T19:50:39.300+0100][gc,start    ] GC(32) Pause Young (Normal) (G1 Evacuation Pause)
[2024-11-16T19:50:39.301+0100][gc,task     ] GC(32) Using 8 workers of 8 for evacuation
[2024-11-16T19:50:39.313+0100][gc,phases   ] GC(32)   Pre Evacuate Collection Set: 0,90ms
[2024-11-16T19:50:39.313+0100][gc,phases   ] GC(32)   Merge Heap Roots: 0,14ms
[2024-11-16T19:50:39.313+0100][gc,phases   ] GC(32)   Evacuate Collection Set: 10,01ms
[2024-11-16T19:50:39.313+0100][gc,phases   ] GC(32)   Post Evacuate Collection Set: 0,42ms
[2024-11-16T19:50:39.313+0100][gc,phases   ] GC(32)   Other: 0,10ms
[2024-11-16T19:50:39.313+0100][gc,heap     ] GC(32) Eden regions: 74->0(71)
[2024-11-16T19:50:39.313+0100][gc,heap     ] GC(32) Survivor regions: 5->6(10)
[2024-11-16T19:50:39.313+0100][gc,heap     ] GC(32) Old regions: 19->19
[2024-11-16T19:50:39.313+0100][gc,heap     ] GC(32) Humongous regions: 129->129
[2024-11-16T19:50:39.313+0100][gc,metaspace] GC(32) Metaspace: 52406K(53056K)->52406K(53056K) NonClass: 46492K(46848K)->46492K(46848K) Class: 5914K(6208K)->5914K(6208K)
[2024-11-16T19:50:39.313+0100][gc          ] GC(32) Pause Young (Normal) (G1 Evacuation Pause) 226M->152M(1024M) 13,506ms
[2024-11-16T19:50:39.313+0100][gc,cpu      ] GC(32) User=0,02s Sys=0,03s Real=0,02s
[2024-11-16T19:51:46.389+0100][gc,start    ] GC(33) Pause Young (Normal) (G1 Evacuation Pause)
[2024-11-16T19:51:46.391+0100][gc,task     ] GC(33) Using 8 workers of 8 for evacuation
[2024-11-16T19:51:46.409+0100][gc,phases   ] GC(33)   Pre Evacuate Collection Set: 1,31ms
[2024-11-16T19:51:46.409+0100][gc,phases   ] GC(33)   Merge Heap Roots: 0,52ms
[2024-11-16T19:51:46.409+0100][gc,phases   ] GC(33)   Evacuate Collection Set: 13,01ms
[2024-11-16T19:51:46.409+0100][gc,phases   ] GC(33)   Post Evacuate Collection Set: 3,29ms
[2024-11-16T19:51:46.409+0100][gc,phases   ] GC(33)   Other: 1,32ms
[2024-11-16T19:51:46.409+0100][gc,heap     ] GC(33) Eden regions: 74->0(82)
[2024-11-16T19:51:46.409+0100][gc,heap     ] GC(33) Survivor regions: 6->6(10)
[2024-11-16T19:51:46.409+0100][gc,heap     ] GC(33) Old regions: 19->19
[2024-11-16T19:51:46.409+0100][gc,heap     ] GC(33) Humongous regions: 129->129
[2024-11-16T19:51:46.409+0100][gc,metaspace] GC(33) Metaspace: 52409K(53056K)->52409K(53056K) NonClass: 46494K(46848K)->46494K(46848K) Class: 5914K(6208K)->5914K(6208K)
[2024-11-16T19:51:46.409+0100][gc          ] GC(33) Pause Young (Normal) (G1 Evacuation Pause) 226M->153M(1024M) 20,002ms
[2024-11-16T19:51:46.409+0100][gc,cpu      ] GC(33) User=0,02s Sys=0,03s Real=0,02s
[2024-11-16T19:53:54.104+0100][gc,start    ] GC(34) Pause Young (Normal) (G1 Evacuation Pause)
[2024-11-16T19:53:54.106+0100][gc,task     ] GC(34) Using 8 workers of 8 for evacuation
[2024-11-16T19:53:54.136+0100][gc,mmu      ] GC(34) MMU target violated: 21,0ms (20,0ms/21,0ms)
[2024-11-16T19:53:54.136+0100][gc,phases   ] GC(34)   Pre Evacuate Collection Set: 1,94ms
[2024-11-16T19:53:54.136+0100][gc,phases   ] GC(34)   Merge Heap Roots: 0,51ms
[2024-11-16T19:53:54.136+0100][gc,phases   ] GC(34)   Evacuate Collection Set: 26,74ms
[2024-11-16T19:53:54.137+0100][gc,phases   ] GC(34)   Post Evacuate Collection Set: 1,24ms
[2024-11-16T19:53:54.137+0100][gc,phases   ] GC(34)   Other: 0,41ms
[2024-11-16T19:53:54.137+0100][gc,heap     ] GC(34) Eden regions: 84->0(72)
[2024-11-16T19:53:54.137+0100][gc,heap     ] GC(34) Survivor regions: 6->6(12)
[2024-11-16T19:53:54.137+0100][gc,heap     ] GC(34) Old regions: 19->19
[2024-11-16T19:53:54.137+0100][gc,heap     ] GC(34) Humongous regions: 129->129
[2024-11-16T19:53:54.137+0100][gc,metaspace] GC(34) Metaspace: 52434K(53056K)->52434K(53056K) NonClass: 46520K(46848K)->46520K(46848K) Class: 5914K(6208K)->5914K(6208K)
[2024-11-16T19:53:54.137+0100][gc          ] GC(34) Pause Young (Normal) (G1 Evacuation Pause) 237M->153M(1024M) 32,526ms
[2024-11-16T19:53:54.137+0100][gc,cpu      ] GC(34) User=0,04s Sys=0,07s Real=0,03s
[2024-11-16T19:55:01.607+0100][gc,start    ] GC(35) Pause Young (Normal) (G1 Evacuation Pause)
[2024-11-16T19:55:01.608+0100][gc,task     ] GC(35) Using 8 workers of 8 for evacuation
[2024-11-16T19:55:01.635+0100][gc,mmu      ] GC(35) MMU target violated: 21,0ms (20,0ms/21,0ms)
[2024-11-16T19:55:01.635+0100][gc,phases   ] GC(35)   Pre Evacuate Collection Set: 1,32ms
[2024-11-16T19:55:01.635+0100][gc,phases   ] GC(35)   Merge Heap Roots: 0,33ms
[2024-11-16T19:55:01.635+0100][gc,phases   ] GC(35)   Evacuate Collection Set: 21,77ms
[2024-11-16T19:55:01.635+0100][gc,phases   ] GC(35)   Post Evacuate Collection Set: 3,65ms
[2024-11-16T19:55:01.635+0100][gc,phases   ] GC(35)   Other: 0,34ms
[2024-11-16T19:55:01.636+0100][gc,heap     ] GC(35) Eden regions: 74->0(45)
[2024-11-16T19:55:01.636+0100][gc,heap     ] GC(35) Survivor regions: 6->6(10)
[2024-11-16T19:55:01.636+0100][gc,heap     ] GC(35) Old regions: 19->19
[2024-11-16T19:55:01.636+0100][gc,heap     ] GC(35) Humongous regions: 129->129
[2024-11-16T19:55:01.636+0100][gc,metaspace] GC(35) Metaspace: 52449K(53120K)->52449K(53120K) NonClass: 46534K(46912K)->46534K(46912K) Class: 5914K(6208K)->5914K(6208K)
[2024-11-16T19:55:01.636+0100][gc          ] GC(35) Pause Young (Normal) (G1 Evacuation Pause) 227M->153M(1024M) 28,794ms
[2024-11-16T19:55:01.636+0100][gc,cpu      ] GC(35) User=0,03s Sys=0,06s Real=0,03s
[2024-11-16T19:55:43.575+0100][gc,start    ] GC(36) Pause Young (Normal) (G1 Evacuation Pause)
[2024-11-16T19:55:43.576+0100][gc,task     ] GC(36) Using 8 workers of 8 for evacuation
[2024-11-16T19:55:43.611+0100][gc,mmu      ] GC(36) MMU target violated: 21,0ms (20,0ms/21,0ms)
[2024-11-16T19:55:43.612+0100][gc,phases   ] GC(36)   Pre Evacuate Collection Set: 1,40ms
[2024-11-16T19:55:43.612+0100][gc,phases   ] GC(36)   Merge Heap Roots: 0,33ms
[2024-11-16T19:55:43.612+0100][gc,phases   ] GC(36)   Evacuate Collection Set: 30,66ms
[2024-11-16T19:55:43.612+0100][gc,phases   ] GC(36)   Post Evacuate Collection Set: 2,80ms
[2024-11-16T19:55:43.612+0100][gc,phases   ] GC(36)   Other: 0,68ms
[2024-11-16T19:55:43.612+0100][gc,heap     ] GC(36) Eden regions: 45->0(91)
[2024-11-16T19:55:43.612+0100][gc,heap     ] GC(36) Survivor regions: 6->5(7)
[2024-11-16T19:55:43.612+0100][gc,heap     ] GC(36) Old regions: 19->21
[2024-11-16T19:55:43.612+0100][gc,heap     ] GC(36) Humongous regions: 129->129
[2024-11-16T19:55:43.612+0100][gc,metaspace] GC(36) Metaspace: 52463K(53120K)->52463K(53120K) NonClass: 46549K(46912K)->46549K(46912K) Class: 5914K(6208K)->5914K(6208K)
[2024-11-16T19:55:43.612+0100][gc          ] GC(36) Pause Young (Normal) (G1 Evacuation Pause) 198M->153M(1024M) 37,066ms
[2024-11-16T19:55:43.612+0100][gc,cpu      ] GC(36) User=0,04s Sys=0,05s Real=0,04s
[2024-11-16T19:57:26.208+0100][gc,start    ] GC(37) Pause Young (Normal) (G1 Evacuation Pause)
[2024-11-16T19:57:26.208+0100][gc,task     ] GC(37) Using 8 workers of 8 for evacuation
[2024-11-16T19:57:26.235+0100][gc,mmu      ] GC(37) MMU target violated: 21,0ms (20,0ms/21,0ms)
[2024-11-16T19:57:26.235+0100][gc,phases   ] GC(37)   Pre Evacuate Collection Set: 0,70ms
[2024-11-16T19:57:26.235+0100][gc,phases   ] GC(37)   Merge Heap Roots: 0,21ms
[2024-11-16T19:57:26.235+0100][gc,phases   ] GC(37)   Evacuate Collection Set: 24,76ms
[2024-11-16T19:57:26.235+0100][gc,phases   ] GC(37)   Post Evacuate Collection Set: 0,97ms
[2024-11-16T19:57:26.235+0100][gc,phases   ] GC(37)   Other: 0,17ms
[2024-11-16T19:57:26.235+0100][gc,heap     ] GC(37) Eden regions: 113->0(46)
[2024-11-16T19:57:26.235+0100][gc,heap     ] GC(37) Survivor regions: 5->5(15)
[2024-11-16T19:57:26.235+0100][gc,heap     ] GC(37) Old regions: 21->21
[2024-11-16T19:57:26.235+0100][gc,heap     ] GC(37) Humongous regions: 129->129
[2024-11-16T19:57:26.235+0100][gc,metaspace] GC(37) Metaspace: 52474K(53120K)->52474K(53120K) NonClass: 46560K(46912K)->46560K(46912K) Class: 5914K(6208K)->5914K(6208K)
[2024-11-16T19:57:26.235+0100][gc          ] GC(37) Pause Young (Normal) (G1 Evacuation Pause) 266M->153M(1024M) 27,311ms
[2024-11-16T19:57:26.235+0100][gc,cpu      ] GC(37) User=0,01s Sys=0,08s Real=0,03s
[2024-11-16T19:58:08.415+0100][gc,start    ] GC(38) Pause Young (Normal) (G1 Evacuation Pause)
[2024-11-16T19:58:08.416+0100][gc,task     ] GC(38) Using 8 workers of 8 for evacuation
[2024-11-16T19:58:08.429+0100][gc,phases   ] GC(38)   Pre Evacuate Collection Set: 0,91ms
[2024-11-16T19:58:08.429+0100][gc,phases   ] GC(38)   Merge Heap Roots: 0,15ms
[2024-11-16T19:58:08.429+0100][gc,phases   ] GC(38)   Evacuate Collection Set: 11,57ms
[2024-11-16T19:58:08.429+0100][gc,phases   ] GC(38)   Post Evacuate Collection Set: 0,56ms
[2024-11-16T19:58:08.429+0100][gc,phases   ] GC(38)   Other: 0,15ms
[2024-11-16T19:58:08.429+0100][gc,heap     ] GC(38) Eden regions: 46->0(86)
[2024-11-16T19:58:08.429+0100][gc,heap     ] GC(38) Survivor regions: 5->4(7)
[2024-11-16T19:58:08.429+0100][gc,heap     ] GC(38) Old regions: 21->22
[2024-11-16T19:58:08.429+0100][gc,heap     ] GC(38) Humongous regions: 129->129
[2024-11-16T19:58:08.429+0100][gc,metaspace] GC(38) Metaspace: 52499K(53120K)->52499K(53120K) NonClass: 46585K(46912K)->46585K(46912K) Class: 5914K(6208K)->5914K(6208K)
[2024-11-16T19:58:08.429+0100][gc          ] GC(38) Pause Young (Normal) (G1 Evacuation Pause) 199M->154M(1024M) 14,378ms
[2024-11-16T19:58:08.429+0100][gc,cpu      ] GC(38) User=0,02s Sys=0,04s Real=0,01s
[2024-11-16T20:00:40.768+0100][gc,start    ] GC(39) Pause Young (Normal) (G1 Evacuation Pause)
[2024-11-16T20:00:40.769+0100][gc,task     ] GC(39) Using 8 workers of 8 for evacuation
[2024-11-16T20:00:40.783+0100][gc,phases   ] GC(39)   Pre Evacuate Collection Set: 1,56ms
[2024-11-16T20:00:40.783+0100][gc,phases   ] GC(39)   Merge Heap Roots: 0,38ms
[2024-11-16T20:00:40.783+0100][gc,phases   ] GC(39)   Evacuate Collection Set: 11,19ms
[2024-11-16T20:00:40.783+0100][gc,phases   ] GC(39)   Post Evacuate Collection Set: 0,86ms
[2024-11-16T20:00:40.783+0100][gc,phases   ] GC(39)   Other: 0,28ms
[2024-11-16T20:00:40.783+0100][gc,heap     ] GC(39) Eden regions: 90->0(70)
[2024-11-16T20:00:40.783+0100][gc,heap     ] GC(39) Survivor regions: 4->5(12)
[2024-11-16T20:00:40.783+0100][gc,heap     ] GC(39) Old regions: 22->22
[2024-11-16T20:00:40.783+0100][gc,heap     ] GC(39) Humongous regions: 129->129
[2024-11-16T20:00:40.783+0100][gc,metaspace] GC(39) Metaspace: 52533K(53248K)->52533K(53248K) NonClass: 46619K(47040K)->46619K(47040K) Class: 5914K(6208K)->5914K(6208K)
[2024-11-16T20:00:40.783+0100][gc          ] GC(39) Pause Young (Normal) (G1 Evacuation Pause) 244M->154M(1024M) 15,468ms
[2024-11-16T20:00:40.783+0100][gc,cpu      ] GC(39) User=0,03s Sys=0,04s Real=0,02s
[2024-11-16T20:02:02.705+0100][gc,start    ] GC(40) Pause Young (Normal) (G1 Evacuation Pause)
[2024-11-16T20:02:02.705+0100][gc,task     ] GC(40) Using 8 workers of 8 for evacuation
[2024-11-16T20:02:02.720+0100][gc,phases   ] GC(40)   Pre Evacuate Collection Set: 1,32ms
[2024-11-16T20:02:02.720+0100][gc,phases   ] GC(40)   Merge Heap Roots: 0,24ms
[2024-11-16T20:02:02.720+0100][gc,phases   ] GC(40)   Evacuate Collection Set: 12,46ms
[2024-11-16T20:02:02.720+0100][gc,phases   ] GC(40)   Post Evacuate Collection Set: 0,91ms
[2024-11-16T20:02:02.720+0100][gc,phases   ] GC(40)   Other: 0,34ms
[2024-11-16T20:02:02.720+0100][gc,heap     ] GC(40) Eden regions: 94->0(114)
[2024-11-16T20:02:02.721+0100][gc,heap     ] GC(40) Survivor regions: 5->5(13)
[2024-11-16T20:02:02.721+0100][gc,heap     ] GC(40) Old regions: 22->22
[2024-11-16T20:02:02.721+0100][gc,heap     ] GC(40) Humongous regions: 129->129
[2024-11-16T20:02:02.721+0100][gc,metaspace] GC(40) Metaspace: 52561K(53248K)->52561K(53248K) NonClass: 46647K(47040K)->46647K(47040K) Class: 5914K(6208K)->5914K(6208K)
[2024-11-16T20:02:02.721+0100][gc          ] GC(40) Pause Young (Normal) (G1 Evacuation Pause) 248M->155M(1024M) 16,059ms
[2024-11-16T20:02:02.721+0100][gc,cpu      ] GC(40) User=0,03s Sys=0,03s Real=0,02s
[2024-11-16T20:04:00.350+0100][gc,start    ] GC(41) Pause Young (Normal) (G1 Evacuation Pause)
[2024-11-16T20:04:00.351+0100][gc,task     ] GC(41) Using 8 workers of 8 for evacuation
[2024-11-16T20:04:00.403+0100][gc,mmu      ] GC(41) MMU target violated: 21,0ms (20,0ms/21,0ms)
[2024-11-16T20:04:00.403+0100][gc,phases   ] GC(41)   Pre Evacuate Collection Set: 1,59ms
[2024-11-16T20:04:00.403+0100][gc,phases   ] GC(41)   Merge Heap Roots: 0,33ms
[2024-11-16T20:04:00.403+0100][gc,phases   ] GC(41)   Evacuate Collection Set: 48,06ms
[2024-11-16T20:04:00.403+0100][gc,phases   ] GC(41)   Post Evacuate Collection Set: 0,95ms
[2024-11-16T20:04:00.403+0100][gc,phases   ] GC(41)   Other: 0,32ms
[2024-11-16T20:04:00.403+0100][gc,heap     ] GC(41) Eden regions: 133->0(45)
[2024-11-16T20:04:00.403+0100][gc,heap     ] GC(41) Survivor regions: 5->6(18)
[2024-11-16T20:04:00.403+0100][gc,heap     ] GC(41) Old regions: 22->22
[2024-11-16T20:04:00.403+0100][gc,heap     ] GC(41) Humongous regions: 129->129
[2024-11-16T20:04:00.403+0100][gc,metaspace] GC(41) Metaspace: 52572K(53248K)->52572K(53248K) NonClass: 46658K(47040K)->46658K(47040K) Class: 5914K(6208K)->5914K(6208K)
[2024-11-16T20:04:00.403+0100][gc          ] GC(41) Pause Young (Normal) (G1 Evacuation Pause) 288M->155M(1024M) 52,410ms
[2024-11-16T20:04:00.403+0100][gc,cpu      ] GC(41) User=0,02s Sys=0,10s Real=0,05s
[2024-11-16T20:04:42.249+0100][gc,start    ] GC(42) Pause Young (Normal) (G1 Evacuation Pause)
[2024-11-16T20:04:42.250+0100][gc,task     ] GC(42) Using 8 workers of 8 for evacuation
[2024-11-16T20:04:42.262+0100][gc,phases   ] GC(42)   Pre Evacuate Collection Set: 0,88ms
[2024-11-16T20:04:42.262+0100][gc,phases   ] GC(42)   Merge Heap Roots: 0,16ms
[2024-11-16T20:04:42.262+0100][gc,phases   ] GC(42)   Evacuate Collection Set: 10,81ms
[2024-11-16T20:04:42.262+0100][gc,phases   ] GC(42)   Post Evacuate Collection Set: 0,68ms
[2024-11-16T20:04:42.262+0100][gc,phases   ] GC(42)   Other: 0,14ms
[2024-11-16T20:04:42.262+0100][gc,heap     ] GC(42) Eden regions: 45->0(47)
[2024-11-16T20:04:42.262+0100][gc,heap     ] GC(42) Survivor regions: 6->4(7)
[2024-11-16T20:04:42.262+0100][gc,heap     ] GC(42) Old regions: 22->23
[2024-11-16T20:04:42.262+0100][gc,heap     ] GC(42) Humongous regions: 129->129
[2024-11-16T20:04:42.262+0100][gc,metaspace] GC(42) Metaspace: 52577K(53248K)->52577K(53248K) NonClass: 46663K(47040K)->46663K(47040K) Class: 5914K(6208K)->5914K(6208K)
[2024-11-16T20:04:42.262+0100][gc          ] GC(42) Pause Young (Normal) (G1 Evacuation Pause) 200M->155M(1024M) 13,642ms
[2024-11-16T20:04:42.262+0100][gc,cpu      ] GC(42) User=0,02s Sys=0,05s Real=0,02s
[2024-11-16T20:05:28.335+0100][gc,start    ] GC(43) Pause Young (Normal) (G1 Evacuation Pause)
[2024-11-16T20:05:28.335+0100][gc,task     ] GC(43) Using 8 workers of 8 for evacuation
[2024-11-16T20:05:28.354+0100][gc,phases   ] GC(43)   Pre Evacuate Collection Set: 1,23ms
[2024-11-16T20:05:28.354+0100][gc,phases   ] GC(43)   Merge Heap Roots: 0,26ms
[2024-11-16T20:05:28.354+0100][gc,phases   ] GC(43)   Evacuate Collection Set: 16,12ms
[2024-11-16T20:05:28.354+0100][gc,phases   ] GC(43)   Post Evacuate Collection Set: 0,68ms
[2024-11-16T20:05:28.354+0100][gc,phases   ] GC(43)   Other: 0,21ms
[2024-11-16T20:05:28.354+0100][gc,heap     ] GC(43) Eden regions: 47->0(47)
[2024-11-16T20:05:28.354+0100][gc,heap     ] GC(43) Survivor regions: 4->4(7)
[2024-11-16T20:05:28.354+0100][gc,heap     ] GC(43) Old regions: 23->24
[2024-11-16T20:05:28.354+0100][gc,heap     ] GC(43) Humongous regions: 129->129
[2024-11-16T20:05:28.354+0100][gc,metaspace] GC(43) Metaspace: 52581K(53248K)->52581K(53248K) NonClass: 46667K(47040K)->46667K(47040K) Class: 5914K(6208K)->5914K(6208K)
[2024-11-16T20:05:28.354+0100][gc          ] GC(43) Pause Young (Normal) (G1 Evacuation Pause) 202M->155M(1024M) 19,092ms
[2024-11-16T20:05:28.354+0100][gc,cpu      ] GC(43) User=0,02s Sys=0,04s Real=0,02s
[2024-11-16T20:06:11.663+0100][gc,start    ] GC(44) Pause Young (Normal) (G1 Evacuation Pause)
[2024-11-16T20:06:11.663+0100][gc,task     ] GC(44) Using 8 workers of 8 for evacuation
[2024-11-16T20:06:11.676+0100][gc,phases   ] GC(44)   Pre Evacuate Collection Set: 1,50ms
[2024-11-16T20:06:11.677+0100][gc,phases   ] GC(44)   Merge Heap Roots: 0,41ms
[2024-11-16T20:06:11.677+0100][gc,phases   ] GC(44)   Evacuate Collection Set: 10,44ms
[2024-11-16T20:06:11.677+0100][gc,phases   ] GC(44)   Post Evacuate Collection Set: 0,83ms
[2024-11-16T20:06:11.677+0100][gc,phases   ] GC(44)   Other: 0,31ms
[2024-11-16T20:06:11.677+0100][gc,heap     ] GC(44) Eden regions: 47->0(50)
[2024-11-16T20:06:11.677+0100][gc,heap     ] GC(44) Survivor regions: 4->4(7)
[2024-11-16T20:06:11.677+0100][gc,heap     ] GC(44) Old regions: 24->24
[2024-11-16T20:06:11.677+0100][gc,heap     ] GC(44) Humongous regions: 129->129
[2024-11-16T20:06:11.677+0100][gc,metaspace] GC(44) Metaspace: 52585K(53312K)->52585K(53312K) NonClass: 46671K(47104K)->46671K(47104K) Class: 5914K(6208K)->5914K(6208K)
[2024-11-16T20:06:11.677+0100][gc          ] GC(44) Pause Young (Normal) (G1 Evacuation Pause) 202M->155M(1024M) 14,110ms
[2024-11-16T20:06:11.677+0100][gc,cpu      ] GC(44) User=0,02s Sys=0,04s Real=0,01s
[2024-11-16T20:07:29.984+0100][gc,start    ] GC(45) Pause Young (Normal) (G1 Evacuation Pause)
[2024-11-16T20:07:29.985+0100][gc,task     ] GC(45) Using 8 workers of 8 for evacuation
[2024-11-16T20:07:30.003+0100][gc,phases   ] GC(45)   Pre Evacuate Collection Set: 1,24ms
[2024-11-16T20:07:30.003+0100][gc,phases   ] GC(45)   Merge Heap Roots: 0,26ms
[2024-11-16T20:07:30.003+0100][gc,phases   ] GC(45)   Evacuate Collection Set: 15,37ms
[2024-11-16T20:07:30.003+0100][gc,phases   ] GC(45)   Post Evacuate Collection Set: 0,82ms
[2024-11-16T20:07:30.003+0100][gc,phases   ] GC(45)   Other: 0,34ms
[2024-11-16T20:07:30.003+0100][gc,heap     ] GC(45) Eden regions: 82->0(69)
[2024-11-16T20:07:30.003+0100][gc,heap     ] GC(45) Survivor regions: 4->4(11)
[2024-11-16T20:07:30.003+0100][gc,heap     ] GC(45) Old regions: 24->24
[2024-11-16T20:07:30.003+0100][gc,heap     ] GC(45) Humongous regions: 129->129
[2024-11-16T20:07:30.003+0100][gc,metaspace] GC(45) Metaspace: 52588K(53312K)->52588K(53312K) NonClass: 46673K(47104K)->46673K(47104K) Class: 5914K(6208K)->5914K(6208K)
[2024-11-16T20:07:30.003+0100][gc          ] GC(45) Pause Young (Normal) (G1 Evacuation Pause) 237M->155M(1024M) 19,392ms
[2024-11-16T20:07:30.003+0100][gc,cpu      ] GC(45) User=0,02s Sys=0,04s Real=0,02s
[2024-11-16T20:10:15.033+0100][gc,start    ] GC(46) Pause Young (Normal) (G1 Evacuation Pause)
[2024-11-16T20:10:15.036+0100][gc,task     ] GC(46) Using 8 workers of 8 for evacuation
[2024-11-16T20:10:15.062+0100][gc,mmu      ] GC(46) MMU target violated: 21,0ms (20,0ms/21,0ms)
[2024-11-16T20:10:15.063+0100][gc,phases   ] GC(46)   Pre Evacuate Collection Set: 2,87ms
[2024-11-16T20:10:15.063+0100][gc,phases   ] GC(46)   Merge Heap Roots: 0,78ms
[2024-11-16T20:10:15.063+0100][gc,phases   ] GC(46)   Evacuate Collection Set: 20,49ms
[2024-11-16T20:10:15.063+0100][gc,phases   ] GC(46)   Post Evacuate Collection Set: 1,55ms
[2024-11-16T20:10:15.063+0100][gc,phases   ] GC(46)   Other: 0,47ms
[2024-11-16T20:10:15.063+0100][gc,heap     ] GC(46) Eden regions: 92->0(67)
[2024-11-16T20:10:15.063+0100][gc,heap     ] GC(46) Survivor regions: 4->4(12)
[2024-11-16T20:10:15.063+0100][gc,heap     ] GC(46) Old regions: 24->24
[2024-11-16T20:10:15.063+0100][gc,heap     ] GC(46) Humongous regions: 129->129
[2024-11-16T20:10:15.063+0100][gc,metaspace] GC(46) Metaspace: 52601K(53312K)->52601K(53312K) NonClass: 46687K(47104K)->46687K(47104K) Class: 5914K(6208K)->5914K(6208K)
[2024-11-16T20:10:15.063+0100][gc          ] GC(46) Pause Young (Normal) (G1 Evacuation Pause) 247M->156M(1024M) 29,863ms
[2024-11-16T20:10:15.063+0100][gc,cpu      ] GC(46) User=0,02s Sys=0,05s Real=0,03s
[2024-11-16T20:13:53.380+0100][gc,start    ] GC(47) Pause Young (Normal) (G1 Evacuation Pause)
[2024-11-16T20:13:53.392+0100][gc,task     ] GC(47) Using 8 workers of 8 for evacuation
[2024-11-16T20:13:53.443+0100][gc,mmu      ] GC(47) MMU target violated: 21,0ms (20,0ms/21,0ms)
[2024-11-16T20:13:53.444+0100][gc,phases   ] GC(47)   Pre Evacuate Collection Set: 15,71ms
[2024-11-16T20:13:53.444+0100][gc,phases   ] GC(47)   Merge Heap Roots: 0,27ms
[2024-11-16T20:13:53.444+0100][gc,phases   ] GC(47)   Evacuate Collection Set: 28,95ms
[2024-11-16T20:13:53.444+0100][gc,phases   ] GC(47)   Post Evacuate Collection Set: 5,33ms
[2024-11-16T20:13:53.444+0100][gc,phases   ] GC(47)   Other: 1,12ms
[2024-11-16T20:13:53.444+0100][gc,heap     ] GC(47) Eden regions: 87->0(47)
[2024-11-16T20:13:53.444+0100][gc,heap     ] GC(47) Survivor regions: 4->4(12)
[2024-11-16T20:13:53.444+0100][gc,heap     ] GC(47) Old regions: 24->24
[2024-11-16T20:13:53.444+0100][gc,heap     ] GC(47) Humongous regions: 129->129
[2024-11-16T20:13:53.444+0100][gc,metaspace] GC(47) Metaspace: 52627K(53312K)->52627K(53312K) NonClass: 46713K(47104K)->46713K(47104K) Class: 5914K(6208K)->5914K(6208K)
[2024-11-16T20:13:53.444+0100][gc          ] GC(47) Pause Young (Normal) (G1 Evacuation Pause) 243M->156M(1024M) 67,367ms
[2024-11-16T20:13:53.444+0100][gc,cpu      ] GC(47) User=0,01s Sys=0,06s Real=0,07s
[2024-11-16T20:15:25.555+0100][gc,start    ] GC(48) Pause Young (Normal) (G1 Evacuation Pause)
[2024-11-16T20:15:25.556+0100][gc,task     ] GC(48) Using 8 workers of 8 for evacuation
[2024-11-16T20:15:25.607+0100][gc,mmu      ] GC(48) MMU target violated: 21,0ms (20,0ms/21,0ms)
[2024-11-16T20:15:25.607+0100][gc,phases   ] GC(48)   Pre Evacuate Collection Set: 1,47ms
[2024-11-16T20:15:25.607+0100][gc,phases   ] GC(48)   Merge Heap Roots: 0,31ms
[2024-11-16T20:15:25.607+0100][gc,phases   ] GC(48)   Evacuate Collection Set: 47,59ms
[2024-11-16T20:15:25.607+0100][gc,phases   ] GC(48)   Post Evacuate Collection Set: 2,03ms
[2024-11-16T20:15:25.608+0100][gc,phases   ] GC(48)   Other: 0,32ms
[2024-11-16T20:15:25.608+0100][gc,heap     ] GC(48) Eden regions: 47->0(47)
[2024-11-16T20:15:25.608+0100][gc,heap     ] GC(48) Survivor regions: 4->4(7)
[2024-11-16T20:15:25.608+0100][gc,heap     ] GC(48) Old regions: 24->24
[2024-11-16T20:15:25.608+0100][gc,heap     ] GC(48) Humongous regions: 129->129
[2024-11-16T20:15:25.608+0100][gc,metaspace] GC(48) Metaspace: 52631K(53312K)->52631K(53312K) NonClass: 46717K(47104K)->46717K(47104K) Class: 5914K(6208K)->5914K(6208K)
[2024-11-16T20:15:25.608+0100][gc          ] GC(48) Pause Young (Normal) (G1 Evacuation Pause) 203M->155M(1024M) 52,471ms
[2024-11-16T20:15:25.608+0100][gc,cpu      ] GC(48) User=0,02s Sys=0,04s Real=0,05s
[2024-11-16T20:17:06.910+0100][gc,start    ] GC(49) Pause Young (Normal) (G1 Evacuation Pause)
[2024-11-16T20:17:06.911+0100][gc,task     ] GC(49) Using 8 workers of 8 for evacuation
[2024-11-16T20:17:06.938+0100][gc,mmu      ] GC(49) MMU target violated: 21,0ms (20,0ms/21,0ms)
[2024-11-16T20:17:06.939+0100][gc,phases   ] GC(49)   Pre Evacuate Collection Set: 3,16ms
[2024-11-16T20:17:06.939+0100][gc,phases   ] GC(49)   Merge Heap Roots: 1,14ms
[2024-11-16T20:17:06.939+0100][gc,phases   ] GC(49)   Evacuate Collection Set: 20,48ms
[2024-11-16T20:17:06.939+0100][gc,phases   ] GC(49)   Post Evacuate Collection Set: 2,10ms
[2024-11-16T20:17:06.939+0100][gc,phases   ] GC(49)   Other: 0,67ms
[2024-11-16T20:17:06.939+0100][gc,heap     ] GC(49) Eden regions: 47->0(47)
[2024-11-16T20:17:06.939+0100][gc,heap     ] GC(49) Survivor regions: 4->4(7)
[2024-11-16T20:17:06.939+0100][gc,heap     ] GC(49) Old regions: 24->24
[2024-11-16T20:17:06.939+0100][gc,heap     ] GC(49) Humongous regions: 129->129
[2024-11-16T20:17:06.939+0100][gc,metaspace] GC(49) Metaspace: 52633K(53312K)->52633K(53312K) NonClass: 46719K(47104K)->46719K(47104K) Class: 5914K(6208K)->5914K(6208K)
[2024-11-16T20:17:06.939+0100][gc          ] GC(49) Pause Young (Normal) (G1 Evacuation Pause) 202M->156M(1024M) 29,626ms
[2024-11-16T20:17:06.939+0100][gc,cpu      ] GC(49) User=0,01s Sys=0,03s Real=0,03s
[2024-11-16T20:18:29.925+0100][gc,start    ] GC(50) Pause Young (Normal) (G1 Evacuation Pause)
[2024-11-16T20:18:29.925+0100][gc,task     ] GC(50) Using 8 workers of 8 for evacuation
[2024-11-16T20:18:29.942+0100][gc,phases   ] GC(50)   Pre Evacuate Collection Set: 1,53ms
[2024-11-16T20:18:29.942+0100][gc,phases   ] GC(50)   Merge Heap Roots: 0,41ms
[2024-11-16T20:18:29.942+0100][gc,phases   ] GC(50)   Evacuate Collection Set: 14,36ms
[2024-11-16T20:18:29.942+0100][gc,phases   ] GC(50)   Post Evacuate Collection Set: 0,71ms
[2024-11-16T20:18:29.942+0100][gc,phases   ] GC(50)   Other: 0,32ms
[2024-11-16T20:18:29.942+0100][gc,heap     ] GC(50) Eden regions: 47->0(45)
[2024-11-16T20:18:29.943+0100][gc,heap     ] GC(50) Survivor regions: 4->6(7)
[2024-11-16T20:18:29.943+0100][gc,heap     ] GC(50) Old regions: 24->24
[2024-11-16T20:18:29.943+0100][gc,heap     ] GC(50) Humongous regions: 129->129
[2024-11-16T20:18:29.943+0100][gc,metaspace] GC(50) Metaspace: 52650K(53312K)->52650K(53312K) NonClass: 46732K(47104K)->46732K(47104K) Class: 5917K(6208K)->5917K(6208K)
[2024-11-16T20:18:29.943+0100][gc          ] GC(50) Pause Young (Normal) (G1 Evacuation Pause) 203M->157M(1024M) 18,036ms
[2024-11-16T20:18:29.943+0100][gc,cpu      ] GC(50) User=0,02s Sys=0,03s Real=0,02s
[2024-11-16T20:19:09.799+0100][gc,start    ] GC(51) Pause Young (Normal) (G1 Evacuation Pause)
[2024-11-16T20:19:09.801+0100][gc,task     ] GC(51) Using 8 workers of 8 for evacuation
[2024-11-16T20:19:09.821+0100][gc,phases   ] GC(51)   Pre Evacuate Collection Set: 1,80ms
[2024-11-16T20:19:09.821+0100][gc,phases   ] GC(51)   Merge Heap Roots: 0,28ms
[2024-11-16T20:19:09.821+0100][gc,phases   ] GC(51)   Evacuate Collection Set: 16,41ms
[2024-11-16T20:19:09.821+0100][gc,phases   ] GC(51)   Post Evacuate Collection Set: 1,13ms
[2024-11-16T20:19:09.821+0100][gc,phases   ] GC(51)   Other: 0,35ms
[2024-11-16T20:19:09.821+0100][gc,heap     ] GC(51) Eden regions: 45->0(47)
[2024-11-16T20:19:09.821+0100][gc,heap     ] GC(51) Survivor regions: 6->4(7)
[2024-11-16T20:19:09.821+0100][gc,heap     ] GC(51) Old regions: 24->26
[2024-11-16T20:19:09.821+0100][gc,heap     ] GC(51) Humongous regions: 129->129
[2024-11-16T20:19:09.821+0100][gc,metaspace] GC(51) Metaspace: 52669K(53376K)->52669K(53376K) NonClass: 46752K(47168K)->46752K(47168K) Class: 5917K(6208K)->5917K(6208K)
[2024-11-16T20:19:09.821+0100][gc          ] GC(51) Pause Young (Normal) (G1 Evacuation Pause) 202M->157M(1024M) 21,484ms
[2024-11-16T20:19:09.821+0100][gc,cpu      ] GC(51) User=0,03s Sys=0,05s Real=0,03s
[2024-11-16T20:19:51.781+0100][gc,start    ] GC(52) Pause Young (Normal) (G1 Evacuation Pause)
[2024-11-16T20:19:51.783+0100][gc,task     ] GC(52) Using 8 workers of 8 for evacuation
[2024-11-16T20:19:51.792+0100][gc,phases   ] GC(52)   Pre Evacuate Collection Set: 0,47ms
[2024-11-16T20:19:51.792+0100][gc,phases   ] GC(52)   Merge Heap Roots: 0,10ms
[2024-11-16T20:19:51.792+0100][gc,phases   ] GC(52)   Evacuate Collection Set: 8,13ms
[2024-11-16T20:19:51.792+0100][gc,phases   ] GC(52)   Post Evacuate Collection Set: 0,61ms
[2024-11-16T20:19:51.792+0100][gc,phases   ] GC(52)   Other: 0,28ms
[2024-11-16T20:19:51.792+0100][gc,heap     ] GC(52) Eden regions: 47->0(47)
[2024-11-16T20:19:51.792+0100][gc,heap     ] GC(52) Survivor regions: 4->4(7)
[2024-11-16T20:19:51.792+0100][gc,heap     ] GC(52) Old regions: 26->26
[2024-11-16T20:19:51.792+0100][gc,heap     ] GC(52) Humongous regions: 129->129
[2024-11-16T20:19:51.792+0100][gc,metaspace] GC(52) Metaspace: 52678K(53376K)->52678K(53376K) NonClass: 46760K(47168K)->46760K(47168K) Class: 5917K(6208K)->5917K(6208K)
[2024-11-16T20:19:51.793+0100][gc          ] GC(52) Pause Young (Normal) (G1 Evacuation Pause) 204M->157M(1024M) 11,290ms
[2024-11-16T20:19:51.793+0100][gc,cpu      ] GC(52) User=0,02s Sys=0,01s Real=0,01s
[2024-11-16T20:20:34.545+0100][gc,start    ] GC(53) Pause Young (Normal) (G1 Evacuation Pause)
[2024-11-16T20:20:34.546+0100][gc,task     ] GC(53) Using 8 workers of 8 for evacuation
[2024-11-16T20:20:34.555+0100][gc,phases   ] GC(53)   Pre Evacuate Collection Set: 1,08ms
[2024-11-16T20:20:34.555+0100][gc,phases   ] GC(53)   Merge Heap Roots: 0,20ms
[2024-11-16T20:20:34.555+0100][gc,phases   ] GC(53)   Evacuate Collection Set: 7,00ms
[2024-11-16T20:20:34.555+0100][gc,phases   ] GC(53)   Post Evacuate Collection Set: 0,63ms
[2024-11-16T20:20:34.555+0100][gc,phases   ] GC(53)   Other: 0,16ms
[2024-11-16T20:20:34.555+0100][gc,heap     ] GC(53) Eden regions: 47->0(106)
[2024-11-16T20:20:34.555+0100][gc,heap     ] GC(53) Survivor regions: 4->4(7)
[2024-11-16T20:20:34.555+0100][gc,heap     ] GC(53) Old regions: 26->26
[2024-11-16T20:20:34.555+0100][gc,heap     ] GC(53) Humongous regions: 129->129
[2024-11-16T20:20:34.555+0100][gc,metaspace] GC(53) Metaspace: 52679K(53376K)->52679K(53376K) NonClass: 46761K(47168K)->46761K(47168K) Class: 5917K(6208K)->5917K(6208K)
[2024-11-16T20:20:34.555+0100][gc          ] GC(53) Pause Young (Normal) (G1 Evacuation Pause) 204M->157M(1024M) 10,200ms
[2024-11-16T20:20:34.555+0100][gc,cpu      ] GC(53) User=0,02s Sys=0,03s Real=0,01s
[2024-11-16T20:22:19.445+0100][gc,start    ] GC(54) Pause Young (Normal) (G1 Evacuation Pause)
[2024-11-16T20:22:19.446+0100][gc,task     ] GC(54) Using 8 workers of 8 for evacuation
[2024-11-16T20:22:19.454+0100][gc,phases   ] GC(54)   Pre Evacuate Collection Set: 0,77ms
[2024-11-16T20:22:19.454+0100][gc,phases   ] GC(54)   Merge Heap Roots: 0,19ms
[2024-11-16T20:22:19.454+0100][gc,phases   ] GC(54)   Evacuate Collection Set: 6,53ms
[2024-11-16T20:22:19.454+0100][gc,phases   ] GC(54)   Post Evacuate Collection Set: 0,46ms
[2024-11-16T20:22:19.454+0100][gc,phases   ] GC(54)   Other: 0,12ms
[2024-11-16T20:22:19.454+0100][gc,heap     ] GC(54) Eden regions: 111->0(250)
[2024-11-16T20:22:19.454+0100][gc,heap     ] GC(54) Survivor regions: 4->4(15)
[2024-11-16T20:22:19.454+0100][gc,heap     ] GC(54) Old regions: 26->26
[2024-11-16T20:22:19.454+0100][gc,heap     ] GC(54) Humongous regions: 129->129
[2024-11-16T20:22:19.454+0100][gc,metaspace] GC(54) Metaspace: 52713K(53376K)->52713K(53376K) NonClass: 46796K(47168K)->46796K(47168K) Class: 5917K(6208K)->5917K(6208K)
[2024-11-16T20:22:19.454+0100][gc          ] GC(54) Pause Young (Normal) (G1 Evacuation Pause) 268M->157M(1024M) 8,573ms
[2024-11-16T20:22:19.454+0100][gc,cpu      ] GC(54) User=0,02s Sys=0,02s Real=0,01s
[2024-11-16T20:26:15.942+0100][gc,start    ] GC(55) Pause Young (Normal) (G1 Evacuation Pause)
[2024-11-16T20:26:15.943+0100][gc,task     ] GC(55) Using 8 workers of 8 for evacuation
[2024-11-16T20:26:15.971+0100][gc,mmu      ] GC(55) MMU target violated: 21,0ms (20,0ms/21,0ms)
[2024-11-16T20:26:15.971+0100][gc,phases   ] GC(55)   Pre Evacuate Collection Set: 1,72ms
[2024-11-16T20:26:15.971+0100][gc,phases   ] GC(55)   Merge Heap Roots: 0,34ms
[2024-11-16T20:26:15.971+0100][gc,phases   ] GC(55)   Evacuate Collection Set: 23,96ms
[2024-11-16T20:26:15.971+0100][gc,phases   ] GC(55)   Post Evacuate Collection Set: 1,49ms
[2024-11-16T20:26:15.971+0100][gc,phases   ] GC(55)   Other: 0,37ms
[2024-11-16T20:26:15.971+0100][gc,heap     ] GC(55) Eden regions: 253->0(105)
[2024-11-16T20:26:15.971+0100][gc,heap     ] GC(55) Survivor regions: 4->4(33)
[2024-11-16T20:26:15.971+0100][gc,heap     ] GC(55) Old regions: 26->26
[2024-11-16T20:26:15.971+0100][gc,heap     ] GC(55) Humongous regions: 129->129
[2024-11-16T20:26:15.971+0100][gc,metaspace] GC(55) Metaspace: 52716K(53376K)->52716K(53376K) NonClass: 46798K(47168K)->46798K(47168K) Class: 5917K(6208K)->5917K(6208K)
[2024-11-16T20:26:15.971+0100][gc          ] GC(55) Pause Young (Normal) (G1 Evacuation Pause) 410M->157M(1024M) 28,814ms
[2024-11-16T20:26:15.971+0100][gc,cpu      ] GC(55) User=0,02s Sys=0,06s Real=0,03s
[2024-11-16T20:27:55.059+0100][gc,start    ] GC(56) Pause Young (Normal) (G1 Evacuation Pause)
[2024-11-16T20:27:55.061+0100][gc,task     ] GC(56) Using 8 workers of 8 for evacuation
[2024-11-16T20:27:55.105+0100][gc,mmu      ] GC(56) MMU target violated: 21,0ms (20,0ms/21,0ms)
[2024-11-16T20:27:55.105+0100][gc,phases   ] GC(56)   Pre Evacuate Collection Set: 2,07ms
[2024-11-16T20:27:55.105+0100][gc,phases   ] GC(56)   Merge Heap Roots: 0,43ms
[2024-11-16T20:27:55.105+0100][gc,phases   ] GC(56)   Evacuate Collection Set: 40,18ms
[2024-11-16T20:27:55.105+0100][gc,phases   ] GC(56)   Post Evacuate Collection Set: 0,80ms
[2024-11-16T20:27:55.105+0100][gc,phases   ] GC(56)   Other: 0,46ms
[2024-11-16T20:27:55.105+0100][gc,heap     ] GC(56) Eden regions: 106->0(47)
[2024-11-16T20:27:55.105+0100][gc,heap     ] GC(56) Survivor regions: 4->4(14)
[2024-11-16T20:27:55.105+0100][gc,heap     ] GC(56) Old regions: 26->26
[2024-11-16T20:27:55.105+0100][gc,heap     ] GC(56) Humongous regions: 129->129
[2024-11-16T20:27:55.105+0100][gc,metaspace] GC(56) Metaspace: 52731K(53440K)->52731K(53440K) NonClass: 46813K(47232K)->46813K(47232K) Class: 5917K(6208K)->5917K(6208K)
[2024-11-16T20:27:55.105+0100][gc          ] GC(56) Pause Young (Normal) (G1 Evacuation Pause) 263M->157M(1024M) 45,675ms
[2024-11-16T20:27:55.105+0100][gc,cpu      ] GC(56) User=0,03s Sys=0,10s Real=0,05s
[2024-11-16T20:28:37.754+0100][gc,start    ] GC(57) Pause Young (Normal) (G1 Evacuation Pause)
[2024-11-16T20:28:37.756+0100][gc,task     ] GC(57) Using 8 workers of 8 for evacuation
[2024-11-16T20:28:37.774+0100][gc,phases   ] GC(57)   Pre Evacuate Collection Set: 1,57ms
[2024-11-16T20:28:37.774+0100][gc,phases   ] GC(57)   Merge Heap Roots: 0,35ms
[2024-11-16T20:28:37.774+0100][gc,phases   ] GC(57)   Evacuate Collection Set: 14,90ms
[2024-11-16T20:28:37.774+0100][gc,phases   ] GC(57)   Post Evacuate Collection Set: 0,94ms
[2024-11-16T20:28:37.774+0100][gc,phases   ] GC(57)   Other: 0,48ms
[2024-11-16T20:28:37.774+0100][gc,heap     ] GC(57) Eden regions: 47->0(47)
[2024-11-16T20:28:37.774+0100][gc,heap     ] GC(57) Survivor regions: 4->4(7)
[2024-11-16T20:28:37.774+0100][gc,heap     ] GC(57) Old regions: 26->26
[2024-11-16T20:28:37.774+0100][gc,heap     ] GC(57) Humongous regions: 129->129
[2024-11-16T20:28:37.774+0100][gc,metaspace] GC(57) Metaspace: 52733K(53440K)->52733K(53440K) NonClass: 46815K(47232K)->46815K(47232K) Class: 5917K(6208K)->5917K(6208K)
[2024-11-16T20:28:37.774+0100][gc          ] GC(57) Pause Young (Normal) (G1 Evacuation Pause) 204M->157M(1024M) 19,915ms
[2024-11-16T20:28:37.774+0100][gc,cpu      ] GC(57) User=0,02s Sys=0,05s Real=0,02s
[2024-11-16T20:29:22.196+0100][gc,start    ] GC(58) Pause Young (Normal) (G1 Evacuation Pause)
[2024-11-16T20:29:22.197+0100][gc,task     ] GC(58) Using 8 workers of 8 for evacuation
[2024-11-16T20:29:22.228+0100][gc,mmu      ] GC(58) MMU target violated: 21,0ms (20,0ms/21,0ms)
[2024-11-16T20:29:22.228+0100][gc,phases   ] GC(58)   Pre Evacuate Collection Set: 1,08ms
[2024-11-16T20:29:22.228+0100][gc,phases   ] GC(58)   Merge Heap Roots: 0,51ms
[2024-11-16T20:29:22.228+0100][gc,phases   ] GC(58)   Evacuate Collection Set: 27,44ms
[2024-11-16T20:29:22.228+0100][gc,phases   ] GC(58)   Post Evacuate Collection Set: 1,45ms
[2024-11-16T20:29:22.228+0100][gc,phases   ] GC(58)   Other: 0,30ms
[2024-11-16T20:29:22.228+0100][gc,heap     ] GC(58) Eden regions: 47->0(47)
[2024-11-16T20:29:22.228+0100][gc,heap     ] GC(58) Survivor regions: 4->4(7)
[2024-11-16T20:29:22.228+0100][gc,heap     ] GC(58) Old regions: 26->26
[2024-11-16T20:29:22.228+0100][gc,heap     ] GC(58) Humongous regions: 129->129
[2024-11-16T20:29:22.228+0100][gc,metaspace] GC(58) Metaspace: 52735K(53440K)->52735K(53440K) NonClass: 46817K(47232K)->46817K(47232K) Class: 5917K(6208K)->5917K(6208K)
[2024-11-16T20:29:22.228+0100][gc          ] GC(58) Pause Young (Normal) (G1 Evacuation Pause) 204M->157M(1024M) 31,951ms
[2024-11-16T20:29:22.228+0100][gc,cpu      ] GC(58) User=0,02s Sys=0,04s Real=0,03s
[2024-11-16T20:30:04.490+0100][gc,start    ] GC(59) Pause Young (Normal) (G1 Evacuation Pause)
[2024-11-16T20:30:04.491+0100][gc,task     ] GC(59) Using 8 workers of 8 for evacuation
[2024-11-16T20:30:04.505+0100][gc,phases   ] GC(59)   Pre Evacuate Collection Set: 1,23ms
[2024-11-16T20:30:04.505+0100][gc,phases   ] GC(59)   Merge Heap Roots: 0,30ms
[2024-11-16T20:30:04.505+0100][gc,phases   ] GC(59)   Evacuate Collection Set: 11,43ms
[2024-11-16T20:30:04.505+0100][gc,phases   ] GC(59)   Post Evacuate Collection Set: 0,91ms
[2024-11-16T20:30:04.505+0100][gc,phases   ] GC(59)   Other: 0,30ms
[2024-11-16T20:30:04.505+0100][gc,heap     ] GC(59) Eden regions: 47->0(64)
[2024-11-16T20:30:04.505+0100][gc,heap     ] GC(59) Survivor regions: 4->4(7)
[2024-11-16T20:30:04.505+0100][gc,heap     ] GC(59) Old regions: 26->26
[2024-11-16T20:30:04.505+0100][gc,heap     ] GC(59) Humongous regions: 129->129
[2024-11-16T20:30:04.505+0100][gc,metaspace] GC(59) Metaspace: 52736K(53440K)->52736K(53440K) NonClass: 46818K(47232K)->46818K(47232K) Class: 5917K(6208K)->5917K(6208K)
[2024-11-16T20:30:04.505+0100][gc          ] GC(59) Pause Young (Normal) (G1 Evacuation Pause) 204M->158M(1024M) 15,443ms
[2024-11-16T20:30:04.505+0100][gc,cpu      ] GC(59) User=0,03s Sys=0,03s Real=0,01s
[2024-11-16T20:30:52.360+0100][gc,start    ] GC(60) Pause Young (Normal) (G1 Evacuation Pause)
[2024-11-16T20:30:52.361+0100][gc,task     ] GC(60) Using 8 workers of 8 for evacuation
[2024-11-16T20:30:52.379+0100][gc,phases   ] GC(60)   Pre Evacuate Collection Set: 1,54ms
[2024-11-16T20:30:52.379+0100][gc,phases   ] GC(60)   Merge Heap Roots: 0,38ms
[2024-11-16T20:30:52.379+0100][gc,phases   ] GC(60)   Evacuate Collection Set: 15,13ms
[2024-11-16T20:30:52.379+0100][gc,phases   ] GC(60)   Post Evacuate Collection Set: 0,65ms
[2024-11-16T20:30:52.379+0100][gc,phases   ] GC(60)   Other: 0,24ms
[2024-11-16T20:30:52.379+0100][gc,heap     ] GC(60) Eden regions: 51->0(114)
[2024-11-16T20:30:52.379+0100][gc,heap     ] GC(60) Survivor regions: 4->4(7)
[2024-11-16T20:30:52.379+0100][gc,heap     ] GC(60) Old regions: 26->26
[2024-11-16T20:30:52.379+0100][gc,heap     ] GC(60) Humongous regions: 129->129
[2024-11-16T20:30:52.379+0100][gc,metaspace] GC(60) Metaspace: 52736K(53440K)->52736K(53440K) NonClass: 46818K(47232K)->46818K(47232K) Class: 5917K(6208K)->5917K(6208K)
[2024-11-16T20:30:52.379+0100][gc          ] GC(60) Pause Young (Normal) (G1 Evacuation Pause) 209M->158M(1024M) 19,122ms
[2024-11-16T20:30:52.379+0100][gc,cpu      ] GC(60) User=0,02s Sys=0,06s Real=0,01s
[2024-11-16T20:32:43.950+0100][gc,start    ] GC(61) Pause Young (Normal) (G1 Evacuation Pause)
[2024-11-16T20:32:43.954+0100][gc,task     ] GC(61) Using 8 workers of 8 for evacuation
[2024-11-16T20:32:43.983+0100][gc,mmu      ] GC(61) MMU target violated: 21,0ms (20,0ms/21,0ms)
[2024-11-16T20:32:43.984+0100][gc,phases   ] GC(61)   Pre Evacuate Collection Set: 4,83ms
[2024-11-16T20:32:43.984+0100][gc,phases   ] GC(61)   Merge Heap Roots: 0,25ms
[2024-11-16T20:32:43.984+0100][gc,phases   ] GC(61)   Evacuate Collection Set: 22,27ms
[2024-11-16T20:32:43.984+0100][gc,phases   ] GC(61)   Post Evacuate Collection Set: 1,05ms
[2024-11-16T20:32:43.984+0100][gc,phases   ] GC(61)   Other: 3,06ms
[2024-11-16T20:32:43.984+0100][gc,heap     ] GC(61) Eden regions: 118->0(47)
[2024-11-16T20:32:43.984+0100][gc,heap     ] GC(61) Survivor regions: 4->4(16)
[2024-11-16T20:32:43.984+0100][gc,heap     ] GC(61) Old regions: 26->26
[2024-11-16T20:32:43.984+0100][gc,heap     ] GC(61) Humongous regions: 129->129
[2024-11-16T20:32:43.984+0100][gc,metaspace] GC(61) Metaspace: 52740K(53440K)->52740K(53440K) NonClass: 46822K(47232K)->46822K(47232K) Class: 5917K(6208K)->5917K(6208K)
[2024-11-16T20:32:43.984+0100][gc          ] GC(61) Pause Young (Normal) (G1 Evacuation Pause) 276M->157M(1024M) 34,801ms
[2024-11-16T20:32:43.984+0100][gc,cpu      ] GC(61) User=0,02s Sys=0,09s Real=0,04s
[2024-11-16T20:33:26.975+0100][gc,start    ] GC(62) Pause Young (Normal) (G1 Evacuation Pause)
[2024-11-16T20:33:26.976+0100][gc,task     ] GC(62) Using 8 workers of 8 for evacuation
[2024-11-16T20:33:26.995+0100][gc,phases   ] GC(62)   Pre Evacuate Collection Set: 1,55ms
[2024-11-16T20:33:26.995+0100][gc,phases   ] GC(62)   Merge Heap Roots: 0,33ms
[2024-11-16T20:33:26.995+0100][gc,phases   ] GC(62)   Evacuate Collection Set: 15,88ms
[2024-11-16T20:33:26.995+0100][gc,phases   ] GC(62)   Post Evacuate Collection Set: 0,67ms
[2024-11-16T20:33:26.995+0100][gc,phases   ] GC(62)   Other: 0,68ms
[2024-11-16T20:33:26.995+0100][gc,heap     ] GC(62) Eden regions: 47->0(89)
[2024-11-16T20:33:26.995+0100][gc,heap     ] GC(62) Survivor regions: 4->4(7)
[2024-11-16T20:33:26.995+0100][gc,heap     ] GC(62) Old regions: 26->26
[2024-11-16T20:33:26.995+0100][gc,heap     ] GC(62) Humongous regions: 129->129
[2024-11-16T20:33:26.995+0100][gc,metaspace] GC(62) Metaspace: 52746K(53440K)->52746K(53440K) NonClass: 46828K(47232K)->46828K(47232K) Class: 5917K(6208K)->5917K(6208K)
[2024-11-16T20:33:26.996+0100][gc          ] GC(62) Pause Young (Normal) (G1 Evacuation Pause) 204M->157M(1024M) 20,879ms
[2024-11-16T20:33:26.996+0100][gc,cpu      ] GC(62) User=0,03s Sys=0,04s Real=0,02s
[2024-11-16T20:34:55.969+0100][gc,start    ] GC(63) Pause Young (Normal) (G1 Evacuation Pause)
[2024-11-16T20:34:55.970+0100][gc,task     ] GC(63) Using 8 workers of 8 for evacuation
[2024-11-16T20:34:55.986+0100][gc,phases   ] GC(63)   Pre Evacuate Collection Set: 1,37ms
[2024-11-16T20:34:55.986+0100][gc,phases   ] GC(63)   Merge Heap Roots: 0,28ms
[2024-11-16T20:34:55.986+0100][gc,phases   ] GC(63)   Evacuate Collection Set: 12,50ms
[2024-11-16T20:34:55.986+0100][gc,phases   ] GC(63)   Post Evacuate Collection Set: 0,96ms
[2024-11-16T20:34:55.986+0100][gc,phases   ] GC(63)   Other: 0,29ms
[2024-11-16T20:34:55.986+0100][gc,heap     ] GC(63) Eden regions: 95->0(181)
[2024-11-16T20:34:55.986+0100][gc,heap     ] GC(63) Survivor regions: 4->4(13)
[2024-11-16T20:34:55.986+0100][gc,heap     ] GC(63) Old regions: 26->26
[2024-11-16T20:34:55.986+0100][gc,heap     ] GC(63) Humongous regions: 129->129
[2024-11-16T20:34:55.986+0100][gc,metaspace] GC(63) Metaspace: 52746K(53440K)->52746K(53440K) NonClass: 46828K(47232K)->46828K(47232K) Class: 5917K(6208K)->5917K(6208K)
[2024-11-16T20:34:55.986+0100][gc          ] GC(63) Pause Young (Normal) (G1 Evacuation Pause) 252M->158M(1024M) 16,649ms
[2024-11-16T20:34:55.986+0100][gc,cpu      ] GC(63) User=0,02s Sys=0,03s Real=0,02s
[2024-11-16T20:37:55.886+0100][gc,start    ] GC(64) Pause Young (Normal) (G1 Evacuation Pause)
[2024-11-16T20:37:55.891+0100][gc,task     ] GC(64) Using 8 workers of 8 for evacuation
[2024-11-16T20:37:55.929+0100][gc,mmu      ] GC(64) MMU target violated: 21,0ms (20,0ms/21,0ms)
[2024-11-16T20:37:55.929+0100][gc,phases   ] GC(64)   Pre Evacuate Collection Set: 1,34ms
[2024-11-16T20:37:55.929+0100][gc,phases   ] GC(64)   Merge Heap Roots: 0,32ms
[2024-11-16T20:37:55.929+0100][gc,phases   ] GC(64)   Evacuate Collection Set: 35,29ms
[2024-11-16T20:37:55.929+0100][gc,phases   ] GC(64)   Post Evacuate Collection Set: 0,99ms
[2024-11-16T20:37:55.929+0100][gc,phases   ] GC(64)   Other: 0,46ms
[2024-11-16T20:37:55.929+0100][gc,heap     ] GC(64) Eden regions: 188->0(47)
[2024-11-16T20:37:55.929+0100][gc,heap     ] GC(64) Survivor regions: 4->4(24)
[2024-11-16T20:37:55.930+0100][gc,heap     ] GC(64) Old regions: 26->26
[2024-11-16T20:37:55.930+0100][gc,heap     ] GC(64) Humongous regions: 129->129
[2024-11-16T20:37:55.930+0100][gc,metaspace] GC(64) Metaspace: 52748K(53440K)->52748K(53440K) NonClass: 46830K(47232K)->46830K(47232K) Class: 5917K(6208K)->5917K(6208K)
[2024-11-16T20:37:55.930+0100][gc          ] GC(64) Pause Young (Normal) (G1 Evacuation Pause) 346M->158M(1024M) 44,698ms
[2024-11-16T20:37:55.930+0100][gc,cpu      ] GC(64) User=0,02s Sys=0,09s Real=0,05s
[2024-11-16T20:38:41.772+0100][gc,start    ] GC(65) Pause Young (Normal) (G1 Evacuation Pause)
[2024-11-16T20:38:41.773+0100][gc,task     ] GC(65) Using 8 workers of 8 for evacuation
[2024-11-16T20:38:41.821+0100][gc,mmu      ] GC(65) MMU target violated: 21,0ms (20,0ms/21,0ms)
[2024-11-16T20:38:41.821+0100][gc,phases   ] GC(65)   Pre Evacuate Collection Set: 4,82ms
[2024-11-16T20:38:41.821+0100][gc,phases   ] GC(65)   Merge Heap Roots: 2,50ms
[2024-11-16T20:38:41.821+0100][gc,phases   ] GC(65)   Evacuate Collection Set: 38,91ms
[2024-11-16T20:38:41.821+0100][gc,phases   ] GC(65)   Post Evacuate Collection Set: 1,28ms
[2024-11-16T20:38:41.822+0100][gc,phases   ] GC(65)   Other: 0,84ms
[2024-11-16T20:38:41.822+0100][gc,heap     ] GC(65) Eden regions: 47->0(111)
[2024-11-16T20:38:41.822+0100][gc,heap     ] GC(65) Survivor regions: 4->2(7)
[2024-11-16T20:38:41.822+0100][gc,heap     ] GC(65) Old regions: 26->28
[2024-11-16T20:38:41.822+0100][gc,heap     ] GC(65) Humongous regions: 129->129
[2024-11-16T20:38:41.822+0100][gc,metaspace] GC(65) Metaspace: 52748K(53440K)->52748K(53440K) NonClass: 46830K(47232K)->46830K(47232K) Class: 5917K(6208K)->5917K(6208K)
[2024-11-16T20:38:41.822+0100][gc          ] GC(65) Pause Young (Normal) (G1 Evacuation Pause) 205M->158M(1024M) 49,508ms
[2024-11-16T20:38:41.822+0100][gc,cpu      ] GC(65) User=0,02s Sys=0,07s Real=0,05s
[2024-11-16T20:41:16.168+0100][gc,start    ] GC(66) Pause Young (Normal) (G1 Evacuation Pause)
[2024-11-16T20:41:16.168+0100][gc,task     ] GC(66) Using 8 workers of 8 for evacuation
[2024-11-16T20:41:16.193+0100][gc,mmu      ] GC(66) MMU target violated: 21,0ms (20,0ms/21,0ms)
[2024-11-16T20:41:16.193+0100][gc,phases   ] GC(66)   Pre Evacuate Collection Set: 2,26ms
[2024-11-16T20:41:16.193+0100][gc,phases   ] GC(66)   Merge Heap Roots: 0,46ms
[2024-11-16T20:41:16.193+0100][gc,phases   ] GC(66)   Evacuate Collection Set: 20,21ms
[2024-11-16T20:41:16.193+0100][gc,phases   ] GC(66)   Post Evacuate Collection Set: 1,39ms
[2024-11-16T20:41:16.193+0100][gc,phases   ] GC(66)   Other: 0,52ms
[2024-11-16T20:41:16.193+0100][gc,heap     ] GC(66) Eden regions: 164->0(109)
[2024-11-16T20:41:16.193+0100][gc,heap     ] GC(66) Survivor regions: 2->2(21)
[2024-11-16T20:41:16.193+0100][gc,heap     ] GC(66) Old regions: 28->28
[2024-11-16T20:41:16.193+0100][gc,heap     ] GC(66) Humongous regions: 129->129
[2024-11-16T20:41:16.193+0100][gc,metaspace] GC(66) Metaspace: 52781K(53440K)->52781K(53440K) NonClass: 46863K(47232K)->46863K(47232K) Class: 5917K(6208K)->5917K(6208K)
[2024-11-16T20:41:16.193+0100][gc          ] GC(66) Pause Young (Normal) (G1 Evacuation Pause) 322M->158M(1024M) 25,838ms
[2024-11-16T20:41:16.193+0100][gc,cpu      ] GC(66) User=0,02s Sys=0,08s Real=0,03s
[2024-11-16T20:43:45.053+0100][gc,start    ] GC(67) Pause Young (Normal) (G1 Evacuation Pause)
[2024-11-16T20:43:45.054+0100][gc,task     ] GC(67) Using 8 workers of 8 for evacuation
[2024-11-16T20:43:45.101+0100][gc,mmu      ] GC(67) MMU target violated: 21,0ms (20,0ms/21,0ms)
[2024-11-16T20:43:45.101+0100][gc,phases   ] GC(67)   Pre Evacuate Collection Set: 1,53ms
[2024-11-16T20:43:45.101+0100][gc,phases   ] GC(67)   Merge Heap Roots: 0,26ms
[2024-11-16T20:43:45.101+0100][gc,phases   ] GC(67)   Evacuate Collection Set: 39,80ms
[2024-11-16T20:43:45.101+0100][gc,phases   ] GC(67)   Post Evacuate Collection Set: 5,17ms
[2024-11-16T20:43:45.101+0100][gc,phases   ] GC(67)   Other: 0,39ms
[2024-11-16T20:43:45.101+0100][gc,heap     ] GC(67) Eden regions: 156->0(49)
[2024-11-16T20:43:45.101+0100][gc,heap     ] GC(67) Survivor regions: 2->2(20)
[2024-11-16T20:43:45.101+0100][gc,heap     ] GC(67) Old regions: 28->28
[2024-11-16T20:43:45.101+0100][gc,heap     ] GC(67) Humongous regions: 129->129
[2024-11-16T20:43:45.101+0100][gc,metaspace] GC(67) Metaspace: 52839K(53504K)->52839K(53504K) NonClass: 46921K(47296K)->46921K(47296K) Class: 5917K(6208K)->5917K(6208K)
[2024-11-16T20:43:45.101+0100][gc          ] GC(67) Pause Young (Normal) (G1 Evacuation Pause) 314M->158M(1024M) 48,390ms
[2024-11-16T20:43:45.101+0100][gc,cpu      ] GC(67) User=0,02s Sys=0,10s Real=0,05s
[2024-11-16T20:44:34.199+0100][gc,start    ] GC(68) Pause Young (Normal) (G1 Evacuation Pause)
[2024-11-16T20:44:34.200+0100][gc,task     ] GC(68) Using 8 workers of 8 for evacuation
[2024-11-16T20:44:34.212+0100][gc,phases   ] GC(68)   Pre Evacuate Collection Set: 1,23ms
[2024-11-16T20:44:34.212+0100][gc,phases   ] GC(68)   Merge Heap Roots: 0,24ms
[2024-11-16T20:44:34.212+0100][gc,phases   ] GC(68)   Evacuate Collection Set: 9,76ms
[2024-11-16T20:44:34.212+0100][gc,phases   ] GC(68)   Post Evacuate Collection Set: 0,92ms
[2024-11-16T20:44:34.212+0100][gc,phases   ] GC(68)   Other: 0,24ms
[2024-11-16T20:44:34.212+0100][gc,heap     ] GC(68) Eden regions: 49->0(49)
[2024-11-16T20:44:34.212+0100][gc,heap     ] GC(68) Survivor regions: 2->2(7)
[2024-11-16T20:44:34.212+0100][gc,heap     ] GC(68) Old regions: 28->28
[2024-11-16T20:44:34.212+0100][gc,heap     ] GC(68) Humongous regions: 129->129
[2024-11-16T20:44:34.212+0100][gc,metaspace] GC(68) Metaspace: 52839K(53504K)->52839K(53504K) NonClass: 46921K(47296K)->46921K(47296K) Class: 5917K(6208K)->5917K(6208K)
[2024-11-16T20:44:34.212+0100][gc          ] GC(68) Pause Young (Normal) (G1 Evacuation Pause) 207M->158M(1024M) 13,640ms
[2024-11-16T20:44:34.212+0100][gc,cpu      ] GC(68) User=0,01s Sys=0,02s Real=0,02s
[2024-11-16T20:45:22.910+0100][gc,start    ] GC(69) Pause Young (Normal) (G1 Evacuation Pause)
[2024-11-16T20:45:22.912+0100][gc,task     ] GC(69) Using 8 workers of 8 for evacuation
[2024-11-16T20:45:22.927+0100][gc,phases   ] GC(69)   Pre Evacuate Collection Set: 1,15ms
[2024-11-16T20:45:22.927+0100][gc,phases   ] GC(69)   Merge Heap Roots: 0,19ms
[2024-11-16T20:45:22.927+0100][gc,phases   ] GC(69)   Evacuate Collection Set: 12,33ms
[2024-11-16T20:45:22.927+0100][gc,phases   ] GC(69)   Post Evacuate Collection Set: 1,03ms
[2024-11-16T20:45:22.927+0100][gc,phases   ] GC(69)   Other: 0,21ms
[2024-11-16T20:45:22.927+0100][gc,heap     ] GC(69) Eden regions: 49->0(53)
[2024-11-16T20:45:22.927+0100][gc,heap     ] GC(69) Survivor regions: 2->2(7)
[2024-11-16T20:45:22.927+0100][gc,heap     ] GC(69) Old regions: 28->28
[2024-11-16T20:45:22.927+0100][gc,heap     ] GC(69) Humongous regions: 129->129
[2024-11-16T20:45:22.927+0100][gc,metaspace] GC(69) Metaspace: 52839K(53504K)->52839K(53504K) NonClass: 46921K(47296K)->46921K(47296K) Class: 5917K(6208K)->5917K(6208K)
[2024-11-16T20:45:22.927+0100][gc          ] GC(69) Pause Young (Normal) (G1 Evacuation Pause) 207M->158M(1024M) 16,385ms
[2024-11-16T20:45:22.927+0100][gc,cpu      ] GC(69) User=0,02s Sys=0,03s Real=0,01s
[2024-11-16T20:53:30.144+0100][gc,start    ] GC(70) Pause Young (Normal) (G1 Evacuation Pause)
[2024-11-16T20:53:30.146+0100][gc,task     ] GC(70) Using 8 workers of 8 for evacuation
[2024-11-16T20:53:30.216+0100][gc,mmu      ] GC(70) MMU target violated: 21,0ms (20,0ms/21,0ms)
[2024-11-16T20:53:30.217+0100][gc,phases   ] GC(70)   Pre Evacuate Collection Set: 1,93ms
[2024-11-16T20:53:30.217+0100][gc,phases   ] GC(70)   Merge Heap Roots: 0,63ms
[2024-11-16T20:53:30.217+0100][gc,phases   ] GC(70)   Evacuate Collection Set: 65,07ms
[2024-11-16T20:53:30.217+0100][gc,phases   ] GC(70)   Post Evacuate Collection Set: 1,69ms
[2024-11-16T20:53:30.217+0100][gc,phases   ] GC(70)   Other: 1,90ms
[2024-11-16T20:53:30.217+0100][gc,heap     ] GC(70) Eden regions: 65->0(49)
[2024-11-16T20:53:30.217+0100][gc,heap     ] GC(70) Survivor regions: 2->2(9)
[2024-11-16T20:53:30.217+0100][gc,heap     ] GC(70) Old regions: 28->28
[2024-11-16T20:53:30.217+0100][gc,heap     ] GC(70) Humongous regions: 129->129
[2024-11-16T20:53:30.217+0100][gc,metaspace] GC(70) Metaspace: 53058K(53696K)->53058K(53696K) NonClass: 47116K(47488K)->47116K(47488K) Class: 5942K(6208K)->5942K(6208K)
[2024-11-16T20:53:30.218+0100][gc          ] GC(70) Pause Young (Normal) (G1 Evacuation Pause) 223M->158M(1024M) 74,839ms
[2024-11-16T20:53:30.218+0100][gc,cpu      ] GC(70) User=0,01s Sys=0,07s Real=0,07s
[2024-11-16T22:34:47.824+0100][gc,start    ] GC(71) Pause Young (Normal) (G1 Evacuation Pause)
[2024-11-16T22:34:47.831+0100][gc,task     ] GC(71) Using 8 workers of 8 for evacuation
[2024-11-16T22:34:47.856+0100][gc,mmu      ] GC(71) MMU target violated: 21,0ms (20,0ms/21,0ms)
[2024-11-16T22:34:47.857+0100][gc,phases   ] GC(71)   Pre Evacuate Collection Set: 3,67ms
[2024-11-16T22:34:47.857+0100][gc,phases   ] GC(71)   Merge Heap Roots: 0,54ms
[2024-11-16T22:34:47.857+0100][gc,phases   ] GC(71)   Evacuate Collection Set: 17,91ms
[2024-11-16T22:34:47.857+0100][gc,phases   ] GC(71)   Post Evacuate Collection Set: 2,67ms
[2024-11-16T22:34:47.857+0100][gc,phases   ] GC(71)   Other: 1,80ms
[2024-11-16T22:34:47.858+0100][gc,heap     ] GC(71) Eden regions: 49->0(48)
[2024-11-16T22:34:47.858+0100][gc,heap     ] GC(71) Survivor regions: 2->3(7)
[2024-11-16T22:34:47.858+0100][gc,heap     ] GC(71) Old regions: 28->28
[2024-11-16T22:34:47.858+0100][gc,heap     ] GC(71) Humongous regions: 129->129
[2024-11-16T22:34:47.858+0100][gc,metaspace] GC(71) Metaspace: 53102K(53824K)->53102K(53824K) NonClass: 47157K(47552K)->47157K(47552K) Class: 5944K(6272K)->5944K(6272K)
[2024-11-16T22:34:47.858+0100][gc          ] GC(71) Pause Young (Normal) (G1 Evacuation Pause) 207M->159M(1024M) 34,871ms
[2024-11-16T22:34:47.858+0100][gc,cpu      ] GC(71) User=0,01s Sys=0,04s Real=0,03s
[2024-11-16T22:50:08.320+0100][gc,start    ] GC(72) Pause Young (Normal) (G1 Evacuation Pause)
[2024-11-16T22:50:08.323+0100][gc,task     ] GC(72) Using 8 workers of 8 for evacuation
[2024-11-16T22:50:08.348+0100][gc,mmu      ] GC(72) MMU target violated: 21,0ms (20,0ms/21,0ms)
[2024-11-16T22:50:08.348+0100][gc,phases   ] GC(72)   Pre Evacuate Collection Set: 1,67ms
[2024-11-16T22:50:08.349+0100][gc,phases   ] GC(72)   Merge Heap Roots: 0,70ms
[2024-11-16T22:50:08.349+0100][gc,phases   ] GC(72)   Evacuate Collection Set: 20,87ms
[2024-11-16T22:50:08.349+0100][gc,phases   ] GC(72)   Post Evacuate Collection Set: 0,86ms
[2024-11-16T22:50:08.349+0100][gc,phases   ] GC(72)   Other: 0,50ms
[2024-11-16T22:50:08.349+0100][gc,heap     ] GC(72) Eden regions: 48->0(46)
[2024-11-16T22:50:08.349+0100][gc,heap     ] GC(72) Survivor regions: 3->5(7)
[2024-11-16T22:50:08.349+0100][gc,heap     ] GC(72) Old regions: 28->28
[2024-11-16T22:50:08.349+0100][gc,heap     ] GC(72) Humongous regions: 129->129
[2024-11-16T22:50:08.349+0100][gc,metaspace] GC(72) Metaspace: 53116K(53824K)->53116K(53824K) NonClass: 47172K(47552K)->47172K(47552K) Class: 5944K(6272K)->5944K(6272K)
[2024-11-16T22:50:08.349+0100][gc          ] GC(72) Pause Young (Normal) (G1 Evacuation Pause) 207M->161M(1024M) 28,670ms
[2024-11-16T22:50:08.349+0100][gc,cpu      ] GC(72) User=0,01s Sys=0,04s Real=0,02s
[2024-11-16T22:50:47.759+0100][gc,start    ] GC(73) Pause Young (Normal) (G1 Evacuation Pause)
[2024-11-16T22:50:47.761+0100][gc,task     ] GC(73) Using 8 workers of 8 for evacuation
[2024-11-16T22:50:47.782+0100][gc,mmu      ] GC(73) MMU target violated: 21,0ms (20,0ms/21,0ms)
[2024-11-16T22:50:47.782+0100][gc,phases   ] GC(73)   Pre Evacuate Collection Set: 1,54ms
[2024-11-16T22:50:47.782+0100][gc,phases   ] GC(73)   Merge Heap Roots: 0,34ms
[2024-11-16T22:50:47.782+0100][gc,phases   ] GC(73)   Evacuate Collection Set: 17,50ms
[2024-11-16T22:50:47.782+0100][gc,phases   ] GC(73)   Post Evacuate Collection Set: 1,66ms
[2024-11-16T22:50:47.782+0100][gc,phases   ] GC(73)   Other: 0,56ms
[2024-11-16T22:50:47.782+0100][gc,heap     ] GC(73) Eden regions: 46->0(47)
[2024-11-16T22:50:47.782+0100][gc,heap     ] GC(73) Survivor regions: 5->4(7)
[2024-11-16T22:50:47.782+0100][gc,heap     ] GC(73) Old regions: 28->29
[2024-11-16T22:50:47.782+0100][gc,heap     ] GC(73) Humongous regions: 129->129
[2024-11-16T22:50:47.782+0100][gc,metaspace] GC(73) Metaspace: 53116K(53824K)->53116K(53824K) NonClass: 47172K(47552K)->47172K(47552K) Class: 5944K(6272K)->5944K(6272K)
[2024-11-16T22:50:47.783+0100][gc          ] GC(73) Pause Young (Normal) (G1 Evacuation Pause) 207M->161M(1024M) 23,349ms
[2024-11-16T22:50:47.783+0100][gc,cpu      ] GC(73) User=0,03s Sys=0,05s Real=0,03s
[2024-11-16T22:59:47.833+0100][gc,start    ] GC(74) Pause Young (Normal) (G1 Evacuation Pause)
[2024-11-16T22:59:47.837+0100][gc,task     ] GC(74) Using 8 workers of 8 for evacuation
[2024-11-16T22:59:47.878+0100][gc,mmu      ] GC(74) MMU target violated: 21,0ms (20,0ms/21,0ms)
[2024-11-16T22:59:47.878+0100][gc,phases   ] GC(74)   Pre Evacuate Collection Set: 1,85ms
[2024-11-16T22:59:47.878+0100][gc,phases   ] GC(74)   Merge Heap Roots: 1,76ms
[2024-11-16T22:59:47.878+0100][gc,phases   ] GC(74)   Evacuate Collection Set: 34,82ms
[2024-11-16T22:59:47.878+0100][gc,phases   ] GC(74)   Post Evacuate Collection Set: 1,79ms
[2024-11-16T22:59:47.879+0100][gc,phases   ] GC(74)   Other: 1,60ms
[2024-11-16T22:59:47.879+0100][gc,heap     ] GC(74) Eden regions: 47->0(47)
[2024-11-16T22:59:47.879+0100][gc,heap     ] GC(74) Survivor regions: 4->4(7)
[2024-11-16T22:59:47.879+0100][gc,heap     ] GC(74) Old regions: 29->29
[2024-11-16T22:59:47.879+0100][gc,heap     ] GC(74) Humongous regions: 129->129
[2024-11-16T22:59:47.879+0100][gc,metaspace] GC(74) Metaspace: 53118K(53824K)->53118K(53824K) NonClass: 47173K(47552K)->47173K(47552K) Class: 5944K(6272K)->5944K(6272K)
[2024-11-16T22:59:47.879+0100][gc          ] GC(74) Pause Young (Normal) (G1 Evacuation Pause) 208M->161M(1024M) 47,054ms
[2024-11-16T22:59:47.879+0100][gc,cpu      ] GC(74) User=0,03s Sys=0,09s Real=0,04s
[2024-11-16T23:24:22.822+0100][gc,start    ] GC(75) Pause Young (Normal) (G1 Evacuation Pause)
[2024-11-16T23:24:22.823+0100][gc,task     ] GC(75) Using 8 workers of 8 for evacuation
[2024-11-16T23:24:22.836+0100][gc,phases   ] GC(75)   Pre Evacuate Collection Set: 0,69ms
[2024-11-16T23:24:22.836+0100][gc,phases   ] GC(75)   Merge Heap Roots: 0,18ms
[2024-11-16T23:24:22.836+0100][gc,phases   ] GC(75)   Evacuate Collection Set: 10,56ms
[2024-11-16T23:24:22.836+0100][gc,phases   ] GC(75)   Post Evacuate Collection Set: 0,54ms
[2024-11-16T23:24:22.836+0100][gc,phases   ] GC(75)   Other: 0,66ms
[2024-11-16T23:24:22.836+0100][gc,heap     ] GC(75) Eden regions: 47->0(47)
[2024-11-16T23:24:22.836+0100][gc,heap     ] GC(75) Survivor regions: 4->4(7)
[2024-11-16T23:24:22.836+0100][gc,heap     ] GC(75) Old regions: 29->29
[2024-11-16T23:24:22.836+0100][gc,heap     ] GC(75) Humongous regions: 129->129
[2024-11-16T23:24:22.836+0100][gc,metaspace] GC(75) Metaspace: 53148K(53824K)->53148K(53824K) NonClass: 47203K(47552K)->47203K(47552K) Class: 5944K(6272K)->5944K(6272K)
[2024-11-16T23:24:22.836+0100][gc          ] GC(75) Pause Young (Normal) (G1 Evacuation Pause) 208M->161M(1024M) 14,503ms
[2024-11-16T23:24:22.836+0100][gc,cpu      ] GC(75) User=0,01s Sys=0,02s Real=0,01s
[2024-11-16T23:25:04.943+0100][gc,start    ] GC(76) Pause Young (Normal) (G1 Evacuation Pause)
[2024-11-16T23:25:04.946+0100][gc,task     ] GC(76) Using 8 workers of 8 for evacuation
[2024-11-16T23:25:05.033+0100][gc,mmu      ] GC(76) MMU target violated: 21,0ms (20,0ms/21,0ms)
[2024-11-16T23:25:05.033+0100][gc,phases   ] GC(76)   Pre Evacuate Collection Set: 2,72ms
[2024-11-16T23:25:05.033+0100][gc,phases   ] GC(76)   Merge Heap Roots: 0,61ms
[2024-11-16T23:25:05.033+0100][gc,phases   ] GC(76)   Evacuate Collection Set: 79,99ms
[2024-11-16T23:25:05.033+0100][gc,phases   ] GC(76)   Post Evacuate Collection Set: 2,89ms
[2024-11-16T23:25:05.033+0100][gc,phases   ] GC(76)   Other: 0,96ms
[2024-11-16T23:25:05.033+0100][gc,heap     ] GC(76) Eden regions: 47->0(47)
[2024-11-16T23:25:05.033+0100][gc,heap     ] GC(76) Survivor regions: 4->4(7)
[2024-11-16T23:25:05.033+0100][gc,heap     ] GC(76) Old regions: 29->29
[2024-11-16T23:25:05.033+0100][gc,heap     ] GC(76) Humongous regions: 129->129
[2024-11-16T23:25:05.033+0100][gc,metaspace] GC(76) Metaspace: 53148K(53824K)->53148K(53824K) NonClass: 47203K(47552K)->47203K(47552K) Class: 5944K(6272K)->5944K(6272K)
[2024-11-16T23:25:05.034+0100][gc          ] GC(76) Pause Young (Normal) (G1 Evacuation Pause) 208M->161M(1024M) 92,417ms
[2024-11-16T23:25:05.034+0100][gc,cpu      ] GC(76) User=0,01s Sys=0,03s Real=0,09s
[2024-11-16T23:28:00.856+0100][gc,start    ] GC(77) Pause Young (Normal) (G1 Evacuation Pause)
[2024-11-16T23:28:00.858+0100][gc,task     ] GC(77) Using 8 workers of 8 for evacuation
[2024-11-16T23:28:00.868+0100][gc,phases   ] GC(77)   Pre Evacuate Collection Set: 1,27ms
[2024-11-16T23:28:00.869+0100][gc,phases   ] GC(77)   Merge Heap Roots: 0,43ms
[2024-11-16T23:28:00.869+0100][gc,phases   ] GC(77)   Evacuate Collection Set: 7,80ms
[2024-11-16T23:28:00.869+0100][gc,phases   ] GC(77)   Post Evacuate Collection Set: 0,47ms
[2024-11-16T23:28:00.869+0100][gc,phases   ] GC(77)   Other: 0,18ms
[2024-11-16T23:28:00.869+0100][gc,heap     ] GC(77) Eden regions: 47->0(47)
[2024-11-16T23:28:00.869+0100][gc,heap     ] GC(77) Survivor regions: 4->4(7)
[2024-11-16T23:28:00.869+0100][gc,heap     ] GC(77) Old regions: 29->29
[2024-11-16T23:28:00.869+0100][gc,heap     ] GC(77) Humongous regions: 129->129
[2024-11-16T23:28:00.869+0100][gc,metaspace] GC(77) Metaspace: 53149K(53824K)->53149K(53824K) NonClass: 47204K(47552K)->47204K(47552K) Class: 5944K(6272K)->5944K(6272K)
[2024-11-16T23:28:00.869+0100][gc          ] GC(77) Pause Young (Normal) (G1 Evacuation Pause) 208M->161M(1024M) 12,182ms
[2024-11-16T23:28:00.869+0100][gc,cpu      ] GC(77) User=0,01s Sys=0,03s Real=0,01s
[2024-11-16T23:28:42.829+0100][gc,start    ] GC(78) Pause Young (Normal) (G1 Evacuation Pause)
[2024-11-16T23:28:42.829+0100][gc,task     ] GC(78) Using 8 workers of 8 for evacuation
[2024-11-16T23:28:42.845+0100][gc,phases   ] GC(78)   Pre Evacuate Collection Set: 1,31ms
[2024-11-16T23:28:42.845+0100][gc,phases   ] GC(78)   Merge Heap Roots: 0,14ms
[2024-11-16T23:28:42.845+0100][gc,phases   ] GC(78)   Evacuate Collection Set: 12,67ms
[2024-11-16T23:28:42.845+0100][gc,phases   ] GC(78)   Post Evacuate Collection Set: 1,13ms
[2024-11-16T23:28:42.845+0100][gc,phases   ] GC(78)   Other: 0,33ms
[2024-11-16T23:28:42.845+0100][gc,heap     ] GC(78) Eden regions: 47->0(47)
[2024-11-16T23:28:42.845+0100][gc,heap     ] GC(78) Survivor regions: 4->4(7)
[2024-11-16T23:28:42.845+0100][gc,heap     ] GC(78) Old regions: 29->29
[2024-11-16T23:28:42.845+0100][gc,heap     ] GC(78) Humongous regions: 129->129
[2024-11-16T23:28:42.845+0100][gc,metaspace] GC(78) Metaspace: 53151K(53824K)->53151K(53824K) NonClass: 47206K(47552K)->47206K(47552K) Class: 5944K(6272K)->5944K(6272K)
[2024-11-16T23:28:42.845+0100][gc          ] GC(78) Pause Young (Normal) (G1 Evacuation Pause) 208M->161M(1024M) 16,371ms
[2024-11-16T23:28:42.845+0100][gc,cpu      ] GC(78) User=0,01s Sys=0,03s Real=0,02s
[2024-11-16T23:34:55.428+0100][gc,start    ] GC(79) Pause Young (Normal) (G1 Evacuation Pause)
[2024-11-16T23:34:55.430+0100][gc,task     ] GC(79) Using 8 workers of 8 for evacuation
[2024-11-16T23:34:55.523+0100][gc,mmu      ] GC(79) MMU target violated: 21,0ms (20,0ms/21,0ms)
[2024-11-16T23:34:55.524+0100][gc,phases   ] GC(79)   Pre Evacuate Collection Set: 15,23ms
[2024-11-16T23:34:55.524+0100][gc,phases   ] GC(79)   Merge Heap Roots: 0,26ms
[2024-11-16T23:34:55.524+0100][gc,phases   ] GC(79)   Evacuate Collection Set: 73,57ms
[2024-11-16T23:34:55.524+0100][gc,phases   ] GC(79)   Post Evacuate Collection Set: 3,01ms
[2024-11-16T23:34:55.525+0100][gc,phases   ] GC(79)   Other: 1,46ms
[2024-11-16T23:34:55.526+0100][gc,heap     ] GC(79) Eden regions: 47->0(47)
[2024-11-16T23:34:55.526+0100][gc,heap     ] GC(79) Survivor regions: 4->4(7)
[2024-11-16T23:34:55.526+0100][gc,heap     ] GC(79) Old regions: 29->29
[2024-11-16T23:34:55.526+0100][gc,heap     ] GC(79) Humongous regions: 129->129
[2024-11-16T23:34:55.526+0100][gc,metaspace] GC(79) Metaspace: 53151K(53824K)->53151K(53824K) NonClass: 47206K(47552K)->47206K(47552K) Class: 5944K(6272K)->5944K(6272K)
[2024-11-16T23:34:55.526+0100][gc          ] GC(79) Pause Young (Normal) (G1 Evacuation Pause) 208M->161M(1024M) 98,809ms
[2024-11-16T23:34:55.526+0100][gc,cpu      ] GC(79) User=0,02s Sys=0,03s Real=0,10s
[2024-11-16T23:35:36.830+0100][gc,start    ] GC(80) Pause Young (Normal) (G1 Evacuation Pause)
[2024-11-16T23:35:36.831+0100][gc,task     ] GC(80) Using 8 workers of 8 for evacuation
[2024-11-16T23:35:36.852+0100][gc,mmu      ] GC(80) MMU target violated: 20,3ms (20,0ms/21,0ms)
[2024-11-16T23:35:36.852+0100][gc,phases   ] GC(80)   Pre Evacuate Collection Set: 1,32ms
[2024-11-16T23:35:36.852+0100][gc,phases   ] GC(80)   Merge Heap Roots: 2,72ms
[2024-11-16T23:35:36.852+0100][gc,phases   ] GC(80)   Evacuate Collection Set: 15,28ms
[2024-11-16T23:35:36.852+0100][gc,phases   ] GC(80)   Post Evacuate Collection Set: 0,80ms
[2024-11-16T23:35:36.852+0100][gc,phases   ] GC(80)   Other: 0,41ms
[2024-11-16T23:35:36.852+0100][gc,heap     ] GC(80) Eden regions: 47->0(47)
[2024-11-16T23:35:36.852+0100][gc,heap     ] GC(80) Survivor regions: 4->4(7)
[2024-11-16T23:35:36.852+0100][gc,heap     ] GC(80) Old regions: 29->29
[2024-11-16T23:35:36.852+0100][gc,heap     ] GC(80) Humongous regions: 129->129
[2024-11-16T23:35:36.852+0100][gc,metaspace] GC(80) Metaspace: 53151K(53824K)->53151K(53824K) NonClass: 47206K(47552K)->47206K(47552K) Class: 5944K(6272K)->5944K(6272K)
[2024-11-16T23:35:36.852+0100][gc          ] GC(80) Pause Young (Normal) (G1 Evacuation Pause) 208M->161M(1024M) 22,177ms
[2024-11-16T23:35:36.852+0100][gc,cpu      ] GC(80) User=0,03s Sys=0,05s Real=0,02s
[2024-11-16T23:47:24.717+0100][gc,start    ] GC(81) Pause Young (Normal) (G1 Evacuation Pause)
[2024-11-16T23:47:24.719+0100][gc,task     ] GC(81) Using 8 workers of 8 for evacuation
[2024-11-16T23:47:24.737+0100][gc,phases   ] GC(81)   Pre Evacuate Collection Set: 2,02ms
[2024-11-16T23:47:24.737+0100][gc,phases   ] GC(81)   Merge Heap Roots: 0,49ms
[2024-11-16T23:47:24.737+0100][gc,phases   ] GC(81)   Evacuate Collection Set: 14,76ms
[2024-11-16T23:47:24.737+0100][gc,phases   ] GC(81)   Post Evacuate Collection Set: 0,73ms
[2024-11-16T23:47:24.737+0100][gc,phases   ] GC(81)   Other: 0,56ms
[2024-11-16T23:47:24.737+0100][gc,heap     ] GC(81) Eden regions: 47->0(47)
[2024-11-16T23:47:24.737+0100][gc,heap     ] GC(81) Survivor regions: 4->4(7)
[2024-11-16T23:47:24.737+0100][gc,heap     ] GC(81) Old regions: 29->29
[2024-11-16T23:47:24.738+0100][gc,heap     ] GC(81) Humongous regions: 129->129
[2024-11-16T23:47:24.738+0100][gc,metaspace] GC(81) Metaspace: 53156K(53824K)->53156K(53824K) NonClass: 47212K(47552K)->47212K(47552K) Class: 5944K(6272K)->5944K(6272K)
[2024-11-16T23:47:24.738+0100][gc          ] GC(81) Pause Young (Normal) (G1 Evacuation Pause) 208M->161M(1024M) 22,059ms
[2024-11-16T23:47:24.738+0100][gc,cpu      ] GC(81) User=0,02s Sys=0,04s Real=0,02s
[2024-11-16T23:48:05.253+0100][gc,start    ] GC(82) Pause Young (Normal) (G1 Evacuation Pause)
[2024-11-16T23:48:05.256+0100][gc,task     ] GC(82) Using 8 workers of 8 for evacuation
[2024-11-16T23:48:05.275+0100][gc,phases   ] GC(82)   Pre Evacuate Collection Set: 2,26ms
[2024-11-16T23:48:05.275+0100][gc,phases   ] GC(82)   Merge Heap Roots: 0,62ms
[2024-11-16T23:48:05.275+0100][gc,phases   ] GC(82)   Evacuate Collection Set: 15,88ms
[2024-11-16T23:48:05.275+0100][gc,phases   ] GC(82)   Post Evacuate Collection Set: 0,68ms
[2024-11-16T23:48:05.275+0100][gc,phases   ] GC(82)   Other: 0,31ms
[2024-11-16T23:48:05.275+0100][gc,heap     ] GC(82) Eden regions: 47->0(47)
[2024-11-16T23:48:05.275+0100][gc,heap     ] GC(82) Survivor regions: 4->4(7)
[2024-11-16T23:48:05.275+0100][gc,heap     ] GC(82) Old regions: 29->29
[2024-11-16T23:48:05.275+0100][gc,heap     ] GC(82) Humongous regions: 129->129
[2024-11-16T23:48:05.275+0100][gc,metaspace] GC(82) Metaspace: 53156K(53824K)->53156K(53824K) NonClass: 47212K(47552K)->47212K(47552K) Class: 5944K(6272K)->5944K(6272K)
[2024-11-16T23:48:05.275+0100][gc          ] GC(82) Pause Young (Normal) (G1 Evacuation Pause) 208M->161M(1024M) 21,877ms
[2024-11-16T23:48:05.275+0100][gc,cpu      ] GC(82) User=0,02s Sys=0,04s Real=0,02s
[2024-11-16T23:53:29.123+0100][gc,start    ] GC(83) Pause Young (Normal) (G1 Evacuation Pause)
[2024-11-16T23:53:29.125+0100][gc,task     ] GC(83) Using 8 workers of 8 for evacuation
[2024-11-16T23:53:29.160+0100][gc,mmu      ] GC(83) MMU target violated: 21,0ms (20,0ms/21,0ms)
[2024-11-16T23:53:29.161+0100][gc,phases   ] GC(83)   Pre Evacuate Collection Set: 1,54ms
[2024-11-16T23:53:29.161+0100][gc,phases   ] GC(83)   Merge Heap Roots: 0,32ms
[2024-11-16T23:53:29.161+0100][gc,phases   ] GC(83)   Evacuate Collection Set: 32,50ms
[2024-11-16T23:53:29.161+0100][gc,phases   ] GC(83)   Post Evacuate Collection Set: 0,65ms
[2024-11-16T23:53:29.161+0100][gc,phases   ] GC(83)   Other: 0,79ms
[2024-11-16T23:53:29.161+0100][gc,heap     ] GC(83) Eden regions: 47->0(47)
[2024-11-16T23:53:29.161+0100][gc,heap     ] GC(83) Survivor regions: 4->4(7)
[2024-11-16T23:53:29.161+0100][gc,heap     ] GC(83) Old regions: 29->29
[2024-11-16T23:53:29.161+0100][gc,heap     ] GC(83) Humongous regions: 129->129
[2024-11-16T23:53:29.161+0100][gc,metaspace] GC(83) Metaspace: 53163K(53824K)->53163K(53824K) NonClass: 47219K(47552K)->47219K(47552K) Class: 5944K(6272K)->5944K(6272K)
[2024-11-16T23:53:29.161+0100][gc          ] GC(83) Pause Young (Normal) (G1 Evacuation Pause) 208M->161M(1024M) 39,133ms
[2024-11-16T23:53:29.161+0100][gc,cpu      ] GC(83) User=0,02s Sys=0,06s Real=0,04s
[2024-11-16T23:55:24.621+0100][gc,start    ] GC(84) Pause Young (Normal) (G1 Evacuation Pause)
[2024-11-16T23:55:24.622+0100][gc,task     ] GC(84) Using 8 workers of 8 for evacuation
[2024-11-16T23:55:24.637+0100][gc,phases   ] GC(84)   Pre Evacuate Collection Set: 0,78ms
[2024-11-16T23:55:24.637+0100][gc,phases   ] GC(84)   Merge Heap Roots: 0,15ms
[2024-11-16T23:55:24.637+0100][gc,phases   ] GC(84)   Evacuate Collection Set: 13,28ms
[2024-11-16T23:55:24.637+0100][gc,phases   ] GC(84)   Post Evacuate Collection Set: 0,54ms
[2024-11-16T23:55:24.637+0100][gc,phases   ] GC(84)   Other: 0,45ms
[2024-11-16T23:55:24.637+0100][gc,heap     ] GC(84) Eden regions: 47->0(47)
[2024-11-16T23:55:24.637+0100][gc,heap     ] GC(84) Survivor regions: 4->4(7)
[2024-11-16T23:55:24.637+0100][gc,heap     ] GC(84) Old regions: 29->29
[2024-11-16T23:55:24.637+0100][gc,heap     ] GC(84) Humongous regions: 129->129
[2024-11-16T23:55:24.637+0100][gc,metaspace] GC(84) Metaspace: 53164K(53824K)->53164K(53824K) NonClass: 47219K(47552K)->47219K(47552K) Class: 5944K(6272K)->5944K(6272K)
[2024-11-16T23:55:24.637+0100][gc          ] GC(84) Pause Young (Normal) (G1 Evacuation Pause) 208M->161M(1024M) 16,868ms
[2024-11-16T23:55:24.637+0100][gc,cpu      ] GC(84) User=0,01s Sys=0,03s Real=0,01s
[2024-11-16T23:56:07.437+0100][gc,start    ] GC(85) Pause Young (Normal) (G1 Evacuation Pause)
[2024-11-16T23:56:07.439+0100][gc,task     ] GC(85) Using 8 workers of 8 for evacuation
[2024-11-16T23:56:07.456+0100][gc,phases   ] GC(85)   Pre Evacuate Collection Set: 1,43ms
[2024-11-16T23:56:07.456+0100][gc,phases   ] GC(85)   Merge Heap Roots: 0,23ms
[2024-11-16T23:56:07.456+0100][gc,phases   ] GC(85)   Evacuate Collection Set: 13,98ms
[2024-11-16T23:56:07.456+0100][gc,phases   ] GC(85)   Post Evacuate Collection Set: 0,78ms
[2024-11-16T23:56:07.456+0100][gc,phases   ] GC(85)   Other: 0,84ms
[2024-11-16T23:56:07.456+0100][gc,heap     ] GC(85) Eden regions: 47->0(47)
[2024-11-16T23:56:07.456+0100][gc,heap     ] GC(85) Survivor regions: 4->4(7)
[2024-11-16T23:56:07.456+0100][gc,heap     ] GC(85) Old regions: 29->29
[2024-11-16T23:56:07.456+0100][gc,heap     ] GC(85) Humongous regions: 129->129
[2024-11-16T23:56:07.456+0100][gc,metaspace] GC(85) Metaspace: 53164K(53824K)->53164K(53824K) NonClass: 47219K(47552K)->47219K(47552K) Class: 5944K(6272K)->5944K(6272K)
[2024-11-16T23:56:07.456+0100][gc          ] GC(85) Pause Young (Normal) (G1 Evacuation Pause) 208M->161M(1024M) 18,854ms
[2024-11-16T23:56:07.456+0100][gc,cpu      ] GC(85) User=0,02s Sys=0,04s Real=0,02s
[2024-11-17T00:03:45.992+0100][gc,start    ] GC(86) Pause Young (Normal) (G1 Evacuation Pause)
[2024-11-17T00:03:45.996+0100][gc,task     ] GC(86) Using 8 workers of 8 for evacuation
[2024-11-17T00:03:46.027+0100][gc,mmu      ] GC(86) MMU target violated: 21,0ms (20,0ms/21,0ms)
[2024-11-17T00:03:46.028+0100][gc,phases   ] GC(86)   Pre Evacuate Collection Set: 1,41ms
[2024-11-17T00:03:46.028+0100][gc,phases   ] GC(86)   Merge Heap Roots: 0,96ms
[2024-11-17T00:03:46.028+0100][gc,phases   ] GC(86)   Evacuate Collection Set: 25,72ms
[2024-11-17T00:03:46.028+0100][gc,phases   ] GC(86)   Post Evacuate Collection Set: 2,25ms
[2024-11-17T00:03:46.028+0100][gc,phases   ] GC(86)   Other: 1,99ms
[2024-11-17T00:03:46.028+0100][gc,heap     ] GC(86) Eden regions: 47->0(47)
[2024-11-17T00:03:46.028+0100][gc,heap     ] GC(86) Survivor regions: 4->4(7)
[2024-11-17T00:03:46.028+0100][gc,heap     ] GC(86) Old regions: 29->29
[2024-11-17T00:03:46.028+0100][gc,heap     ] GC(86) Humongous regions: 129->129
[2024-11-17T00:03:46.028+0100][gc,metaspace] GC(86) Metaspace: 53165K(53824K)->53165K(53824K) NonClass: 47220K(47552K)->47220K(47552K) Class: 5944K(6272K)->5944K(6272K)
[2024-11-17T00:03:46.029+0100][gc          ] GC(86) Pause Young (Normal) (G1 Evacuation Pause) 208M->161M(1024M) 36,782ms
[2024-11-17T00:03:46.029+0100][gc,cpu      ] GC(86) User=0,02s Sys=0,08s Real=0,03s
[2024-11-17T00:07:09.562+0100][gc,start    ] GC(87) Pause Young (Normal) (G1 Evacuation Pause)
[2024-11-17T00:07:09.563+0100][gc,task     ] GC(87) Using 8 workers of 8 for evacuation
[2024-11-17T00:07:09.575+0100][gc,phases   ] GC(87)   Pre Evacuate Collection Set: 0,89ms
[2024-11-17T00:07:09.575+0100][gc,phases   ] GC(87)   Merge Heap Roots: 0,19ms
[2024-11-17T00:07:09.575+0100][gc,phases   ] GC(87)   Evacuate Collection Set: 8,31ms
[2024-11-17T00:07:09.575+0100][gc,phases   ] GC(87)   Post Evacuate Collection Set: 2,10ms
[2024-11-17T00:07:09.575+0100][gc,phases   ] GC(87)   Other: 0,18ms
[2024-11-17T00:07:09.575+0100][gc,heap     ] GC(87) Eden regions: 47->0(145)
[2024-11-17T00:07:09.575+0100][gc,heap     ] GC(87) Survivor regions: 4->2(7)
[2024-11-17T00:07:09.575+0100][gc,heap     ] GC(87) Old regions: 29->31
[2024-11-17T00:07:09.575+0100][gc,heap     ] GC(87) Humongous regions: 129->129
[2024-11-17T00:07:09.575+0100][gc,metaspace] GC(87) Metaspace: 53165K(53824K)->53165K(53824K) NonClass: 47220K(47552K)->47220K(47552K) Class: 5944K(6272K)->5944K(6272K)
[2024-11-17T00:07:09.575+0100][gc          ] GC(87) Pause Young (Normal) (G1 Evacuation Pause) 208M->161M(1024M) 14,011ms
[2024-11-17T00:07:09.575+0100][gc,cpu      ] GC(87) User=0,01s Sys=0,03s Real=0,01s
[2024-11-17T00:10:13.337+0100][gc,start    ] GC(88) Pause Young (Normal) (G1 Evacuation Pause)
[2024-11-17T00:10:13.338+0100][gc,task     ] GC(88) Using 8 workers of 8 for evacuation
[2024-11-17T00:10:13.381+0100][gc,mmu      ] GC(88) MMU target violated: 21,0ms (20,0ms/21,0ms)
[2024-11-17T00:10:13.381+0100][gc,phases   ] GC(88)   Pre Evacuate Collection Set: 1,71ms
[2024-11-17T00:10:13.381+0100][gc,phases   ] GC(88)   Merge Heap Roots: 0,14ms
[2024-11-17T00:10:13.381+0100][gc,phases   ] GC(88)   Evacuate Collection Set: 37,28ms
[2024-11-17T00:10:13.381+0100][gc,phases   ] GC(88)   Post Evacuate Collection Set: 3,17ms
[2024-11-17T00:10:13.381+0100][gc,phases   ] GC(88)   Other: 0,43ms
[2024-11-17T00:10:13.381+0100][gc,heap     ] GC(88) Eden regions: 176->0(49)
[2024-11-17T00:10:13.381+0100][gc,heap     ] GC(88) Survivor regions: 2->2(23)
[2024-11-17T00:10:13.381+0100][gc,heap     ] GC(88) Old regions: 31->31
[2024-11-17T00:10:13.381+0100][gc,heap     ] GC(88) Humongous regions: 129->129
[2024-11-17T00:10:13.381+0100][gc,metaspace] GC(88) Metaspace: 53165K(53824K)->53165K(53824K) NonClass: 47220K(47552K)->47220K(47552K) Class: 5944K(6272K)->5944K(6272K)
[2024-11-17T00:10:13.382+0100][gc          ] GC(88) Pause Young (Normal) (G1 Evacuation Pause) 337M->161M(1024M) 46,479ms
[2024-11-17T00:10:13.382+0100][gc,cpu      ] GC(88) User=0,02s Sys=0,11s Real=0,05s
[2024-11-17T00:11:42.055+0100][gc,start    ] GC(89) Pause Young (Normal) (G1 Evacuation Pause)
[2024-11-17T00:11:42.057+0100][gc,task     ] GC(89) Using 8 workers of 8 for evacuation
[2024-11-17T00:11:42.066+0100][gc,phases   ] GC(89)   Pre Evacuate Collection Set: 0,99ms
[2024-11-17T00:11:42.066+0100][gc,phases   ] GC(89)   Merge Heap Roots: 0,23ms
[2024-11-17T00:11:42.066+0100][gc,phases   ] GC(89)   Evacuate Collection Set: 6,76ms
[2024-11-17T00:11:42.066+0100][gc,phases   ] GC(89)   Post Evacuate Collection Set: 0,70ms
[2024-11-17T00:11:42.066+0100][gc,phases   ] GC(89)   Other: 0,21ms
[2024-11-17T00:11:42.066+0100][gc,heap     ] GC(89) Eden regions: 49->0(47)
[2024-11-17T00:11:42.066+0100][gc,heap     ] GC(89) Survivor regions: 2->4(7)
[2024-11-17T00:11:42.066+0100][gc,heap     ] GC(89) Old regions: 31->31
[2024-11-17T00:11:42.066+0100][gc,heap     ] GC(89) Humongous regions: 129->129
[2024-11-17T00:11:42.066+0100][gc,metaspace] GC(89) Metaspace: 53169K(53888K)->53169K(53888K) NonClass: 47224K(47616K)->47224K(47616K) Class: 5944K(6272K)->5944K(6272K)
[2024-11-17T00:11:42.066+0100][gc          ] GC(89) Pause Young (Normal) (G1 Evacuation Pause) 210M->163M(1024M) 10,971ms
[2024-11-17T00:11:42.066+0100][gc,cpu      ] GC(89) User=0,02s Sys=0,02s Real=0,01s
[2024-11-17T00:25:55.473+0100][gc,start    ] GC(90) Pause Young (Normal) (G1 Evacuation Pause)
[2024-11-17T00:25:55.479+0100][gc,task     ] GC(90) Using 8 workers of 8 for evacuation
[2024-11-17T00:25:55.506+0100][gc,mmu      ] GC(90) MMU target violated: 21,0ms (20,0ms/21,0ms)
[2024-11-17T00:25:55.507+0100][gc,phases   ] GC(90)   Pre Evacuate Collection Set: 2,02ms
[2024-11-17T00:25:55.507+0100][gc,phases   ] GC(90)   Merge Heap Roots: 0,94ms
[2024-11-17T00:25:55.507+0100][gc,phases   ] GC(90)   Evacuate Collection Set: 20,88ms
[2024-11-17T00:25:55.507+0100][gc,phases   ] GC(90)   Post Evacuate Collection Set: 2,43ms
[2024-11-17T00:25:55.508+0100][gc,phases   ] GC(90)   Other: 1,86ms
[2024-11-17T00:25:55.508+0100][gc,heap     ] GC(90) Eden regions: 47->0(47)
[2024-11-17T00:25:55.508+0100][gc,heap     ] GC(90) Survivor regions: 4->4(7)
[2024-11-17T00:25:55.508+0100][gc,heap     ] GC(90) Old regions: 31->31
[2024-11-17T00:25:55.508+0100][gc,heap     ] GC(90) Humongous regions: 129->129
[2024-11-17T00:25:55.508+0100][gc,metaspace] GC(90) Metaspace: 53170K(53888K)->53170K(53888K) NonClass: 47225K(47616K)->47225K(47616K) Class: 5944K(6272K)->5944K(6272K)
[2024-11-17T00:25:55.509+0100][gc          ] GC(90) Pause Young (Normal) (G1 Evacuation Pause) 210M->163M(1024M) 35,853ms
[2024-11-17T00:25:55.509+0100][gc,cpu      ] GC(90) User=0,02s Sys=0,07s Real=0,03s
[2024-11-17T00:54:14.950+0100][gc,start    ] GC(91) Pause Young (Normal) (G1 Evacuation Pause)
[2024-11-17T00:54:14.951+0100][gc,task     ] GC(91) Using 8 workers of 8 for evacuation
[2024-11-17T00:54:14.964+0100][gc,phases   ] GC(91)   Pre Evacuate Collection Set: 0,92ms
[2024-11-17T00:54:14.964+0100][gc,phases   ] GC(91)   Merge Heap Roots: 0,22ms
[2024-11-17T00:54:14.964+0100][gc,phases   ] GC(91)   Evacuate Collection Set: 9,93ms
[2024-11-17T00:54:14.964+0100][gc,phases   ] GC(91)   Post Evacuate Collection Set: 0,64ms
[2024-11-17T00:54:14.964+0100][gc,phases   ] GC(91)   Other: 0,39ms
[2024-11-17T00:54:14.964+0100][gc,heap     ] GC(91) Eden regions: 47->0(47)
[2024-11-17T00:54:14.964+0100][gc,heap     ] GC(91) Survivor regions: 4->4(7)
[2024-11-17T00:54:14.964+0100][gc,heap     ] GC(91) Old regions: 31->31
[2024-11-17T00:54:14.964+0100][gc,heap     ] GC(91) Humongous regions: 129->129
[2024-11-17T00:54:14.964+0100][gc,metaspace] GC(91) Metaspace: 53182K(53888K)->53182K(53888K) NonClass: 47238K(47616K)->47238K(47616K) Class: 5944K(6272K)->5944K(6272K)
[2024-11-17T00:54:14.964+0100][gc          ] GC(91) Pause Young (Normal) (G1 Evacuation Pause) 210M->163M(1024M) 13,418ms
[2024-11-17T00:54:14.964+0100][gc,cpu      ] GC(91) User=0,01s Sys=0,03s Real=0,01s
[2024-11-17T00:55:00.068+0100][gc,start    ] GC(92) Pause Young (Normal) (G1 Evacuation Pause)
[2024-11-17T00:55:00.069+0100][gc,task     ] GC(92) Using 8 workers of 8 for evacuation
[2024-11-17T00:55:00.088+0100][gc,phases   ] GC(92)   Pre Evacuate Collection Set: 1,62ms
[2024-11-17T00:55:00.088+0100][gc,phases   ] GC(92)   Merge Heap Roots: 0,25ms
[2024-11-17T00:55:00.088+0100][gc,phases   ] GC(92)   Evacuate Collection Set: 15,74ms
[2024-11-17T00:55:00.088+0100][gc,phases   ] GC(92)   Post Evacuate Collection Set: 0,86ms
[2024-11-17T00:55:00.088+0100][gc,phases   ] GC(92)   Other: 0,62ms
[2024-11-17T00:55:00.088+0100][gc,heap     ] GC(92) Eden regions: 47->0(47)
[2024-11-17T00:55:00.088+0100][gc,heap     ] GC(92) Survivor regions: 4->4(7)
[2024-11-17T00:55:00.088+0100][gc,heap     ] GC(92) Old regions: 31->31
[2024-11-17T00:55:00.088+0100][gc,heap     ] GC(92) Humongous regions: 129->129
[2024-11-17T00:55:00.088+0100][gc,metaspace] GC(92) Metaspace: 53183K(53888K)->53183K(53888K) NonClass: 47238K(47616K)->47238K(47616K) Class: 5944K(6272K)->5944K(6272K)
[2024-11-17T00:55:00.089+0100][gc          ] GC(92) Pause Young (Normal) (G1 Evacuation Pause) 210M->163M(1024M) 20,268ms
[2024-11-17T00:55:00.089+0100][gc,cpu      ] GC(92) User=0,02s Sys=0,04s Real=0,02s
[2024-11-17T01:22:06.527+0100][gc,start    ] GC(93) Pause Young (Normal) (G1 Evacuation Pause)
[2024-11-17T01:22:06.536+0100][gc,task     ] GC(93) Using 8 workers of 8 for evacuation
[2024-11-17T01:22:06.560+0100][gc,mmu      ] GC(93) MMU target violated: 21,0ms (20,0ms/21,0ms)
[2024-11-17T01:22:06.561+0100][gc,phases   ] GC(93)   Pre Evacuate Collection Set: 2,32ms
[2024-11-17T01:22:06.561+0100][gc,phases   ] GC(93)   Merge Heap Roots: 0,67ms
[2024-11-17T01:22:06.561+0100][gc,phases   ] GC(93)   Evacuate Collection Set: 17,70ms
[2024-11-17T01:22:06.561+0100][gc,phases   ] GC(93)   Post Evacuate Collection Set: 2,04ms
[2024-11-17T01:22:06.561+0100][gc,phases   ] GC(93)   Other: 2,37ms
[2024-11-17T01:22:06.561+0100][gc,heap     ] GC(93) Eden regions: 47->0(47)
[2024-11-17T01:22:06.561+0100][gc,heap     ] GC(93) Survivor regions: 4->4(7)
[2024-11-17T01:22:06.561+0100][gc,heap     ] GC(93) Old regions: 31->31
[2024-11-17T01:22:06.561+0100][gc,heap     ] GC(93) Humongous regions: 129->129
[2024-11-17T01:22:06.561+0100][gc,metaspace] GC(93) Metaspace: 53183K(53888K)->53183K(53888K) NonClass: 47238K(47616K)->47238K(47616K) Class: 5944K(6272K)->5944K(6272K)
[2024-11-17T01:22:06.562+0100][gc          ] GC(93) Pause Young (Normal) (G1 Evacuation Pause) 210M->163M(1024M) 35,240ms
[2024-11-17T01:22:06.562+0100][gc,cpu      ] GC(93) User=0,02s Sys=0,07s Real=0,04s
[2024-11-17T01:32:01.223+0100][gc,start    ] GC(94) Pause Young (Normal) (G1 Evacuation Pause)
[2024-11-17T01:32:01.224+0100][gc,task     ] GC(94) Using 8 workers of 8 for evacuation
[2024-11-17T01:32:01.245+0100][gc,mmu      ] GC(94) MMU target violated: 20,4ms (20,0ms/21,0ms)
[2024-11-17T01:32:01.245+0100][gc,phases   ] GC(94)   Pre Evacuate Collection Set: 1,58ms
[2024-11-17T01:32:01.245+0100][gc,phases   ] GC(94)   Merge Heap Roots: 0,36ms
[2024-11-17T01:32:01.245+0100][gc,phases   ] GC(94)   Evacuate Collection Set: 15,14ms
[2024-11-17T01:32:01.245+0100][gc,phases   ] GC(94)   Post Evacuate Collection Set: 1,09ms
[2024-11-17T01:32:01.245+0100][gc,phases   ] GC(94)   Other: 2,50ms
[2024-11-17T01:32:01.245+0100][gc,heap     ] GC(94) Eden regions: 47->0(47)
[2024-11-17T01:32:01.245+0100][gc,heap     ] GC(94) Survivor regions: 4->4(7)
[2024-11-17T01:32:01.245+0100][gc,heap     ] GC(94) Old regions: 31->31
[2024-11-17T01:32:01.245+0100][gc,heap     ] GC(94) Humongous regions: 129->129
[2024-11-17T01:32:01.245+0100][gc,metaspace] GC(94) Metaspace: 53184K(53888K)->53184K(53888K) NonClass: 47239K(47616K)->47239K(47616K) Class: 5944K(6272K)->5944K(6272K)
[2024-11-17T01:32:01.245+0100][gc          ] GC(94) Pause Young (Normal) (G1 Evacuation Pause) 210M->163M(1024M) 22,142ms
[2024-11-17T01:32:01.245+0100][gc,cpu      ] GC(94) User=0,02s Sys=0,04s Real=0,02s
[2024-11-17T01:32:39.708+0100][gc,start    ] GC(95) Pause Young (Normal) (G1 Evacuation Pause)
[2024-11-17T01:32:39.709+0100][gc,task     ] GC(95) Using 8 workers of 8 for evacuation
[2024-11-17T01:32:39.720+0100][gc,phases   ] GC(95)   Pre Evacuate Collection Set: 0,73ms
[2024-11-17T01:32:39.720+0100][gc,phases   ] GC(95)   Merge Heap Roots: 0,12ms
[2024-11-17T01:32:39.720+0100][gc,phases   ] GC(95)   Evacuate Collection Set: 9,16ms
[2024-11-17T01:32:39.720+0100][gc,phases   ] GC(95)   Post Evacuate Collection Set: 0,57ms
[2024-11-17T01:32:39.720+0100][gc,phases   ] GC(95)   Other: 0,28ms
[2024-11-17T01:32:39.720+0100][gc,heap     ] GC(95) Eden regions: 47->0(53)
[2024-11-17T01:32:39.720+0100][gc,heap     ] GC(95) Survivor regions: 4->4(7)
[2024-11-17T01:32:39.720+0100][gc,heap     ] GC(95) Old regions: 31->31
[2024-11-17T01:32:39.720+0100][gc,heap     ] GC(95) Humongous regions: 129->129
[2024-11-17T01:32:39.720+0100][gc,metaspace] GC(95) Metaspace: 53184K(53888K)->53184K(53888K) NonClass: 47239K(47616K)->47239K(47616K) Class: 5944K(6272K)->5944K(6272K)
[2024-11-17T01:32:39.720+0100][gc          ] GC(95) Pause Young (Normal) (G1 Evacuation Pause) 210M->163M(1024M) 12,323ms
[2024-11-17T01:32:39.720+0100][gc,cpu      ] GC(95) User=0,03s Sys=0,01s Real=0,02s
[2024-11-17T01:44:17.390+0100][gc,start    ] GC(96) Pause Young (Normal) (G1 Evacuation Pause)
[2024-11-17T01:44:17.391+0100][gc,task     ] GC(96) Using 8 workers of 8 for evacuation
[2024-11-17T01:44:17.402+0100][gc,phases   ] GC(96)   Pre Evacuate Collection Set: 0,89ms
[2024-11-17T01:44:17.402+0100][gc,phases   ] GC(96)   Merge Heap Roots: 0,18ms
[2024-11-17T01:44:17.402+0100][gc,phases   ] GC(96)   Evacuate Collection Set: 8,61ms
[2024-11-17T01:44:17.402+0100][gc,phases   ] GC(96)   Post Evacuate Collection Set: 0,71ms
[2024-11-17T01:44:17.403+0100][gc,phases   ] GC(96)   Other: 0,20ms
[2024-11-17T01:44:17.403+0100][gc,heap     ] GC(96) Eden regions: 53->0(102)
[2024-11-17T01:44:17.403+0100][gc,heap     ] GC(96) Survivor regions: 4->4(8)
[2024-11-17T01:44:17.403+0100][gc,heap     ] GC(96) Old regions: 31->31
[2024-11-17T01:44:17.403+0100][gc,heap     ] GC(96) Humongous regions: 129->129
[2024-11-17T01:44:17.403+0100][gc,metaspace] GC(96) Metaspace: 53184K(53888K)->53184K(53888K) NonClass: 47239K(47616K)->47239K(47616K) Class: 5944K(6272K)->5944K(6272K)
[2024-11-17T01:44:17.403+0100][gc          ] GC(96) Pause Young (Normal) (G1 Evacuation Pause) 216M->163M(1024M) 12,354ms
[2024-11-17T01:44:17.403+0100][gc,cpu      ] GC(96) User=0,01s Sys=0,02s Real=0,01s
[2024-11-17T01:49:17.584+0100][gc,start    ] GC(97) Pause Young (Normal) (G1 Evacuation Pause)
[2024-11-17T01:49:17.585+0100][gc,task     ] GC(97) Using 8 workers of 8 for evacuation
[2024-11-17T01:49:17.595+0100][gc,phases   ] GC(97)   Pre Evacuate Collection Set: 0,84ms
[2024-11-17T01:49:17.595+0100][gc,phases   ] GC(97)   Merge Heap Roots: 0,20ms
[2024-11-17T01:49:17.595+0100][gc,phases   ] GC(97)   Evacuate Collection Set: 8,35ms
[2024-11-17T01:49:17.595+0100][gc,phases   ] GC(97)   Post Evacuate Collection Set: 0,64ms
[2024-11-17T01:49:17.595+0100][gc,phases   ] GC(97)   Other: 0,12ms
[2024-11-17T01:49:17.595+0100][gc,heap     ] GC(97) Eden regions: 103->0(163)
[2024-11-17T01:49:17.595+0100][gc,heap     ] GC(97) Survivor regions: 4->4(14)
[2024-11-17T01:49:17.595+0100][gc,heap     ] GC(97) Old regions: 31->31
[2024-11-17T01:49:17.595+0100][gc,heap     ] GC(97) Humongous regions: 129->129
[2024-11-17T01:49:17.595+0100][gc,metaspace] GC(97) Metaspace: 53184K(53888K)->53184K(53888K) NonClass: 47240K(47616K)->47240K(47616K) Class: 5944K(6272K)->5944K(6272K)
[2024-11-17T01:49:17.595+0100][gc          ] GC(97) Pause Young (Normal) (G1 Evacuation Pause) 266M->163M(1024M) 10,795ms
[2024-11-17T01:49:17.595+0100][gc,cpu      ] GC(97) User=0,02s Sys=0,03s Real=0,01s
[2024-11-17T01:53:00.317+0100][gc,start    ] GC(98) Pause Young (Normal) (G1 Evacuation Pause)
[2024-11-17T01:53:00.318+0100][gc,task     ] GC(98) Using 8 workers of 8 for evacuation
[2024-11-17T01:53:00.333+0100][gc,phases   ] GC(98)   Pre Evacuate Collection Set: 1,24ms
[2024-11-17T01:53:00.333+0100][gc,phases   ] GC(98)   Merge Heap Roots: 0,28ms
[2024-11-17T01:53:00.333+0100][gc,phases   ] GC(98)   Evacuate Collection Set: 11,97ms
[2024-11-17T01:53:00.333+0100][gc,phases   ] GC(98)   Post Evacuate Collection Set: 1,05ms
[2024-11-17T01:53:00.333+0100][gc,phases   ] GC(98)   Other: 0,31ms
[2024-11-17T01:53:00.333+0100][gc,heap     ] GC(98) Eden regions: 163->0(267)
[2024-11-17T01:53:00.333+0100][gc,heap     ] GC(98) Survivor regions: 4->4(21)
[2024-11-17T01:53:00.333+0100][gc,heap     ] GC(98) Old regions: 31->31
[2024-11-17T01:53:00.333+0100][gc,heap     ] GC(98) Humongous regions: 129->129
[2024-11-17T01:53:00.333+0100][gc,metaspace] GC(98) Metaspace: 53185K(53888K)->53185K(53888K) NonClass: 47240K(47616K)->47240K(47616K) Class: 5944K(6272K)->5944K(6272K)
[2024-11-17T01:53:00.333+0100][gc          ] GC(98) Pause Young (Normal) (G1 Evacuation Pause) 326M->163M(1024M) 16,412ms
[2024-11-17T01:53:00.334+0100][gc,cpu      ] GC(98) User=0,02s Sys=0,03s Real=0,02s
[2024-11-17T01:57:25.194+0100][gc,start    ] GC(99) Pause Young (Normal) (G1 Evacuation Pause)
[2024-11-17T01:57:25.196+0100][gc,task     ] GC(99) Using 8 workers of 8 for evacuation
[2024-11-17T01:57:25.218+0100][gc,mmu      ] GC(99) MMU target violated: 21,0ms (20,0ms/21,0ms)
[2024-11-17T01:57:25.218+0100][gc,phases   ] GC(99)   Pre Evacuate Collection Set: 2,39ms
[2024-11-17T01:57:25.218+0100][gc,phases   ] GC(99)   Merge Heap Roots: 0,44ms
[2024-11-17T01:57:25.218+0100][gc,phases   ] GC(99)   Evacuate Collection Set: 17,48ms
[2024-11-17T01:57:25.218+0100][gc,phases   ] GC(99)   Post Evacuate Collection Set: 1,20ms
[2024-11-17T01:57:25.218+0100][gc,phases   ] GC(99)   Other: 0,63ms
[2024-11-17T01:57:25.218+0100][gc,heap     ] GC(99) Eden regions: 269->0(222)
[2024-11-17T01:57:25.218+0100][gc,heap     ] GC(99) Survivor regions: 4->4(35)
[2024-11-17T01:57:25.218+0100][gc,heap     ] GC(99) Old regions: 31->31
[2024-11-17T01:57:25.218+0100][gc,heap     ] GC(99) Humongous regions: 129->129
[2024-11-17T01:57:25.218+0100][gc,metaspace] GC(99) Metaspace: 53202K(53952K)->53202K(53952K) NonClass: 47258K(47680K)->47258K(47680K) Class: 5944K(6272K)->5944K(6272K)
[2024-11-17T01:57:25.218+0100][gc          ] GC(99) Pause Young (Normal) (G1 Evacuation Pause) 432M->163M(1024M) 25,766ms
[2024-11-17T01:57:25.218+0100][gc,cpu      ] GC(99) User=0,02s Sys=0,06s Real=0,02s
[2024-11-17T02:00:26.895+0100][gc,start    ] GC(100) Pause Young (Normal) (G1 Evacuation Pause)
[2024-11-17T02:00:26.899+0100][gc,task     ] GC(100) Using 8 workers of 8 for evacuation
[2024-11-17T02:00:26.926+0100][gc,mmu      ] GC(100) MMU target violated: 21,0ms (20,0ms/21,0ms)
[2024-11-17T02:00:26.927+0100][gc,phases   ] GC(100)   Pre Evacuate Collection Set: 1,92ms
[2024-11-17T02:00:26.927+0100][gc,phases   ] GC(100)   Merge Heap Roots: 0,37ms
[2024-11-17T02:00:26.927+0100][gc,phases   ] GC(100)   Evacuate Collection Set: 23,54ms
[2024-11-17T02:00:26.927+0100][gc,phases   ] GC(100)   Post Evacuate Collection Set: 1,36ms
[2024-11-17T02:00:26.927+0100][gc,phases   ] GC(100)   Other: 0,60ms
[2024-11-17T02:00:26.927+0100][gc,heap     ] GC(100) Eden regions: 224->0(152)
[2024-11-17T02:00:26.927+0100][gc,heap     ] GC(100) Survivor regions: 4->4(29)
[2024-11-17T02:00:26.927+0100][gc,heap     ] GC(100) Old regions: 31->31
[2024-11-17T02:00:26.927+0100][gc,heap     ] GC(100) Humongous regions: 129->129
[2024-11-17T02:00:26.927+0100][gc,metaspace] GC(100) Metaspace: 53202K(53952K)->53202K(53952K) NonClass: 47258K(47680K)->47258K(47680K) Class: 5944K(6272K)->5944K(6272K)
[2024-11-17T02:00:26.927+0100][gc          ] GC(100) Pause Young (Normal) (G1 Evacuation Pause) 387M->163M(1024M) 33,583ms
[2024-11-17T02:00:26.927+0100][gc,cpu      ] GC(100) User=0,03s Sys=0,10s Real=0,03s
[2024-11-17T02:02:50.910+0100][gc,start    ] GC(101) Pause Young (Normal) (G1 Evacuation Pause)
[2024-11-17T02:02:50.910+0100][gc,task     ] GC(101) Using 8 workers of 8 for evacuation
[2024-11-17T02:02:50.961+0100][gc,mmu      ] GC(101) MMU target violated: 21,0ms (20,0ms/21,0ms)
[2024-11-17T02:02:50.961+0100][gc,phases   ] GC(101)   Pre Evacuate Collection Set: 1,37ms
[2024-11-17T02:02:50.961+0100][gc,phases   ] GC(101)   Merge Heap Roots: 0,41ms
[2024-11-17T02:02:50.961+0100][gc,phases   ] GC(101)   Evacuate Collection Set: 46,93ms
[2024-11-17T02:02:50.961+0100][gc,phases   ] GC(101)   Post Evacuate Collection Set: 1,11ms
[2024-11-17T02:02:50.961+0100][gc,phases   ] GC(101)   Other: 0,37ms
[2024-11-17T02:02:50.961+0100][gc,heap     ] GC(101) Eden regions: 154->0(47)
[2024-11-17T02:02:50.961+0100][gc,heap     ] GC(101) Survivor regions: 4->4(20)
[2024-11-17T02:02:50.961+0100][gc,heap     ] GC(101) Old regions: 31->31
[2024-11-17T02:02:50.961+0100][gc,heap     ] GC(101) Humongous regions: 129->129
[2024-11-17T02:02:50.961+0100][gc,metaspace] GC(101) Metaspace: 53202K(53952K)->53202K(53952K) NonClass: 47258K(47680K)->47258K(47680K) Class: 5944K(6272K)->5944K(6272K)
[2024-11-17T02:02:50.961+0100][gc          ] GC(101) Pause Young (Normal) (G1 Evacuation Pause) 317M->163M(1024M) 51,106ms
[2024-11-17T02:02:50.961+0100][gc,cpu      ] GC(101) User=0,02s Sys=0,08s Real=0,05s
[2024-11-17T02:03:31.005+0100][gc,start    ] GC(102) Pause Young (Normal) (G1 Evacuation Pause)
[2024-11-17T02:03:31.006+0100][gc,task     ] GC(102) Using 8 workers of 8 for evacuation
[2024-11-17T02:03:31.018+0100][gc,phases   ] GC(102)   Pre Evacuate Collection Set: 1,14ms
[2024-11-17T02:03:31.018+0100][gc,phases   ] GC(102)   Merge Heap Roots: 0,24ms
[2024-11-17T02:03:31.018+0100][gc,phases   ] GC(102)   Evacuate Collection Set: 9,96ms
[2024-11-17T02:03:31.018+0100][gc,phases   ] GC(102)   Post Evacuate Collection Set: 0,74ms
[2024-11-17T02:03:31.018+0100][gc,phases   ] GC(102)   Other: 0,17ms
[2024-11-17T02:03:31.018+0100][gc,heap     ] GC(102) Eden regions: 47->0(92)
[2024-11-17T02:03:31.018+0100][gc,heap     ] GC(102) Survivor regions: 4->4(7)
[2024-11-17T02:03:31.018+0100][gc,heap     ] GC(102) Old regions: 31->31
[2024-11-17T02:03:31.018+0100][gc,heap     ] GC(102) Humongous regions: 129->129
[2024-11-17T02:03:31.018+0100][gc,metaspace] GC(102) Metaspace: 53202K(53952K)->53202K(53952K) NonClass: 47258K(47680K)->47258K(47680K) Class: 5944K(6272K)->5944K(6272K)
[2024-11-17T02:03:31.018+0100][gc          ] GC(102) Pause Young (Normal) (G1 Evacuation Pause) 210M->163M(1024M) 13,570ms
[2024-11-17T02:03:31.019+0100][gc,cpu      ] GC(102) User=0,02s Sys=0,02s Real=0,01s
[2024-11-17T02:13:51.846+0100][gc,start    ] GC(103) Pause Young (Normal) (G1 Evacuation Pause)
[2024-11-17T02:13:51.849+0100][gc,task     ] GC(103) Using 8 workers of 8 for evacuation
[2024-11-17T02:13:51.863+0100][gc,phases   ] GC(103)   Pre Evacuate Collection Set: 0,74ms
[2024-11-17T02:13:51.863+0100][gc,phases   ] GC(103)   Merge Heap Roots: 0,14ms
[2024-11-17T02:13:51.863+0100][gc,phases   ] GC(103)   Evacuate Collection Set: 11,58ms
[2024-11-17T02:13:51.863+0100][gc,phases   ] GC(103)   Post Evacuate Collection Set: 1,04ms
[2024-11-17T02:13:51.863+0100][gc,phases   ] GC(103)   Other: 0,20ms
[2024-11-17T02:13:51.863+0100][gc,heap     ] GC(103) Eden regions: 92->0(146)
[2024-11-17T02:13:51.863+0100][gc,heap     ] GC(103) Survivor regions: 4->4(12)
[2024-11-17T02:13:51.863+0100][gc,heap     ] GC(103) Old regions: 31->31
[2024-11-17T02:13:51.863+0100][gc,heap     ] GC(103) Humongous regions: 129->129
[2024-11-17T02:13:51.863+0100][gc,metaspace] GC(103) Metaspace: 53204K(53952K)->53204K(53952K) NonClass: 47259K(47680K)->47259K(47680K) Class: 5944K(6272K)->5944K(6272K)
[2024-11-17T02:13:51.863+0100][gc          ] GC(103) Pause Young (Normal) (G1 Evacuation Pause) 255M->163M(1024M) 17,763ms
[2024-11-17T02:13:51.863+0100][gc,cpu      ] GC(103) User=0,01s Sys=0,03s Real=0,02s
[2024-11-17T02:15:51.672+0100][gc,start    ] GC(104) Pause Young (Normal) (G1 Evacuation Pause)
[2024-11-17T02:15:51.674+0100][gc,task     ] GC(104) Using 8 workers of 8 for evacuation
[2024-11-17T02:15:51.688+0100][gc,phases   ] GC(104)   Pre Evacuate Collection Set: 1,20ms
[2024-11-17T02:15:51.688+0100][gc,phases   ] GC(104)   Merge Heap Roots: 0,29ms
[2024-11-17T02:15:51.688+0100][gc,phases   ] GC(104)   Evacuate Collection Set: 11,38ms
[2024-11-17T02:15:51.688+0100][gc,phases   ] GC(104)   Post Evacuate Collection Set: 0,83ms
[2024-11-17T02:15:51.688+0100][gc,phases   ] GC(104)   Other: 0,57ms
[2024-11-17T02:15:51.688+0100][gc,heap     ] GC(104) Eden regions: 145->0(234)
[2024-11-17T02:15:51.688+0100][gc,heap     ] GC(104) Survivor regions: 4->4(19)
[2024-11-17T02:15:51.688+0100][gc,heap     ] GC(104) Old regions: 31->32
[2024-11-17T02:15:51.688+0100][gc,heap     ] GC(104) Humongous regions: 129->129
[2024-11-17T02:15:51.688+0100][gc,metaspace] GC(104) Metaspace: 53204K(53952K)->53204K(53952K) NonClass: 47259K(47680K)->47259K(47680K) Class: 5944K(6272K)->5944K(6272K)
[2024-11-17T02:15:51.688+0100][gc          ] GC(104) Pause Young (Normal) (G1 Evacuation Pause) 308M->163M(1024M) 16,204ms
[2024-11-17T02:15:51.688+0100][gc,cpu      ] GC(104) User=0,03s Sys=0,02s Real=0,01s
[2024-11-17T02:34:39.959+0100][gc,start    ] GC(105) Pause Young (Normal) (G1 Evacuation Pause)
[2024-11-17T02:34:39.965+0100][gc,task     ] GC(105) Using 8 workers of 8 for evacuation
[2024-11-17T02:34:40.000+0100][gc,mmu      ] GC(105) MMU target violated: 21,0ms (20,0ms/21,0ms)
[2024-11-17T02:34:40.001+0100][gc,phases   ] GC(105)   Pre Evacuate Collection Set: 1,88ms
[2024-11-17T02:34:40.001+0100][gc,phases   ] GC(105)   Merge Heap Roots: 0,43ms
[2024-11-17T02:34:40.001+0100][gc,phases   ] GC(105)   Evacuate Collection Set: 31,01ms
[2024-11-17T02:34:40.001+0100][gc,phases   ] GC(105)   Post Evacuate Collection Set: 1,29ms
[2024-11-17T02:34:40.001+0100][gc,phases   ] GC(105)   Other: 0,35ms
[2024-11-17T02:34:40.001+0100][gc,heap     ] GC(105) Eden regions: 281->0(57)
[2024-11-17T02:34:40.001+0100][gc,heap     ] GC(105) Survivor regions: 4->3(36)
[2024-11-17T02:34:40.001+0100][gc,heap     ] GC(105) Old regions: 32->32
[2024-11-17T02:34:40.001+0100][gc,heap     ] GC(105) Humongous regions: 129->129
[2024-11-17T02:34:40.001+0100][gc,metaspace] GC(105) Metaspace: 53206K(53952K)->53206K(53952K) NonClass: 47261K(47680K)->47261K(47680K) Class: 5944K(6272K)->5944K(6272K)
[2024-11-17T02:34:40.001+0100][gc          ] GC(105) Pause Young (Normal) (G1 Evacuation Pause) 444M->163M(1024M) 42,885ms
[2024-11-17T02:34:40.001+0100][gc,cpu      ] GC(105) User=0,02s Sys=0,11s Real=0,05s
[2024-11-17T16:11:33.201+0100][gc,start    ] GC(106) Pause Young (Normal) (G1 Evacuation Pause)
[2024-11-17T16:11:33.207+0100][gc,task     ] GC(106) Using 8 workers of 8 for evacuation
[2024-11-17T16:11:33.233+0100][gc,mmu      ] GC(106) MMU target violated: 21,0ms (20,0ms/21,0ms)
[2024-11-17T16:11:33.234+0100][gc,phases   ] GC(106)   Pre Evacuate Collection Set: 3,06ms
[2024-11-17T16:11:33.234+0100][gc,phases   ] GC(106)   Merge Heap Roots: 0,58ms
[2024-11-17T16:11:33.234+0100][gc,phases   ] GC(106)   Evacuate Collection Set: 18,60ms
[2024-11-17T16:11:33.234+0100][gc,phases   ] GC(106)   Post Evacuate Collection Set: 3,08ms
[2024-11-17T16:11:33.234+0100][gc,phases   ] GC(106)   Other: 1,71ms
[2024-11-17T16:11:33.234+0100][gc,heap     ] GC(106) Eden regions: 71->0(47)
[2024-11-17T16:11:33.234+0100][gc,heap     ] GC(106) Survivor regions: 3->4(10)
[2024-11-17T16:11:33.234+0100][gc,heap     ] GC(106) Old regions: 32->32
[2024-11-17T16:11:33.234+0100][gc,heap     ] GC(106) Humongous regions: 129->129
[2024-11-17T16:11:33.234+0100][gc,metaspace] GC(106) Metaspace: 53317K(54016K)->53317K(54016K) NonClass: 47373K(47744K)->47373K(47744K) Class: 5944K(6272K)->5944K(6272K)
[2024-11-17T16:11:33.234+0100][gc          ] GC(106) Pause Young (Normal) (G1 Evacuation Pause) 234M->163M(1024M) 33,513ms
[2024-11-17T16:11:33.234+0100][gc,cpu      ] GC(106) User=0,02s Sys=0,04s Real=0,03s
[2024-11-17T16:39:33.141+0100][gc,start    ] GC(107) Pause Young (Normal) (G1 Evacuation Pause)
[2024-11-17T16:39:33.143+0100][gc,task     ] GC(107) Using 8 workers of 8 for evacuation
[2024-11-17T16:39:33.149+0100][gc,phases   ] GC(107)   Pre Evacuate Collection Set: 1,05ms
[2024-11-17T16:39:33.149+0100][gc,phases   ] GC(107)   Merge Heap Roots: 0,28ms
[2024-11-17T16:39:33.149+0100][gc,phases   ] GC(107)   Evacuate Collection Set: 3,67ms
[2024-11-17T16:39:33.149+0100][gc,phases   ] GC(107)   Post Evacuate Collection Set: 0,85ms
[2024-11-17T16:39:33.149+0100][gc,phases   ] GC(107)   Other: 0,97ms
[2024-11-17T16:39:33.150+0100][gc,heap     ] GC(107) Eden regions: 47->0(91)
[2024-11-17T16:39:33.150+0100][gc,heap     ] GC(107) Survivor regions: 4->3(7)
[2024-11-17T16:39:33.150+0100][gc,heap     ] GC(107) Old regions: 32->32
[2024-11-17T16:39:33.150+0100][gc,heap     ] GC(107) Humongous regions: 129->129
[2024-11-17T16:39:33.150+0100][gc,metaspace] GC(107) Metaspace: 54126K(54784K)->54126K(54784K) NonClass: 48016K(48384K)->48016K(48384K) Class: 6109K(6400K)->6109K(6400K)
[2024-11-17T16:39:33.150+0100][gc          ] GC(107) Pause Young (Normal) (G1 Evacuation Pause) 210M->162M(1024M) 9,813ms
[2024-11-17T16:39:33.150+0100][gc,cpu      ] GC(107) User=0,01s Sys=0,01s Real=0,02s
[2024-11-17T16:39:33.180+0100][gc,heap,exit] Heap
[2024-11-17T16:39:33.180+0100][gc,heap,exit]  garbage-first heap   total reserved 1048576K, committed 1048576K, used 169479K [0x00000007c0000000, 0x0000000800000000)
[2024-11-17T16:39:33.180+0100][gc,heap,exit]   region size 1024K, 6 young (6144K), 3 survivors (3072K)
[2024-11-17T16:39:33.180+0100][gc,heap,exit]  Metaspace       used 54161K, committed 54784K, reserved 1114112K
[2024-11-17T16:39:33.182+0100][gc,heap,exit]   class space    used 6119K, committed 6400K, reserved 1048576K
