[2024-11-12T19:44:43.630+0100][gc,init] CardTable entry size: 512
[2024-11-12T19:44:43.631+0100][gc     ] Using G1
[2024-11-12T19:44:43.658+0100][gc,init] Version: 22.0.1+8 (release)
[2024-11-12T19:44:43.658+0100][gc,init] CPUs: 8 total, 8 available
[2024-11-12T19:44:43.658+0100][gc,init] Memory: 8192M
[2024-11-12T19:44:43.658+0100][gc,init] Large Page Support: Disabled
[2024-11-12T19:44:43.658+0100][gc,init] NUMA Support: Disabled
[2024-11-12T19:44:43.658+0100][gc,init] Compressed Oops: Enabled (Zero based)
[2024-11-12T19:44:43.658+0100][gc,init] Heap Region Size: 1M
[2024-11-12T19:44:43.658+0100][gc,init] Heap Min Capacity: 1G
[2024-11-12T19:44:43.658+0100][gc,init] Heap Initial Capacity: 1G
[2024-11-12T19:44:43.658+0100][gc,init] Heap Max Capacity: 1G
[2024-11-12T19:44:43.658+0100][gc,init] Pre-touch: Disabled
[2024-11-12T19:44:43.658+0100][gc,init] Parallel Workers: 8
[2024-11-12T19:44:43.658+0100][gc,init] Concurrent Workers: 2
[2024-11-12T19:44:43.658+0100][gc,init] Concurrent Refinement Workers: 8
[2024-11-12T19:44:43.658+0100][gc,init] Periodic GC: Disabled
[2024-11-12T19:44:43.659+0100][gc,metaspace] CDS archive(s) not mapped
[2024-11-12T19:44:43.660+0100][gc,metaspace] Compressed class space mapped at: 0x000000014f000000-0x000000018f000000, reserved size: 1073741824
[2024-11-12T19:44:43.660+0100][gc,metaspace] Narrow klass base: 0x0000000000000000, Narrow klass shift: 3, Narrow klass range: 0x18f000000
[2024-11-12T19:44:45.690+0100][gc,start    ] GC(0) Pause Young (Concurrent Start) (Metadata GC Threshold)
[2024-11-12T19:44:45.690+0100][gc,task     ] GC(0) Using 8 workers of 8 for evacuation
[2024-11-12T19:44:45.705+0100][gc,phases   ] GC(0)   Pre Evacuate Collection Set: 0,39ms
[2024-11-12T19:44:45.705+0100][gc,phases   ] GC(0)   Merge Heap Roots: 0,05ms
[2024-11-12T19:44:45.705+0100][gc,phases   ] GC(0)   Evacuate Collection Set: 14,06ms
[2024-11-12T19:44:45.705+0100][gc,phases   ] GC(0)   Post Evacuate Collection Set: 0,44ms
[2024-11-12T19:44:45.705+0100][gc,phases   ] GC(0)   Other: 0,43ms
[2024-11-12T19:44:45.705+0100][gc,heap     ] GC(0) Eden regions: 37->0(44)
[2024-11-12T19:44:45.705+0100][gc,heap     ] GC(0) Survivor regions: 0->7(7)
[2024-11-12T19:44:45.705+0100][gc,heap     ] GC(0) Old regions: 0->2
[2024-11-12T19:44:45.705+0100][gc,heap     ] GC(0) Humongous regions: 0->0
[2024-11-12T19:44:45.705+0100][gc,metaspace] GC(0) Metaspace: 21338K(21504K)->21338K(21504K) NonClass: 19102K(19200K)->19102K(19200K) Class: 2235K(2304K)->2235K(2304K)
[2024-11-12T19:44:45.705+0100][gc          ] GC(0) Pause Young (Concurrent Start) (Metadata GC Threshold) 36M->8M(1024M) 15,700ms
[2024-11-12T19:44:45.705+0100][gc,cpu      ] GC(0) User=0,02s Sys=0,01s Real=0,01s
[2024-11-12T19:44:45.705+0100][gc          ] GC(1) Concurrent Mark Cycle
[2024-11-12T19:44:45.705+0100][gc,marking  ] GC(1) Concurrent Scan Root Regions
[2024-11-12T19:44:45.708+0100][gc,marking  ] GC(1) Concurrent Scan Root Regions 2,358ms
[2024-11-12T19:44:45.709+0100][gc,marking  ] GC(1) Concurrent Mark
[2024-11-12T19:44:45.709+0100][gc,marking  ] GC(1) Concurrent Mark From Roots
[2024-11-12T19:44:45.709+0100][gc,task     ] GC(1) Using 2 workers of 2 for marking
[2024-11-12T19:44:45.710+0100][gc,marking  ] GC(1) Concurrent Mark From Roots 0,105ms
[2024-11-12T19:44:45.710+0100][gc,marking  ] GC(1) Concurrent Preclean
[2024-11-12T19:44:45.710+0100][gc,marking  ] GC(1) Concurrent Preclean 0,014ms
[2024-11-12T19:44:45.710+0100][gc,start    ] GC(1) Pause Remark
[2024-11-12T19:44:45.716+0100][gc          ] GC(1) Pause Remark 8M->8M(1024M) 5,933ms
[2024-11-12T19:44:45.716+0100][gc,cpu      ] GC(1) User=0,00s Sys=0,00s Real=0,00s
[2024-11-12T19:44:45.717+0100][gc,marking  ] GC(1) Concurrent Mark 7,589ms
[2024-11-12T19:44:45.717+0100][gc,marking  ] GC(1) Concurrent Rebuild Remembered Sets and Scrub Regions
[2024-11-12T19:44:45.725+0100][gc,marking  ] GC(1) Concurrent Rebuild Remembered Sets and Scrub Regions 7,848ms
[2024-11-12T19:44:45.725+0100][gc,start    ] GC(1) Pause Cleanup
[2024-11-12T19:44:45.725+0100][gc          ] GC(1) Pause Cleanup 8M->8M(1024M) 0,063ms
[2024-11-12T19:44:45.725+0100][gc,cpu      ] GC(1) User=0,00s Sys=0,00s Real=0,00s
[2024-11-12T19:44:45.726+0100][gc,marking  ] GC(1) Concurrent Clear Claimed Marks
[2024-11-12T19:44:45.726+0100][gc,marking  ] GC(1) Concurrent Clear Claimed Marks 0,010ms
[2024-11-12T19:44:45.726+0100][gc,marking  ] GC(1) Concurrent Cleanup for Next Mark
[2024-11-12T19:44:45.729+0100][gc,marking  ] GC(1) Concurrent Cleanup for Next Mark 2,986ms
[2024-11-12T19:44:45.729+0100][gc          ] GC(1) Concurrent Mark Cycle 23,401ms
[2024-11-12T19:44:46.823+0100][gc,start    ] GC(2) Pause Young (Normal) (G1 Evacuation Pause)
[2024-11-12T19:44:46.824+0100][gc,task     ] GC(2) Using 8 workers of 8 for evacuation
[2024-11-12T19:44:46.841+0100][gc,phases   ] GC(2)   Pre Evacuate Collection Set: 0,42ms
[2024-11-12T19:44:46.841+0100][gc,phases   ] GC(2)   Merge Heap Roots: 1,37ms
[2024-11-12T19:44:46.841+0100][gc,phases   ] GC(2)   Evacuate Collection Set: 15,13ms
[2024-11-12T19:44:46.841+0100][gc,phases   ] GC(2)   Post Evacuate Collection Set: 0,48ms
[2024-11-12T19:44:46.841+0100][gc,phases   ] GC(2)   Other: 0,12ms
[2024-11-12T19:44:46.841+0100][gc,heap     ] GC(2) Eden regions: 44->0(48)
[2024-11-12T19:44:46.841+0100][gc,heap     ] GC(2) Survivor regions: 7->3(7)
[2024-11-12T19:44:46.841+0100][gc,heap     ] GC(2) Old regions: 2->9
[2024-11-12T19:44:46.841+0100][gc,heap     ] GC(2) Humongous regions: 0->0
[2024-11-12T19:44:46.841+0100][gc,metaspace] GC(2) Metaspace: 31793K(32064K)->31793K(32064K) NonClass: 28258K(28416K)->28258K(28416K) Class: 3535K(3648K)->3535K(3648K)
[2024-11-12T19:44:46.841+0100][gc          ] GC(2) Pause Young (Normal) (G1 Evacuation Pause) 52M->10M(1024M) 18,841ms
[2024-11-12T19:44:46.841+0100][gc,cpu      ] GC(2) User=0,03s Sys=0,02s Real=0,02s
[2024-11-12T19:44:47.073+0100][gc,start    ] GC(3) Pause Young (Concurrent Start) (Metadata GC Threshold)
[2024-11-12T19:44:47.073+0100][gc,task     ] GC(3) Using 8 workers of 8 for evacuation
[2024-11-12T19:44:47.076+0100][gc,phases   ] GC(3)   Pre Evacuate Collection Set: 0,18ms
[2024-11-12T19:44:47.077+0100][gc,phases   ] GC(3)   Merge Heap Roots: 0,05ms
[2024-11-12T19:44:47.077+0100][gc,phases   ] GC(3)   Evacuate Collection Set: 3,38ms
[2024-11-12T19:44:47.077+0100][gc,phases   ] GC(3)   Post Evacuate Collection Set: 0,24ms
[2024-11-12T19:44:47.077+0100][gc,phases   ] GC(3)   Other: 0,06ms
[2024-11-12T19:44:47.077+0100][gc,heap     ] GC(3) Eden regions: 16->0(47)
[2024-11-12T19:44:47.077+0100][gc,heap     ] GC(3) Survivor regions: 3->4(7)
[2024-11-12T19:44:47.077+0100][gc,heap     ] GC(3) Old regions: 9->9
[2024-11-12T19:44:47.077+0100][gc,heap     ] GC(3) Humongous regions: 129->129
[2024-11-12T19:44:47.077+0100][gc,metaspace] GC(3) Metaspace: 35742K(35968K)->35742K(35968K) NonClass: 31866K(32000K)->31866K(32000K) Class: 3876K(3968K)->3876K(3968K)
[2024-11-12T19:44:47.077+0100][gc          ] GC(3) Pause Young (Concurrent Start) (Metadata GC Threshold) 155M->140M(1024M) 4,056ms
[2024-11-12T19:44:47.077+0100][gc          ] GC(4) Concurrent Mark Cycle
[2024-11-12T19:44:47.077+0100][gc,cpu      ] GC(3) User=0,02s Sys=0,00s Real=0,00s
[2024-11-12T19:44:47.077+0100][gc,marking  ] GC(4) Concurrent Scan Root Regions
[2024-11-12T19:44:47.078+0100][gc,marking  ] GC(4) Concurrent Scan Root Regions 0,941ms
[2024-11-12T19:44:47.078+0100][gc,marking  ] GC(4) Concurrent Mark
[2024-11-12T19:44:47.078+0100][gc,marking  ] GC(4) Concurrent Mark From Roots
[2024-11-12T19:44:47.078+0100][gc,task     ] GC(4) Using 2 workers of 2 for marking
[2024-11-12T19:44:47.084+0100][gc,marking  ] GC(4) Concurrent Mark From Roots 6,067ms
[2024-11-12T19:44:47.084+0100][gc,marking  ] GC(4) Concurrent Preclean
[2024-11-12T19:44:47.084+0100][gc,marking  ] GC(4) Concurrent Preclean 0,045ms
[2024-11-12T19:44:47.084+0100][gc,start    ] GC(4) Pause Remark
[2024-11-12T19:44:47.092+0100][gc          ] GC(4) Pause Remark 141M->141M(1024M) 8,283ms
[2024-11-12T19:44:47.092+0100][gc,cpu      ] GC(4) User=0,02s Sys=0,01s Real=0,01s
[2024-11-12T19:44:47.092+0100][gc,marking  ] GC(4) Concurrent Mark 14,842ms
[2024-11-12T19:44:47.092+0100][gc,marking  ] GC(4) Concurrent Rebuild Remembered Sets and Scrub Regions
[2024-11-12T19:44:47.095+0100][gc,marking  ] GC(4) Concurrent Rebuild Remembered Sets and Scrub Regions 2,941ms
[2024-11-12T19:44:47.096+0100][gc,start    ] GC(4) Pause Cleanup
[2024-11-12T19:44:47.096+0100][gc          ] GC(4) Pause Cleanup 141M->141M(1024M) 0,077ms
[2024-11-12T19:44:47.096+0100][gc,cpu      ] GC(4) User=0,00s Sys=0,00s Real=0,00s
[2024-11-12T19:44:47.096+0100][gc,marking  ] GC(4) Concurrent Clear Claimed Marks
[2024-11-12T19:44:47.096+0100][gc,marking  ] GC(4) Concurrent Clear Claimed Marks 0,010ms
[2024-11-12T19:44:47.096+0100][gc,marking  ] GC(4) Concurrent Cleanup for Next Mark
[2024-11-12T19:44:47.103+0100][gc,marking  ] GC(4) Concurrent Cleanup for Next Mark 6,313ms
[2024-11-12T19:44:47.103+0100][gc          ] GC(4) Concurrent Mark Cycle 25,972ms
[2024-11-12T19:44:47.842+0100][gc,start    ] GC(5) Pause Young (Normal) (G1 Evacuation Pause)
[2024-11-12T19:44:47.842+0100][gc,task     ] GC(5) Using 8 workers of 8 for evacuation
[2024-11-12T19:44:47.848+0100][gc,phases   ] GC(5)   Pre Evacuate Collection Set: 0,14ms
[2024-11-12T19:44:47.848+0100][gc,phases   ] GC(5)   Merge Heap Roots: 0,79ms
[2024-11-12T19:44:47.848+0100][gc,phases   ] GC(5)   Evacuate Collection Set: 4,70ms
[2024-11-12T19:44:47.848+0100][gc,phases   ] GC(5)   Post Evacuate Collection Set: 0,38ms
[2024-11-12T19:44:47.848+0100][gc,phases   ] GC(5)   Other: 0,06ms
[2024-11-12T19:44:47.848+0100][gc,heap     ] GC(5) Eden regions: 47->0(44)
[2024-11-12T19:44:47.848+0100][gc,heap     ] GC(5) Survivor regions: 4->7(7)
[2024-11-12T19:44:47.848+0100][gc,heap     ] GC(5) Old regions: 9->10
[2024-11-12T19:44:47.848+0100][gc,heap     ] GC(5) Humongous regions: 129->129
[2024-11-12T19:44:47.848+0100][gc,metaspace] GC(5) Metaspace: 46238K(46656K)->46238K(46656K) NonClass: 41169K(41408K)->41169K(41408K) Class: 5069K(5248K)->5069K(5248K)
[2024-11-12T19:44:47.848+0100][gc          ] GC(5) Pause Young (Normal) (G1 Evacuation Pause) 187M->145M(1024M) 6,208ms
[2024-11-12T19:44:47.848+0100][gc,cpu      ] GC(5) User=0,02s Sys=0,01s Real=0,00s
[2024-11-12T19:49:33.218+0100][gc,start    ] GC(6) Pause Young (Normal) (G1 Evacuation Pause)
[2024-11-12T19:49:33.219+0100][gc,task     ] GC(6) Using 8 workers of 8 for evacuation
[2024-11-12T19:49:33.266+0100][gc,mmu      ] GC(6) MMU target violated: 21,0ms (20,0ms/21,0ms)
[2024-11-12T19:49:33.266+0100][gc,phases   ] GC(6)   Pre Evacuate Collection Set: 1,17ms
[2024-11-12T19:49:33.266+0100][gc,phases   ] GC(6)   Merge Heap Roots: 0,27ms
[2024-11-12T19:49:33.266+0100][gc,phases   ] GC(6)   Evacuate Collection Set: 44,67ms
[2024-11-12T19:49:33.266+0100][gc,phases   ] GC(6)   Post Evacuate Collection Set: 0,84ms
[2024-11-12T19:49:33.266+0100][gc,phases   ] GC(6)   Other: 0,29ms
[2024-11-12T19:49:33.266+0100][gc,heap     ] GC(6) Eden regions: 44->0(47)
[2024-11-12T19:49:33.266+0100][gc,heap     ] GC(6) Survivor regions: 7->4(7)
[2024-11-12T19:49:33.266+0100][gc,heap     ] GC(6) Old regions: 10->17
[2024-11-12T19:49:33.266+0100][gc,heap     ] GC(6) Humongous regions: 153->129
[2024-11-12T19:49:33.266+0100][gc,metaspace] GC(6) Metaspace: 51706K(52352K)->51706K(52352K) NonClass: 45680K(46080K)->45680K(46080K) Class: 6025K(6272K)->6025K(6272K)
[2024-11-12T19:49:33.266+0100][gc          ] GC(6) Pause Young (Normal) (G1 Evacuation Pause) 213M->149M(1024M) 48,124ms
[2024-11-12T19:49:33.266+0100][gc,cpu      ] GC(6) User=0,06s Sys=0,11s Real=0,05s
[2024-11-12T19:49:56.997+0100][gc,heap,exit] Heap
[2024-11-12T19:49:56.997+0100][gc,heap,exit]  garbage-first heap   total reserved 1048576K, committed 1048576K, used 165761K [0x00000007c0000000, 0x0000000800000000)
[2024-11-12T19:49:56.997+0100][gc,heap,exit]   region size 1024K, 17 young (17408K), 4 survivors (4096K)
[2024-11-12T19:49:56.997+0100][gc,heap,exit]  Metaspace       used 52572K, committed 53248K, reserved 1114112K
[2024-11-12T19:49:56.997+0100][gc,heap,exit]   class space    used 6206K, committed 6464K, reserved 1048576K
