[2025-06-14T22:30:10.601+0200][gc,init] CardTable entry size: 512
[2025-06-14T22:30:10.601+0200][gc     ] Using G1
[2025-06-14T22:30:10.603+0200][gc,init] Version: 22.0.1+8 (release)
[2025-06-14T22:30:10.603+0200][gc,init] CPUs: 8 total, 8 available
[2025-06-14T22:30:10.603+0200][gc,init] Memory: 8192M
[2025-06-14T22:30:10.603+0200][gc,init] Large Page Support: Disabled
[2025-06-14T22:30:10.603+0200][gc,init] NUMA Support: Disabled
[2025-06-14T22:30:10.603+0200][gc,init] Compressed Oops: Enabled (Zero based)
[2025-06-14T22:30:10.603+0200][gc,init] Heap Region Size: 1M
[2025-06-14T22:30:10.603+0200][gc,init] Heap Min Capacity: 512M
[2025-06-14T22:30:10.603+0200][gc,init] Heap Initial Capacity: 512M
[2025-06-14T22:30:10.603+0200][gc,init] Heap Max Capacity: 512M
[2025-06-14T22:30:10.603+0200][gc,init] Pre-touch: Disabled
[2025-06-14T22:30:10.603+0200][gc,init] Parallel Workers: 8
[2025-06-14T22:30:10.603+0200][gc,init] Concurrent Workers: 2
[2025-06-14T22:30:10.603+0200][gc,init] Concurrent Refinement Workers: 8
[2025-06-14T22:30:10.603+0200][gc,init] Periodic GC: Disabled
[2025-06-14T22:30:10.603+0200][gc,metaspace] CDS archive(s) not mapped
[2025-06-14T22:30:10.603+0200][gc,metaspace] Compressed class space mapped at: 0x000000079a000000-0x00000007da000000, reserved size: 1073741824
[2025-06-14T22:30:10.603+0200][gc,metaspace] Narrow klass base: 0x0000000000000000, Narrow klass shift: 3, Narrow klass range: 0x7da000000
[2025-06-14T22:30:11.707+0200][gc,start    ] GC(0) Pause Young (Normal) (G1 Evacuation Pause)
[2025-06-14T22:30:11.708+0200][gc,task     ] GC(0) Using 8 workers of 8 for evacuation
[2025-06-14T22:30:11.724+0200][gc,phases   ] GC(0)   Pre Evacuate Collection Set: 0.54ms
[2025-06-14T22:30:11.724+0200][gc,phases   ] GC(0)   Merge Heap Roots: 0.04ms
[2025-06-14T22:30:11.724+0200][gc,phases   ] GC(0)   Evacuate Collection Set: 14.77ms
[2025-06-14T22:30:11.724+0200][gc,phases   ] GC(0)   Post Evacuate Collection Set: 0.34ms
[2025-06-14T22:30:11.724+0200][gc,phases   ] GC(0)   Other: 0.87ms
[2025-06-14T22:30:11.724+0200][gc,heap     ] GC(0) Eden regions: 25->0(21)
[2025-06-14T22:30:11.724+0200][gc,heap     ] GC(0) Survivor regions: 0->4(4)
[2025-06-14T22:30:11.724+0200][gc,heap     ] GC(0) Old regions: 0->5
[2025-06-14T22:30:11.724+0200][gc,heap     ] GC(0) Humongous regions: 0->0
[2025-06-14T22:30:11.724+0200][gc,metaspace] GC(0) Metaspace: 16680K(16896K)->16680K(16896K) NonClass: 15057K(15168K)->15057K(15168K) Class: 1622K(1728K)->1622K(1728K)
[2025-06-14T22:30:11.724+0200][gc          ] GC(0) Pause Young (Normal) (G1 Evacuation Pause) 25M->8M(512M) 17.341ms
[2025-06-14T22:30:11.724+0200][gc,cpu      ] GC(0) User=0.02s Sys=0.01s Real=0.02s
[2025-06-14T22:30:17.199+0200][gc,heap,exit] Heap
[2025-06-14T22:30:17.200+0200][gc,heap,exit]  garbage-first heap   total reserved 524288K, committed 524288K, used 13980K [0x00000007e0000000, 0x0000000800000000)
[2025-06-14T22:30:17.200+0200][gc,heap,exit]   region size 1024K, 10 young (10240K), 4 survivors (4096K)
[2025-06-14T22:30:17.200+0200][gc,heap,exit]  Metaspace       used 17797K, committed 18048K, reserved 1114112K
[2025-06-14T22:30:17.200+0200][gc,heap,exit]   class space    used 1741K, committed 1856K, reserved 1048576K
