[2025-06-14T22:27:35.563+0200][gc,init] CardTable entry size: 512
[2025-06-14T22:27:35.563+0200][gc     ] Using G1
[2025-06-14T22:27:35.565+0200][gc,init] Version: 22.0.1+8 (release)
[2025-06-14T22:27:35.565+0200][gc,init] CPUs: 8 total, 8 available
[2025-06-14T22:27:35.565+0200][gc,init] Memory: 8192M
[2025-06-14T22:27:35.565+0200][gc,init] Large Page Support: Disabled
[2025-06-14T22:27:35.565+0200][gc,init] NUMA Support: Disabled
[2025-06-14T22:27:35.565+0200][gc,init] Compressed Oops: Enabled (Zero based)
[2025-06-14T22:27:35.565+0200][gc,init] Heap Region Size: 1M
[2025-06-14T22:27:35.565+0200][gc,init] Heap Min Capacity: 512M
[2025-06-14T22:27:35.565+0200][gc,init] Heap Initial Capacity: 512M
[2025-06-14T22:27:35.565+0200][gc,init] Heap Max Capacity: 512M
[2025-06-14T22:27:35.565+0200][gc,init] Pre-touch: Disabled
[2025-06-14T22:27:35.565+0200][gc,init] Parallel Workers: 8
[2025-06-14T22:27:35.565+0200][gc,init] Concurrent Workers: 2
[2025-06-14T22:27:35.565+0200][gc,init] Concurrent Refinement Workers: 8
[2025-06-14T22:27:35.565+0200][gc,init] Periodic GC: Disabled
[2025-06-14T22:27:35.565+0200][gc,metaspace] CDS archive(s) not mapped
[2025-06-14T22:27:35.565+0200][gc,metaspace] Compressed class space mapped at: 0x0000000795000000-0x00000007d5000000, reserved size: 1073741824
[2025-06-14T22:27:35.565+0200][gc,metaspace] Narrow klass base: 0x0000000000000000, Narrow klass shift: 3, Narrow klass range: 0x7d5000000
[2025-06-14T22:27:36.642+0200][gc,start    ] GC(0) Pause Young (Normal) (G1 Evacuation Pause)
[2025-06-14T22:27:36.643+0200][gc,task     ] GC(0) Using 8 workers of 8 for evacuation
[2025-06-14T22:27:36.659+0200][gc,phases   ] GC(0)   Pre Evacuate Collection Set: 0.43ms
[2025-06-14T22:27:36.659+0200][gc,phases   ] GC(0)   Merge Heap Roots: 0.05ms
[2025-06-14T22:27:36.659+0200][gc,phases   ] GC(0)   Evacuate Collection Set: 15.18ms
[2025-06-14T22:27:36.659+0200][gc,phases   ] GC(0)   Post Evacuate Collection Set: 0.32ms
[2025-06-14T22:27:36.659+0200][gc,phases   ] GC(0)   Other: 0.50ms
[2025-06-14T22:27:36.659+0200][gc,heap     ] GC(0) Eden regions: 25->0(21)
[2025-06-14T22:27:36.659+0200][gc,heap     ] GC(0) Survivor regions: 0->4(4)
[2025-06-14T22:27:36.659+0200][gc,heap     ] GC(0) Old regions: 0->5
[2025-06-14T22:27:36.659+0200][gc,heap     ] GC(0) Humongous regions: 0->0
[2025-06-14T22:27:36.659+0200][gc,metaspace] GC(0) Metaspace: 16706K(16896K)->16706K(16896K) NonClass: 15082K(15168K)->15082K(15168K) Class: 1623K(1728K)->1623K(1728K)
[2025-06-14T22:27:36.659+0200][gc          ] GC(0) Pause Young (Normal) (G1 Evacuation Pause) 25M->8M(512M) 16.800ms
[2025-06-14T22:27:36.659+0200][gc,cpu      ] GC(0) User=0.02s Sys=0.01s Real=0.01s
[2025-06-14T22:29:41.106+0200][gc,heap,exit] Heap
[2025-06-14T22:29:41.110+0200][gc,heap,exit]  garbage-first heap   total reserved 524288K, committed 524288K, used 18380K [0x00000007e0000000, 0x0000000800000000)
[2025-06-14T22:29:41.110+0200][gc,heap,exit]   region size 1024K, 14 young (14336K), 4 survivors (4096K)
[2025-06-14T22:29:41.110+0200][gc,heap,exit]  Metaspace       used 18373K, committed 18624K, reserved 1114112K
[2025-06-14T22:29:41.110+0200][gc,heap,exit]   class space    used 1789K, committed 1920K, reserved 1048576K
