[2024-11-26T21:28:41.673+0100][gc,init] CardTable entry size: 512
[2024-11-26T21:28:41.673+0100][gc     ] Using G1
[2024-11-26T21:28:41.674+0100][gc,init] Version: 22.0.1+8 (release)
[2024-11-26T21:28:41.674+0100][gc,init] CPUs: 8 total, 8 available
[2024-11-26T21:28:41.674+0100][gc,init] Memory: 8192M
[2024-11-26T21:28:41.674+0100][gc,init] Large Page Support: Disabled
[2024-11-26T21:28:41.674+0100][gc,init] NUMA Support: Disabled
[2024-11-26T21:28:41.674+0100][gc,init] Compressed Oops: Enabled (Zero based)
[2024-11-26T21:28:41.674+0100][gc,init] Heap Region Size: 1M
[2024-11-26T21:28:41.674+0100][gc,init] Heap Min Capacity: 512M
[2024-11-26T21:28:41.674+0100][gc,init] Heap Initial Capacity: 512M
[2024-11-26T21:28:41.674+0100][gc,init] Heap Max Capacity: 512M
[2024-11-26T21:28:41.674+0100][gc,init] Pre-touch: Disabled
[2024-11-26T21:28:41.675+0100][gc,init] Parallel Workers: 8
[2024-11-26T21:28:41.675+0100][gc,init] Concurrent Workers: 2
[2024-11-26T21:28:41.675+0100][gc,init] Concurrent Refinement Workers: 8
[2024-11-26T21:28:41.675+0100][gc,init] Periodic GC: Disabled
[2024-11-26T21:28:41.675+0100][gc,metaspace] CDS archive(s) not mapped
[2024-11-26T21:28:41.675+0100][gc,metaspace] Compressed class space mapped at: 0x0000000137000000-0x0000000177000000, reserved size: 1073741824
[2024-11-26T21:28:41.675+0100][gc,metaspace] Narrow klass base: 0x0000000000000000, Narrow klass shift: 3, Narrow klass range: 0x177000000
[2024-11-26T21:28:42.694+0100][gc,start    ] GC(0) Pause Young (Normal) (G1 Evacuation Pause)
[2024-11-26T21:28:42.694+0100][gc,task     ] GC(0) Using 8 workers of 8 for evacuation
[2024-11-26T21:28:42.711+0100][gc,phases   ] GC(0)   Pre Evacuate Collection Set: 0.25ms
[2024-11-26T21:28:42.711+0100][gc,phases   ] GC(0)   Merge Heap Roots: 0.05ms
[2024-11-26T21:28:42.711+0100][gc,phases   ] GC(0)   Evacuate Collection Set: 15.72ms
[2024-11-26T21:28:42.711+0100][gc,phases   ] GC(0)   Post Evacuate Collection Set: 0.36ms
[2024-11-26T21:28:42.711+0100][gc,phases   ] GC(0)   Other: 0.57ms
[2024-11-26T21:28:42.711+0100][gc,heap     ] GC(0) Eden regions: 25->0(21)
[2024-11-26T21:28:42.711+0100][gc,heap     ] GC(0) Survivor regions: 0->4(4)
[2024-11-26T21:28:42.711+0100][gc,heap     ] GC(0) Old regions: 0->5
[2024-11-26T21:28:42.711+0100][gc,heap     ] GC(0) Humongous regions: 0->0
[2024-11-26T21:28:42.711+0100][gc,metaspace] GC(0) Metaspace: 16698K(16896K)->16698K(16896K) NonClass: 15075K(15168K)->15075K(15168K) Class: 1623K(1728K)->1623K(1728K)
[2024-11-26T21:28:42.712+0100][gc          ] GC(0) Pause Young (Normal) (G1 Evacuation Pause) 25M->8M(512M) 18.085ms
[2024-11-26T21:28:42.712+0100][gc,cpu      ] GC(0) User=0.02s Sys=0.01s Real=0.02s
[2024-11-26T21:40:50.741+0100][gc,heap,exit] Heap
[2024-11-26T21:40:50.741+0100][gc,heap,exit]  garbage-first heap   total reserved 524288K, committed 524288K, used 19248K [0x00000007e0000000, 0x0000000800000000)
[2024-11-26T21:40:50.741+0100][gc,heap,exit]   region size 1024K, 15 young (15360K), 4 survivors (4096K)
[2024-11-26T21:40:50.741+0100][gc,heap,exit]  Metaspace       used 18536K, committed 18816K, reserved 1114112K
[2024-11-26T21:40:50.741+0100][gc,heap,exit]   class space    used 1789K, committed 1920K, reserved 1048576K
