[2024-11-12T19:11:18.662+0100][gc,init] CardTable entry size: 512
[2024-11-12T19:11:18.663+0100][gc     ] Using G1
[2024-11-12T19:11:18.664+0100][gc,init] Version: 22.0.1+8 (release)
[2024-11-12T19:11:18.664+0100][gc,init] CPUs: 8 total, 8 available
[2024-11-12T19:11:18.664+0100][gc,init] Memory: 8192M
[2024-11-12T19:11:18.664+0100][gc,init] Large Page Support: Disabled
[2024-11-12T19:11:18.664+0100][gc,init] NUMA Support: Disabled
[2024-11-12T19:11:18.664+0100][gc,init] Compressed Oops: Enabled (Zero based)
[2024-11-12T19:11:18.664+0100][gc,init] Heap Region Size: 1M
[2024-11-12T19:11:18.664+0100][gc,init] Heap Min Capacity: 512M
[2024-11-12T19:11:18.664+0100][gc,init] Heap Initial Capacity: 512M
[2024-11-12T19:11:18.664+0100][gc,init] Heap Max Capacity: 512M
[2024-11-12T19:11:18.664+0100][gc,init] Pre-touch: Disabled
[2024-11-12T19:11:18.664+0100][gc,init] Parallel Workers: 8
[2024-11-12T19:11:18.664+0100][gc,init] Concurrent Workers: 2
[2024-11-12T19:11:18.664+0100][gc,init] Concurrent Refinement Workers: 8
[2024-11-12T19:11:18.664+0100][gc,init] Periodic GC: Disabled
[2024-11-12T19:11:18.665+0100][gc,metaspace] CDS archive(s) not mapped
[2024-11-12T19:11:18.665+0100][gc,metaspace] Compressed class space mapped at: 0x0000000143000000-0x0000000183000000, reserved size: 1073741824
[2024-11-12T19:11:18.665+0100][gc,metaspace] Narrow klass base: 0x0000000000000000, Narrow klass shift: 3, Narrow klass range: 0x183000000
[2024-11-12T19:11:19.945+0100][gc,start    ] GC(0) Pause Young (Normal) (G1 Evacuation Pause)
[2024-11-12T19:11:19.945+0100][gc,task     ] GC(0) Using 8 workers of 8 for evacuation
[2024-11-12T19:11:19.958+0100][gc,phases   ] GC(0)   Pre Evacuate Collection Set: 0,24ms
[2024-11-12T19:11:19.958+0100][gc,phases   ] GC(0)   Merge Heap Roots: 0,05ms
[2024-11-12T19:11:19.958+0100][gc,phases   ] GC(0)   Evacuate Collection Set: 12,54ms
[2024-11-12T19:11:19.958+0100][gc,phases   ] GC(0)   Post Evacuate Collection Set: 0,36ms
[2024-11-12T19:11:19.958+0100][gc,phases   ] GC(0)   Other: 0,48ms
[2024-11-12T19:11:19.958+0100][gc,heap     ] GC(0) Eden regions: 25->0(21)
[2024-11-12T19:11:19.958+0100][gc,heap     ] GC(0) Survivor regions: 0->4(4)
[2024-11-12T19:11:19.958+0100][gc,heap     ] GC(0) Old regions: 0->5
[2024-11-12T19:11:19.958+0100][gc,heap     ] GC(0) Humongous regions: 0->0
[2024-11-12T19:11:19.958+0100][gc,metaspace] GC(0) Metaspace: 16686K(16896K)->16686K(16896K) NonClass: 15064K(15168K)->15064K(15168K) Class: 1622K(1728K)->1622K(1728K)
[2024-11-12T19:11:19.959+0100][gc          ] GC(0) Pause Young (Normal) (G1 Evacuation Pause) 25M->8M(512M) 13,969ms
[2024-11-12T19:11:19.959+0100][gc,cpu      ] GC(0) User=0,02s Sys=0,01s Real=0,01s
[2024-11-13T00:50:25.038+0100][gc,start    ] GC(1) Pause Young (Normal) (G1 Evacuation Pause)
[2024-11-13T00:50:25.039+0100][gc,task     ] GC(1) Using 8 workers of 8 for evacuation
[2024-11-13T00:50:25.089+0100][gc,mmu      ] GC(1) MMU target violated: 21,0ms (20,0ms/21,0ms)
[2024-11-13T00:50:25.089+0100][gc,phases   ] GC(1)   Pre Evacuate Collection Set: 1,03ms
[2024-11-13T00:50:25.089+0100][gc,phases   ] GC(1)   Merge Heap Roots: 4,84ms
[2024-11-13T00:50:25.089+0100][gc,phases   ] GC(1)   Evacuate Collection Set: 43,46ms
[2024-11-13T00:50:25.089+0100][gc,phases   ] GC(1)   Post Evacuate Collection Set: 0,46ms
[2024-11-13T00:50:25.089+0100][gc,phases   ] GC(1)   Other: 0,52ms
[2024-11-13T00:50:25.089+0100][gc,heap     ] GC(1) Eden regions: 21->0(24)
[2024-11-13T00:50:25.089+0100][gc,heap     ] GC(1) Survivor regions: 4->1(4)
[2024-11-13T00:50:25.089+0100][gc,heap     ] GC(1) Old regions: 5->9
[2024-11-13T00:50:25.089+0100][gc,heap     ] GC(1) Humongous regions: 0->0
[2024-11-13T00:50:25.089+0100][gc,metaspace] GC(1) Metaspace: 18814K(19072K)->18814K(19072K) NonClass: 17025K(17152K)->17025K(17152K) Class: 1788K(1920K)->1788K(1920K)
[2024-11-13T00:50:25.089+0100][gc          ] GC(1) Pause Young (Normal) (G1 Evacuation Pause) 29M->9M(512M) 51,225ms
[2024-11-13T00:50:25.089+0100][gc,cpu      ] GC(1) User=0,02s Sys=0,05s Real=0,05s
[2024-11-14T00:14:38.975+0100][gc,heap,exit] Heap
[2024-11-14T00:14:38.975+0100][gc,heap,exit]  garbage-first heap   total reserved 524288K, committed 524288K, used 16889K [0x00000007e0000000, 0x0000000800000000)
[2024-11-14T00:14:38.975+0100][gc,heap,exit]   region size 1024K, 8 young (8192K), 1 survivors (1024K)
[2024-11-14T00:14:38.975+0100][gc,heap,exit]  Metaspace       used 18833K, committed 19072K, reserved 1114112K
[2024-11-14T00:14:38.975+0100][gc,heap,exit]   class space    used 1790K, committed 1920K, reserved 1048576K
