[2024-11-26T21:42:45.026+0100][gc,init] CardTable entry size: 512
[2024-11-26T21:42:45.026+0100][gc     ] Using G1
[2024-11-26T21:42:45.028+0100][gc,init] Version: 22.0.1+8 (release)
[2024-11-26T21:42:45.028+0100][gc,init] CPUs: 8 total, 8 available
[2024-11-26T21:42:45.028+0100][gc,init] Memory: 8192M
[2024-11-26T21:42:45.028+0100][gc,init] Large Page Support: Disabled
[2024-11-26T21:42:45.028+0100][gc,init] NUMA Support: Disabled
[2024-11-26T21:42:45.028+0100][gc,init] Compressed Oops: Enabled (Zero based)
[2024-11-26T21:42:45.028+0100][gc,init] Heap Region Size: 1M
[2024-11-26T21:42:45.028+0100][gc,init] Heap Min Capacity: 512M
[2024-11-26T21:42:45.028+0100][gc,init] Heap Initial Capacity: 512M
[2024-11-26T21:42:45.028+0100][gc,init] Heap Max Capacity: 512M
[2024-11-26T21:42:45.028+0100][gc,init] Pre-touch: Disabled
[2024-11-26T21:42:45.028+0100][gc,init] Parallel Workers: 8
[2024-11-26T21:42:45.028+0100][gc,init] Concurrent Workers: 2
[2024-11-26T21:42:45.028+0100][gc,init] Concurrent Refinement Workers: 8
[2024-11-26T21:42:45.028+0100][gc,init] Periodic GC: Disabled
[2024-11-26T21:42:45.028+0100][gc,metaspace] CDS archive(s) not mapped
[2024-11-26T21:42:45.028+0100][gc,metaspace] Compressed class space mapped at: 0x0000000163000000-0x00000001a3000000, reserved size: 1073741824
[2024-11-26T21:42:45.028+0100][gc,metaspace] Narrow klass base: 0x0000000000000000, Narrow klass shift: 3, Narrow klass range: 0x1a3000000
[2024-11-26T21:42:46.016+0100][gc,start    ] GC(0) Pause Young (Normal) (G1 Evacuation Pause)
[2024-11-26T21:42:46.016+0100][gc,task     ] GC(0) Using 8 workers of 8 for evacuation
[2024-11-26T21:42:46.031+0100][gc,phases   ] GC(0)   Pre Evacuate Collection Set: 0.23ms
[2024-11-26T21:42:46.031+0100][gc,phases   ] GC(0)   Merge Heap Roots: 0.05ms
[2024-11-26T21:42:46.031+0100][gc,phases   ] GC(0)   Evacuate Collection Set: 13.61ms
[2024-11-26T21:42:46.031+0100][gc,phases   ] GC(0)   Post Evacuate Collection Set: 0.39ms
[2024-11-26T21:42:46.031+0100][gc,phases   ] GC(0)   Other: 0.52ms
[2024-11-26T21:42:46.031+0100][gc,heap     ] GC(0) Eden regions: 25->0(21)
[2024-11-26T21:42:46.031+0100][gc,heap     ] GC(0) Survivor regions: 0->4(4)
[2024-11-26T21:42:46.031+0100][gc,heap     ] GC(0) Old regions: 0->5
[2024-11-26T21:42:46.031+0100][gc,heap     ] GC(0) Humongous regions: 0->0
[2024-11-26T21:42:46.031+0100][gc,metaspace] GC(0) Metaspace: 16710K(16896K)->16710K(16896K) NonClass: 15087K(15168K)->15087K(15168K) Class: 1623K(1728K)->1623K(1728K)
[2024-11-26T21:42:46.031+0100][gc          ] GC(0) Pause Young (Normal) (G1 Evacuation Pause) 25M->8M(512M) 15.179ms
[2024-11-26T21:42:46.031+0100][gc,cpu      ] GC(0) User=0.02s Sys=0.01s Real=0.02s
[2024-11-27T23:17:54.500+0100][gc,start    ] GC(1) Pause Young (Normal) (G1 Evacuation Pause)
[2024-11-27T23:17:54.505+0100][gc,task     ] GC(1) Using 8 workers of 8 for evacuation
[2024-11-27T23:17:54.597+0100][gc,mmu      ] GC(1) MMU target violated: 21.0ms (20.0ms/21.0ms)
[2024-11-27T23:17:54.598+0100][gc,phases   ] GC(1)   Pre Evacuate Collection Set: 2.87ms
[2024-11-27T23:17:54.598+0100][gc,phases   ] GC(1)   Merge Heap Roots: 5.92ms
[2024-11-27T23:17:54.598+0100][gc,phases   ] GC(1)   Evacuate Collection Set: 80.89ms
[2024-11-27T23:17:54.598+0100][gc,phases   ] GC(1)   Post Evacuate Collection Set: 1.97ms
[2024-11-27T23:17:54.598+0100][gc,phases   ] GC(1)   Other: 2.08ms
[2024-11-27T23:17:54.598+0100][gc,heap     ] GC(1) Eden regions: 21->0(24)
[2024-11-27T23:17:54.598+0100][gc,heap     ] GC(1) Survivor regions: 4->1(4)
[2024-11-27T23:17:54.598+0100][gc,heap     ] GC(1) Old regions: 5->9
[2024-11-27T23:17:54.598+0100][gc,heap     ] GC(1) Humongous regions: 0->0
[2024-11-27T23:17:54.598+0100][gc,metaspace] GC(1) Metaspace: 18655K(18880K)->18655K(18880K) NonClass: 16866K(16960K)->16866K(16960K) Class: 1789K(1920K)->1789K(1920K)
[2024-11-27T23:17:54.599+0100][gc          ] GC(1) Pause Young (Normal) (G1 Evacuation Pause) 29M->9M(512M) 99.503ms
[2024-11-27T23:17:54.599+0100][gc,cpu      ] GC(1) User=0.02s Sys=0.06s Real=0.10s
[2024-12-16T09:26:51.114+0100][gc,start    ] GC(2) Pause Young (Normal) (G1 Evacuation Pause)
[2024-12-16T09:26:51.116+0100][gc,task     ] GC(2) Using 8 workers of 8 for evacuation
[2024-12-16T09:26:51.143+0100][gc,mmu      ] GC(2) MMU target violated: 21.0ms (20.0ms/21.0ms)
[2024-12-16T09:26:51.144+0100][gc,phases   ] GC(2)   Pre Evacuate Collection Set: 1.25ms
[2024-12-16T09:26:51.144+0100][gc,phases   ] GC(2)   Merge Heap Roots: 0.11ms
[2024-12-16T09:26:51.144+0100][gc,phases   ] GC(2)   Evacuate Collection Set: 24.33ms
[2024-12-16T09:26:51.144+0100][gc,phases   ] GC(2)   Post Evacuate Collection Set: 1.25ms
[2024-12-16T09:26:51.144+0100][gc,phases   ] GC(2)   Other: 0.18ms
[2024-12-16T09:26:51.144+0100][gc,heap     ] GC(2) Eden regions: 24->0(24)
[2024-12-16T09:26:51.144+0100][gc,heap     ] GC(2) Survivor regions: 1->1(4)
[2024-12-16T09:26:51.144+0100][gc,heap     ] GC(2) Old regions: 9->9
[2024-12-16T09:26:51.144+0100][gc,heap     ] GC(2) Humongous regions: 0->0
[2024-12-16T09:26:51.144+0100][gc,metaspace] GC(2) Metaspace: 18675K(18944K)->18675K(18944K) NonClass: 16886K(17024K)->16886K(17024K) Class: 1789K(1920K)->1789K(1920K)
[2024-12-16T09:26:51.144+0100][gc          ] GC(2) Pause Young (Normal) (G1 Evacuation Pause) 33M->9M(512M) 30.349ms
[2024-12-16T09:26:51.144+0100][gc,cpu      ] GC(2) User=0.01s Sys=0.02s Real=0.03s
[2024-12-17T10:38:57.531+0100][gc,start    ] GC(3) Pause Young (Normal) (G1 Evacuation Pause)
[2024-12-17T10:38:57.533+0100][gc,task     ] GC(3) Using 8 workers of 8 for evacuation
[2024-12-17T10:38:57.551+0100][gc,phases   ] GC(3)   Pre Evacuate Collection Set: 1.70ms
[2024-12-17T10:38:57.551+0100][gc,phases   ] GC(3)   Merge Heap Roots: 0.43ms
[2024-12-17T10:38:57.551+0100][gc,phases   ] GC(3)   Evacuate Collection Set: 13.78ms
[2024-12-17T10:38:57.551+0100][gc,phases   ] GC(3)   Post Evacuate Collection Set: 1.27ms
[2024-12-17T10:38:57.551+0100][gc,phases   ] GC(3)   Other: 0.95ms
[2024-12-17T10:38:57.551+0100][gc,heap     ] GC(3) Eden regions: 24->0(24)
[2024-12-17T10:38:57.551+0100][gc,heap     ] GC(3) Survivor regions: 1->1(4)
[2024-12-17T10:38:57.551+0100][gc,heap     ] GC(3) Old regions: 9->9
[2024-12-17T10:38:57.551+0100][gc,heap     ] GC(3) Humongous regions: 0->0
[2024-12-17T10:38:57.551+0100][gc,metaspace] GC(3) Metaspace: 18675K(18944K)->18675K(18944K) NonClass: 16886K(17024K)->16886K(17024K) Class: 1789K(1920K)->1789K(1920K)
[2024-12-17T10:38:57.551+0100][gc          ] GC(3) Pause Young (Normal) (G1 Evacuation Pause) 33M->9M(512M) 19.572ms
[2024-12-17T10:38:57.551+0100][gc,cpu      ] GC(3) User=0.00s Sys=0.02s Real=0.02s
[2024-12-18T10:14:25.741+0100][gc,start    ] GC(4) Pause Young (Normal) (G1 Evacuation Pause)
[2024-12-18T10:14:25.743+0100][gc,task     ] GC(4) Using 8 workers of 8 for evacuation
[2024-12-18T10:14:25.800+0100][gc,mmu      ] GC(4) MMU target violated: 21.0ms (20.0ms/21.0ms)
[2024-12-18T10:14:25.800+0100][gc,phases   ] GC(4)   Pre Evacuate Collection Set: 2.32ms
[2024-12-18T10:14:25.800+0100][gc,phases   ] GC(4)   Merge Heap Roots: 0.40ms
[2024-12-18T10:14:25.800+0100][gc,phases   ] GC(4)   Evacuate Collection Set: 51.43ms
[2024-12-18T10:14:25.800+0100][gc,phases   ] GC(4)   Post Evacuate Collection Set: 1.35ms
[2024-12-18T10:14:25.800+0100][gc,phases   ] GC(4)   Other: 1.58ms
[2024-12-18T10:14:25.800+0100][gc,heap     ] GC(4) Eden regions: 24->0(24)
[2024-12-18T10:14:25.800+0100][gc,heap     ] GC(4) Survivor regions: 1->1(4)
[2024-12-18T10:14:25.800+0100][gc,heap     ] GC(4) Old regions: 9->9
[2024-12-18T10:14:25.800+0100][gc,heap     ] GC(4) Humongous regions: 0->0
[2024-12-18T10:14:25.800+0100][gc,metaspace] GC(4) Metaspace: 18692K(18944K)->18692K(18944K) NonClass: 16903K(17024K)->16903K(17024K) Class: 1789K(1920K)->1789K(1920K)
[2024-12-18T10:14:25.800+0100][gc          ] GC(4) Pause Young (Normal) (G1 Evacuation Pause) 33M->9M(512M) 60.793ms
[2024-12-18T10:14:25.801+0100][gc,cpu      ] GC(4) User=0.02s Sys=0.03s Real=0.06s
[2024-12-19T13:23:14.018+0100][gc,start    ] GC(5) Pause Young (Normal) (G1 Evacuation Pause)
[2024-12-19T13:23:14.020+0100][gc,task     ] GC(5) Using 8 workers of 8 for evacuation
[2024-12-19T13:23:14.036+0100][gc,phases   ] GC(5)   Pre Evacuate Collection Set: 1.38ms
[2024-12-19T13:23:14.036+0100][gc,phases   ] GC(5)   Merge Heap Roots: 0.34ms
[2024-12-19T13:23:14.036+0100][gc,phases   ] GC(5)   Evacuate Collection Set: 12.25ms
[2024-12-19T13:23:14.036+0100][gc,phases   ] GC(5)   Post Evacuate Collection Set: 0.83ms
[2024-12-19T13:23:14.036+0100][gc,phases   ] GC(5)   Other: 0.87ms
[2024-12-19T13:23:14.036+0100][gc,heap     ] GC(5) Eden regions: 24->0(24)
[2024-12-19T13:23:14.036+0100][gc,heap     ] GC(5) Survivor regions: 1->1(4)
[2024-12-19T13:23:14.036+0100][gc,heap     ] GC(5) Old regions: 9->9
[2024-12-19T13:23:14.036+0100][gc,heap     ] GC(5) Humongous regions: 0->0
[2024-12-19T13:23:14.036+0100][gc,metaspace] GC(5) Metaspace: 18700K(18944K)->18700K(18944K) NonClass: 16911K(17024K)->16911K(17024K) Class: 1789K(1920K)->1789K(1920K)
[2024-12-19T13:23:14.036+0100][gc          ] GC(5) Pause Young (Normal) (G1 Evacuation Pause) 33M->9M(512M) 18.804ms
[2024-12-19T13:23:14.036+0100][gc,cpu      ] GC(5) User=0.01s Sys=0.02s Real=0.02s
[2024-12-20T11:33:58.848+0100][gc,heap,exit] Heap
[2024-12-20T11:33:58.853+0100][gc,heap,exit]  garbage-first heap   total reserved 524288K, committed 524288K, used 19866K [0x00000007e0000000, 0x0000000800000000)
[2024-12-20T11:33:58.853+0100][gc,heap,exit]   region size 1024K, 11 young (11264K), 1 survivors (1024K)
[2024-12-20T11:33:58.853+0100][gc,heap,exit]  Metaspace       used 18710K, committed 18944K, reserved 1114112K
[2024-12-20T11:33:58.853+0100][gc,heap,exit]   class space    used 1790K, committed 1920K, reserved 1048576K
