[2024-11-16T19:17:42.760+0100][gc,init] CardTable entry size: 512
[2024-11-16T19:17:42.760+0100][gc     ] Using G1
[2024-11-16T19:17:42.762+0100][gc,init] Version: 22.0.1+8 (release)
[2024-11-16T19:17:42.762+0100][gc,init] CPUs: 8 total, 8 available
[2024-11-16T19:17:42.762+0100][gc,init] Memory: 8192M
[2024-11-16T19:17:42.762+0100][gc,init] Large Page Support: Disabled
[2024-11-16T19:17:42.762+0100][gc,init] NUMA Support: Disabled
[2024-11-16T19:17:42.762+0100][gc,init] Compressed Oops: Enabled (Zero based)
[2024-11-16T19:17:42.762+0100][gc,init] Heap Region Size: 1M
[2024-11-16T19:17:42.762+0100][gc,init] Heap Min Capacity: 512M
[2024-11-16T19:17:42.762+0100][gc,init] Heap Initial Capacity: 512M
[2024-11-16T19:17:42.762+0100][gc,init] Heap Max Capacity: 512M
[2024-11-16T19:17:42.762+0100][gc,init] Pre-touch: Disabled
[2024-11-16T19:17:42.762+0100][gc,init] Parallel Workers: 8
[2024-11-16T19:17:42.762+0100][gc,init] Concurrent Workers: 2
[2024-11-16T19:17:42.762+0100][gc,init] Concurrent Refinement Workers: 8
[2024-11-16T19:17:42.762+0100][gc,init] Periodic GC: Disabled
[2024-11-16T19:17:42.762+0100][gc,metaspace] CDS archive(s) not mapped
[2024-11-16T19:17:42.762+0100][gc,metaspace] Compressed class space mapped at: 0x0000000165000000-0x00000001a5000000, reserved size: 1073741824
[2024-11-16T19:17:42.762+0100][gc,metaspace] Narrow klass base: 0x0000000000000000, Narrow klass shift: 3, Narrow klass range: 0x1a5000000
[2024-11-16T19:17:43.936+0100][gc,start    ] GC(0) Pause Young (Normal) (G1 Evacuation Pause)
[2024-11-16T19:17:43.936+0100][gc,task     ] GC(0) Using 8 workers of 8 for evacuation
[2024-11-16T19:17:43.955+0100][gc,phases   ] GC(0)   Pre Evacuate Collection Set: 0,46ms
[2024-11-16T19:17:43.955+0100][gc,phases   ] GC(0)   Merge Heap Roots: 0,05ms
[2024-11-16T19:17:43.955+0100][gc,phases   ] GC(0)   Evacuate Collection Set: 16,80ms
[2024-11-16T19:17:43.955+0100][gc,phases   ] GC(0)   Post Evacuate Collection Set: 0,68ms
[2024-11-16T19:17:43.955+0100][gc,phases   ] GC(0)   Other: 0,53ms
[2024-11-16T19:17:43.955+0100][gc,heap     ] GC(0) Eden regions: 25->0(21)
[2024-11-16T19:17:43.955+0100][gc,heap     ] GC(0) Survivor regions: 0->4(4)
[2024-11-16T19:17:43.955+0100][gc,heap     ] GC(0) Old regions: 0->5
[2024-11-16T19:17:43.955+0100][gc,heap     ] GC(0) Humongous regions: 0->0
[2024-11-16T19:17:43.955+0100][gc,metaspace] GC(0) Metaspace: 16696K(16896K)->16696K(16896K) NonClass: 15073K(15168K)->15073K(15168K) Class: 1623K(1728K)->1623K(1728K)
[2024-11-16T19:17:43.955+0100][gc          ] GC(0) Pause Young (Normal) (G1 Evacuation Pause) 25M->8M(512M) 18,934ms
[2024-11-16T19:17:43.955+0100][gc,cpu      ] GC(0) User=0,02s Sys=0,01s Real=0,02s
[2024-11-17T00:58:12.881+0100][gc,start    ] GC(1) Pause Young (Normal) (G1 Evacuation Pause)
[2024-11-17T00:58:12.883+0100][gc,task     ] GC(1) Using 8 workers of 8 for evacuation
[2024-11-17T00:58:13.022+0100][gc,mmu      ] GC(1) MMU target violated: 21,0ms (20,0ms/21,0ms)
[2024-11-17T00:58:13.022+0100][gc,phases   ] GC(1)   Pre Evacuate Collection Set: 11,66ms
[2024-11-17T00:58:13.022+0100][gc,phases   ] GC(1)   Merge Heap Roots: 1,00ms
[2024-11-17T00:58:13.022+0100][gc,phases   ] GC(1)   Evacuate Collection Set: 124,08ms
[2024-11-17T00:58:13.022+0100][gc,phases   ] GC(1)   Post Evacuate Collection Set: 1,33ms
[2024-11-17T00:58:13.022+0100][gc,phases   ] GC(1)   Other: 1,46ms
[2024-11-17T00:58:13.022+0100][gc,heap     ] GC(1) Eden regions: 21->0(24)
[2024-11-17T00:58:13.022+0100][gc,heap     ] GC(1) Survivor regions: 4->1(4)
[2024-11-17T00:58:13.022+0100][gc,heap     ] GC(1) Old regions: 5->9
[2024-11-17T00:58:13.022+0100][gc,heap     ] GC(1) Humongous regions: 0->0
[2024-11-17T00:58:13.022+0100][gc,metaspace] GC(1) Metaspace: 18642K(18880K)->18642K(18880K) NonClass: 16852K(16960K)->16852K(16960K) Class: 1789K(1920K)->1789K(1920K)
[2024-11-17T00:58:13.022+0100][gc          ] GC(1) Pause Young (Normal) (G1 Evacuation Pause) 29M->9M(512M) 141,201ms
[2024-11-17T00:58:13.022+0100][gc,cpu      ] GC(1) User=0,02s Sys=0,08s Real=0,14s
[2024-11-17T16:39:36.193+0100][gc,heap,exit] Heap
[2024-11-17T16:39:36.193+0100][gc,heap,exit]  garbage-first heap   total reserved 524288K, committed 524288K, used 20192K [0x00000007e0000000, 0x0000000800000000)
[2024-11-17T16:39:36.193+0100][gc,heap,exit]   region size 1024K, 12 young (12288K), 1 survivors (1024K)
[2024-11-17T16:39:36.193+0100][gc,heap,exit]  Metaspace       used 18681K, committed 18944K, reserved 1114112K
[2024-11-17T16:39:36.193+0100][gc,heap,exit]   class space    used 1791K, committed 1920K, reserved 1048576K
